Archive member included to satisfy reference by file (symbol)

c:/st/stm32cubeide_1.8.0/stm32cubeide/plugins/com.st.stm32cube.ide.mcu.externaltools.gnu-tools-for-stm32.9-2020-q2-update.win32_2.0.0.202105311346/tools/bin/../lib/gcc/arm-none-eabi/9.3.1/../../../../arm-none-eabi/lib/thumb/v7e-m+fp/hard\libc_nano.a(lib_a-errno.o)
                              ./Core/Src/syscalls.o (__errno)
c:/st/stm32cubeide_1.8.0/stm32cubeide/plugins/com.st.stm32cube.ide.mcu.externaltools.gnu-tools-for-stm32.9-2020-q2-update.win32_2.0.0.202105311346/tools/bin/../lib/gcc/arm-none-eabi/9.3.1/../../../../arm-none-eabi/lib/thumb/v7e-m+fp/hard\libc_nano.a(lib_a-exit.o)
                              c:/st/stm32cubeide_1.8.0/stm32cubeide/plugins/com.st.stm32cube.ide.mcu.externaltools.gnu-tools-for-stm32.9-2020-q2-update.win32_2.0.0.202105311346/tools/bin/../lib/gcc/arm-none-eabi/9.3.1/../../../../arm-none-eabi/lib/thumb/v7e-m+fp/hard/crt0.o (exit)
c:/st/stm32cubeide_1.8.0/stm32cubeide/plugins/com.st.stm32cube.ide.mcu.externaltools.gnu-tools-for-stm32.9-2020-q2-update.win32_2.0.0.202105311346/tools/bin/../lib/gcc/arm-none-eabi/9.3.1/../../../../arm-none-eabi/lib/thumb/v7e-m+fp/hard\libc_nano.a(lib_a-impure.o)
                              c:/st/stm32cubeide_1.8.0/stm32cubeide/plugins/com.st.stm32cube.ide.mcu.externaltools.gnu-tools-for-stm32.9-2020-q2-update.win32_2.0.0.202105311346/tools/bin/../lib/gcc/arm-none-eabi/9.3.1/../../../../arm-none-eabi/lib/thumb/v7e-m+fp/hard\libc_nano.a(lib_a-exit.o) (_global_impure_ptr)
c:/st/stm32cubeide_1.8.0/stm32cubeide/plugins/com.st.stm32cube.ide.mcu.externaltools.gnu-tools-for-stm32.9-2020-q2-update.win32_2.0.0.202105311346/tools/bin/../lib/gcc/arm-none-eabi/9.3.1/../../../../arm-none-eabi/lib/thumb/v7e-m+fp/hard\libc_nano.a(lib_a-init.o)
                              c:/st/stm32cubeide_1.8.0/stm32cubeide/plugins/com.st.stm32cube.ide.mcu.externaltools.gnu-tools-for-stm32.9-2020-q2-update.win32_2.0.0.202105311346/tools/bin/../lib/gcc/arm-none-eabi/9.3.1/../../../../arm-none-eabi/lib/thumb/v7e-m+fp/hard/crt0.o (__libc_init_array)
c:/st/stm32cubeide_1.8.0/stm32cubeide/plugins/com.st.stm32cube.ide.mcu.externaltools.gnu-tools-for-stm32.9-2020-q2-update.win32_2.0.0.202105311346/tools/bin/../lib/gcc/arm-none-eabi/9.3.1/../../../../arm-none-eabi/lib/thumb/v7e-m+fp/hard\libc_nano.a(lib_a-memcmp.o)
                              ./Core/Src/option.o (memcmp)
c:/st/stm32cubeide_1.8.0/stm32cubeide/plugins/com.st.stm32cube.ide.mcu.externaltools.gnu-tools-for-stm32.9-2020-q2-update.win32_2.0.0.202105311346/tools/bin/../lib/gcc/arm-none-eabi/9.3.1/../../../../arm-none-eabi/lib/thumb/v7e-m+fp/hard\libc_nano.a(lib_a-memset.o)
                              c:/st/stm32cubeide_1.8.0/stm32cubeide/plugins/com.st.stm32cube.ide.mcu.externaltools.gnu-tools-for-stm32.9-2020-q2-update.win32_2.0.0.202105311346/tools/bin/../lib/gcc/arm-none-eabi/9.3.1/../../../../arm-none-eabi/lib/thumb/v7e-m+fp/hard/crt0.o (memset)
c:/st/stm32cubeide_1.8.0/stm32cubeide/plugins/com.st.stm32cube.ide.mcu.externaltools.gnu-tools-for-stm32.9-2020-q2-update.win32_2.0.0.202105311346/tools/bin/../lib/gcc/arm-none-eabi/9.3.1/../../../../arm-none-eabi/lib/thumb/v7e-m+fp/hard\libc_nano.a(lib_a-nano-vfprintf_float.o)
                              (_printf_float)
c:/st/stm32cubeide_1.8.0/stm32cubeide/plugins/com.st.stm32cube.ide.mcu.externaltools.gnu-tools-for-stm32.9-2020-q2-update.win32_2.0.0.202105311346/tools/bin/../lib/gcc/arm-none-eabi/9.3.1/../../../../arm-none-eabi/lib/thumb/v7e-m+fp/hard\libc_nano.a(lib_a-nano-vfprintf_i.o)
                              c:/st/stm32cubeide_1.8.0/stm32cubeide/plugins/com.st.stm32cube.ide.mcu.externaltools.gnu-tools-for-stm32.9-2020-q2-update.win32_2.0.0.202105311346/tools/bin/../lib/gcc/arm-none-eabi/9.3.1/../../../../arm-none-eabi/lib/thumb/v7e-m+fp/hard\libc_nano.a(lib_a-nano-vfprintf_float.o) (_printf_common)
c:/st/stm32cubeide_1.8.0/stm32cubeide/plugins/com.st.stm32cube.ide.mcu.externaltools.gnu-tools-for-stm32.9-2020-q2-update.win32_2.0.0.202105311346/tools/bin/../lib/gcc/arm-none-eabi/9.3.1/../../../../arm-none-eabi/lib/thumb/v7e-m+fp/hard\libc_nano.a(lib_a-nano-vfscanf_float.o)
                              (_scanf_float)
c:/st/stm32cubeide_1.8.0/stm32cubeide/plugins/com.st.stm32cube.ide.mcu.externaltools.gnu-tools-for-stm32.9-2020-q2-update.win32_2.0.0.202105311346/tools/bin/../lib/gcc/arm-none-eabi/9.3.1/../../../../arm-none-eabi/lib/thumb/v7e-m+fp/hard\libc_nano.a(lib_a-sf_nan.o)
                              c:/st/stm32cubeide_1.8.0/stm32cubeide/plugins/com.st.stm32cube.ide.mcu.externaltools.gnu-tools-for-stm32.9-2020-q2-update.win32_2.0.0.202105311346/tools/bin/../lib/gcc/arm-none-eabi/9.3.1/../../../../arm-none-eabi/lib/thumb/v7e-m+fp/hard\libc_nano.a(lib_a-nano-vfscanf_float.o) (nanf)
[...]
Memory Configuration

Name             Origin             Length             Attributes
RAM              0x0000000020000000 0x0000000000020000 xrw
FLASH            0x0000000008000000 0x0000000000020000 xr
*default*        0x0000000000000000 0xffffffffffffffff

Linker script and memory map

LOAD c:/st/stm32cubeide_1.8.0/stm32cubeide/plugins/com.st.stm32cube.ide.mcu.externaltools.gnu-tools-for-stm32.9-2020-q2-update.win32_2.0.0.202105311346/tools/bin/../lib/gcc/arm-none-eabi/9.3.1/thumb/v7e-m+fp/hard/crti.o
LOAD c:/st/stm32cubeide_1.8.0/stm32cubeide/plugins/com.st.stm32cube.ide.mcu.externaltools.gnu-tools-for-stm32.9-2020-q2-update.win32_2.0.0.202105311346/tools/bin/../lib/gcc/arm-none-eabi/9.3.1/thumb/v7e-m+fp/hard/crtbegin.o
LOAD c:/st/stm32cubeide_1.8.0/stm32cubeide/plugins/com.st.stm32cube.ide.mcu.externaltools.gnu-tools-for-stm32.9-2020-q2-update.win32_2.0.0.202105311346/tools/bin/../lib/gcc/arm-none-eabi/9.3.1/../../../../arm-none-eabi/lib/thumb/v7e-m+fp/hard/crt0.o
LOAD ./Core/Src/IHMctrl.o
LOAD ./Core/Src/VCNL3040.o
LOAD ./Core/Src/VCNL40x0.o
LOAD ./Core/Src/com.o
LOAD ./Core/Src/dma.o
LOAD ./Core/Src/feeder.o
LOAD ./Core/Src/gpio.o
LOAD ./Core/Src/hardControl.o
LOAD ./Core/Src/i2c.o
LOAD ./Core/Src/ioext.o
LOAD ./Core/Src/main.o
LOAD ./Core/Src/motor.o
LOAD ./Core/Src/option.o
LOAD ./Core/Src/spi.o
LOAD ./Core/Src/stm32g4xx_hal_msp.o
LOAD ./Core/Src/stm32g4xx_it.o
LOAD ./Core/Src/syscalls.o
LOAD ./Core/Src/sysmem.o
LOAD ./Core/Src/system_stm32g4xx.o
LOAD ./Core/Src/tim.o
LOAD ./Core/Src/usart.o
LOAD ./Core/Startup/startup_stm32g474rbtx.o
LOAD ./Drivers/STM32G4xx_HAL_Driver/Src/stm32g4xx_hal.o
LOAD ./Drivers/STM32G4xx_HAL_Driver/Src/stm32g4xx_hal_cortex.o
LOAD ./Drivers/STM32G4xx_HAL_Driver/Src/stm32g4xx_hal_dma.o
LOAD ./Drivers/STM32G4xx_HAL_Driver/Src/stm32g4xx_hal_dma_ex.o
LOAD ./Drivers/STM32G4xx_HAL_Driver/Src/stm32g4xx_hal_exti.o
LOAD ./Drivers/STM32G4xx_HAL_Driver/Src/stm32g4xx_hal_flash.o
LOAD ./Drivers/STM32G4xx_HAL_Driver/Src/stm32g4xx_hal_flash_ex.o
LOAD ./Drivers/STM32G4xx_HAL_Driver/Src/stm32g4xx_hal_flash_ramfunc.o
LOAD ./Drivers/STM32G4xx_HAL_Driver/Src/stm32g4xx_hal_gpio.o
LOAD ./Drivers/STM32G4xx_HAL_Driver/Src/stm32g4xx_hal_pwr.o
LOAD ./Drivers/STM32G4xx_HAL_Driver/Src/stm32g4xx_hal_pwr_ex.o
LOAD ./Drivers/STM32G4xx_HAL_Driver/Src/stm32g4xx_hal_rcc.o
LOAD ./Drivers/STM32G4xx_HAL_Driver/Src/stm32g4xx_hal_rcc_ex.o
LOAD ./Drivers/STM32G4xx_HAL_Driver/Src/stm32g4xx_hal_tim.o
LOAD ./Drivers/STM32G4xx_HAL_Driver/Src/stm32g4xx_hal_tim_ex.o
LOAD ./Drivers/STM32G4xx_HAL_Driver/Src/stm32g4xx_ll_dma.o
LOAD ./Drivers/STM32G4xx_HAL_Driver/Src/stm32g4xx_ll_exti.o
LOAD ./Drivers/STM32G4xx_HAL_Driver/Src/stm32g4xx_ll_gpio.o
LOAD ./Drivers/STM32G4xx_HAL_Driver/Src/stm32g4xx_ll_i2c.o
LOAD ./Drivers/STM32G4xx_HAL_Driver/Src/stm32g4xx_ll_rcc.o
LOAD ./Drivers/STM32G4xx_HAL_Driver/Src/stm32g4xx_ll_spi.o
LOAD ./Drivers/STM32G4xx_HAL_Driver/Src/stm32g4xx_ll_tim.o
LOAD ./Drivers/STM32G4xx_HAL_Driver/Src/stm32g4xx_ll_usart.o
LOAD ./Drivers/STM32G4xx_HAL_Driver/Src/stm32g4xx_ll_utils.o
START GROUP
LOAD c:/st/stm32cubeide_1.8.0/stm32cubeide/plugins/com.st.stm32cube.ide.mcu.externaltools.gnu-tools-for-stm32.9-2020-q2-update.win32_2.0.0.202105311346/tools/bin/../lib/gcc/arm-none-eabi/9.3.1/../../../../arm-none-eabi/lib/thumb/v7e-m+fp/hard\libc_nano.a
LOAD c:/st/stm32cubeide_1.8.0/stm32cubeide/plugins/com.st.stm32cube.ide.mcu.externaltools.gnu-tools-for-stm32.9-2020-q2-update.win32_2.0.0.202105311346/tools/bin/../lib/gcc/arm-none-eabi/9.3.1/../../../../arm-none-eabi/lib/thumb/v7e-m+fp/hard\libm.a
END GROUP
START GROUP
LOAD c:/st/stm32cubeide_1.8.0/stm32cubeide/plugins/com.st.stm32cube.ide.mcu.externaltools.gnu-tools-for-stm32.9-2020-q2-update.win32_2.0.0.202105311346/tools/bin/../lib/gcc/arm-none-eabi/9.3.1/thumb/v7e-m+fp/hard\libgcc.a
LOAD c:/st/stm32cubeide_1.8.0/stm32cubeide/plugins/com.st.stm32cube.ide.mcu.externaltools.gnu-tools-for-stm32.9-2020-q2-update.win32_2.0.0.202105311346/tools/bin/../lib/gcc/arm-none-eabi/9.3.1/../../../../arm-none-eabi/lib/thumb/v7e-m+fp/hard\libc_nano.a
END GROUP
START GROUP
LOAD c:/st/stm32cubeide_1.8.0/stm32cubeide/plugins/com.st.stm32cube.ide.mcu.externaltools.gnu-tools-for-stm32.9-2020-q2-update.win32_2.0.0.202105311346/tools/bin/../lib/gcc/arm-none-eabi/9.3.1/thumb/v7e-m+fp/hard\libgcc.a
LOAD c:/st/stm32cubeide_1.8.0/stm32cubeide/plugins/com.st.stm32cube.ide.mcu.externaltools.gnu-tools-for-stm32.9-2020-q2-update.win32_2.0.0.202105311346/tools/bin/../lib/gcc/arm-none-eabi/9.3.1/../../../../arm-none-eabi/lib/thumb/v7e-m+fp/hard\libc_nano.a
LOAD c:/st/stm32cubeide_1.8.0/stm32cubeide/plugins/com.st.stm32cube.ide.mcu.externaltools.gnu-tools-for-stm32.9-2020-q2-update.win32_2.0.0.202105311346/tools/bin/../lib/gcc/arm-none-eabi/9.3.1/../../../../arm-none-eabi/lib/thumb/v7e-m+fp/hard\libnosys.a
END GROUP
START GROUP
LOAD c:/st/stm32cubeide_1.8.0/stm32cubeide/plugins/com.st.stm32cube.ide.mcu.externaltools.gnu-tools-for-stm32.9-2020-q2-update.win32_2.0.0.202105311346/tools/bin/../lib/gcc/arm-none-eabi/9.3.1/thumb/v7e-m+fp/hard\libgcc.a
LOAD c:/st/stm32cubeide_1.8.0/stm32cubeide/plugins/com.st.stm32cube.ide.mcu.externaltools.gnu-tools-for-stm32.9-2020-q2-update.win32_2.0.0.202105311346/tools/bin/../lib/gcc/arm-none-eabi/9.3.1/../../../../arm-none-eabi/lib/thumb/v7e-m+fp/hard\libc_nano.a
LOAD c:/st/stm32cubeide_1.8.0/stm32cubeide/plugins/com.st.stm32cube.ide.mcu.externaltools.gnu-tools-for-stm32.9-2020-q2-update.win32_2.0.0.202105311346/tools/bin/../lib/gcc/arm-none-eabi/9.3.1/../../../../arm-none-eabi/lib/thumb/v7e-m+fp/hard\libnosys.a
END GROUP
LOAD c:/st/stm32cubeide_1.8.0/stm32cubeide/plugins/com.st.stm32cube.ide.mcu.externaltools.gnu-tools-for-stm32.9-2020-q2-update.win32_2.0.0.202105311346/tools/bin/../lib/gcc/arm-none-eabi/9.3.1/thumb/v7e-m+fp/hard/crtend.o
LOAD c:/st/stm32cubeide_1.8.0/stm32cubeide/plugins/com.st.stm32cube.ide.mcu.externaltools.gnu-tools-for-stm32.9-2020-q2-update.win32_2.0.0.202105311346/tools/bin/../lib/gcc/arm-none-eabi/9.3.1/thumb/v7e-m+fp/hard/crtn.o
                0x0000000020020000                _estack = (ORIGIN (RAM) + LENGTH (RAM))
                0x0000000000000200                _Min_Heap_Size = 0x200
                0x0000000000000400                _Min_Stack_Size = 0x400

.isr_vector     0x0000000008000000      0x1d8
                0x0000000008000000                . = ALIGN (0x4)
 *(.isr_vector)
 .isr_vector    0x0000000008000000      0x1d8 ./Core/Startup/startup_stm32g474rbtx.o
                0x0000000008000000                g_pfnVectors
                0x00000000080001d8                . = ALIGN (0x4)

.text           0x00000000080001e0     0xea90
                0x00000000080001e0                . = ALIGN (0x4)
 *(.text)
 .text          0x00000000080001e0       0x40 c:/st/stm32cubeide_1.8.0/stm32cubeide/plugins/com.st.stm32cube.ide.mcu.externaltools.gnu-tools-for-stm32.9-2020-q2-update.win32_2.0.0.202105311346/tools/bin/../lib/gcc/arm-none-eabi/9.3.1/thumb/v7e-m+fp/hard/crtbegin.o
 .text          0x0000000008000220       0x10 c:/st/stm32cubeide_1.8.0/stm32cubeide/plugins/com.st.stm32cube.ide.mcu.externaltools.gnu-tools-for-stm32.9-2020-q2-update.win32_2.0.0.202105311346/tools/bin/../lib/gcc/arm-none-eabi/9.3.1/../../../../arm-none-eabi/lib/thumb/v7e-m+fp/hard\libc_nano.a(lib_a-strlen.o)
                0x0000000008000220                strlen
 .text          0x0000000008000230       0xa0 c:/st/stm32cubeide_1.8.0/stm32cubeide/plugins/com.st.stm32cube.ide.mcu.externaltools.gnu-tools-for-stm32.9-2020-q2-update.win32_2.0.0.202105311346/tools/bin/../lib/gcc/arm-none-eabi/9.3.1/../../../../arm-none-eabi/lib/thumb/v7e-m+fp/hard\libc_nano.a(lib_a-memchr.o)
                0x0000000008000230                memchr
 .text          0x00000000080002d0      0x378 c:/st/stm32cubeide_1.8.0/stm32cubeide/plugins/com.st.stm32cube.ide.mcu.externaltools.gnu-tools-for-stm32.9-2020-q2-update.win32_2.0.0.202105311346/tools/bin/../lib/gcc/arm-none-eabi/9.3.1/thumb/v7e-m+fp/hard\libgcc.a(_arm_addsubdf3.o)
                0x00000000080002d0                __aeabi_drsub
                0x00000000080002d8                __aeabi_dsub
                0x00000000080002d8                __subdf3
                0x00000000080002dc                __aeabi_dadd
                0x00000000080002dc                __adddf3
                0x0000000008000554                __floatunsidf
                0x0000000008000554                __aeabi_ui2d
                0x0000000008000574                __floatsidf
                0x0000000008000574                __aeabi_i2d
                0x0000000008000598                __aeabi_f2d
                0x0000000008000598                __extendsfdf2
                0x00000000080005dc                __floatundidf
                0x00000000080005dc                __aeabi_ul2d
                0x00000000080005ec                __floatdidf
                0x00000000080005ec                __aeabi_l2d
 .text          0x0000000008000648      0x424 c:/st/stm32cubeide_1.8.0/stm32cubeide/plugins/com.st.stm32cube.ide.mcu.externaltools.gnu-tools-for-stm32.9-2020-q2-update.win32_2.0.0.202105311346/tools/bin/../lib/gcc/arm-none-eabi/9.3.1/thumb/v7e-m+fp/hard\libgcc.a(_arm_muldivdf3.o)
                0x0000000008000648                __aeabi_dmul
                0x0000000008000648                __muldf3
                0x000000000800089c                __divdf3
                0x000000000800089c                __aeabi_ddiv
 .text          0x0000000008000a6c      0x110 c:/st/stm32cubeide_1.8.0/stm32cubeide/plugins/com.st.stm32cube.ide.mcu.externaltools.gnu-tools-for-stm32.9-2020-q2-update.win32_2.0.0.202105311346/tools/bin/../lib/gcc/arm-none-eabi/9.3.1/thumb/v7e-m+fp/hard\libgcc.a(_arm_cmpdf2.o)
                0x0000000008000a6c                __gtdf2
                0x0000000008000a6c                __gedf2
                0x0000000008000a74                __ltdf2
                0x0000000008000a74                __ledf2
                0x0000000008000a7c                __nedf2
                0x0000000008000a7c                __eqdf2
                0x0000000008000a7c                __cmpdf2
                0x0000000008000af8                __aeabi_cdrcmple
                0x0000000008000b08                __aeabi_cdcmpeq
                0x0000000008000b08                __aeabi_cdcmple
                0x0000000008000b18                __aeabi_dcmpeq
                0x0000000008000b2c                __aeabi_dcmplt
                0x0000000008000b40                __aeabi_dcmple
                0x0000000008000b54                __aeabi_dcmpge
                0x0000000008000b68                __aeabi_dcmpgt
 .text          0x0000000008000b7c       0x2c c:/st/stm32cubeide_1.8.0/stm32cubeide/plugins/com.st.stm32cube.ide.mcu.externaltools.gnu-tools-for-stm32.9-2020-q2-update.win32_2.0.0.202105311346/tools/bin/../lib/gcc/arm-none-eabi/9.3.1/thumb/v7e-m+fp/hard\libgcc.a(_arm_unorddf2.o)
                0x0000000008000b7c                __unorddf2
                0x0000000008000b7c                __aeabi_dcmpun
 .text          0x0000000008000ba8       0x50 c:/st/stm32cubeide_1.8.0/stm32cubeide/plugins/com.st.stm32cube.ide.mcu.externaltools.gnu-tools-for-stm32.9-2020-q2-update.win32_2.0.0.202105311346/tools/bin/../lib/gcc/arm-none-eabi/9.3.1/thumb/v7e-m+fp/hard\libgcc.a(_arm_fixdfsi.o)
                0x0000000008000ba8                __aeabi_d2iz
                0x0000000008000ba8                __fixdfsi
 .text          0x0000000008000bf8       0x40 c:/st/stm32cubeide_1.8.0/stm32cubeide/plugins/com.st.stm32cube.ide.mcu.externaltools.gnu-tools-for-stm32.9-2020-q2-update.win32_2.0.0.202105311346/tools/bin/../lib/gcc/arm-none-eabi/9.3.1/thumb/v7e-m+fp/hard\libgcc.a(_arm_fixunsdfsi.o)
                0x0000000008000bf8                __aeabi_d2uiz
                0x0000000008000bf8                __fixunsdfsi
 .text          0x0000000008000c38       0xa0 c:/st/stm32cubeide_1.8.0/stm32cubeide/plugins/com.st.stm32cube.ide.mcu.externaltools.gnu-tools-for-stm32.9-2020-q2-update.win32_2.0.0.202105311346/tools/bin/../lib/gcc/arm-none-eabi/9.3.1/thumb/v7e-m+fp/hard\libgcc.a(_arm_truncdfsf2.o)
                0x0000000008000c38                __truncdfsf2
                0x0000000008000c38                __aeabi_d2f
 .text          0x0000000008000cd8       0x30 c:/st/stm32cubeide_1.8.0/stm32cubeide/plugins/com.st.stm32cube.ide.mcu.externaltools.gnu-tools-for-stm32.9-2020-q2-update.win32_2.0.0.202105311346/tools/bin/../lib/gcc/arm-none-eabi/9.3.1/thumb/v7e-m+fp/hard\libgcc.a(_fixdfdi.o)
                0x0000000008000cd8                __fixdfdi
                0x0000000008000cd8                __aeabi_d2lz
 .text          0x0000000008000d08       0x3c c:/st/stm32cubeide_1.8.0/stm32cubeide/plugins/com.st.stm32cube.ide.mcu.externaltools.gnu-tools-for-stm32.9-2020-q2-update.win32_2.0.0.202105311346/tools/bin/../lib/gcc/arm-none-eabi/9.3.1/thumb/v7e-m+fp/hard\libgcc.a(_fixunsdfdi.o)
                0x0000000008000d08                __fixunsdfdi
                0x0000000008000d08                __aeabi_d2ulz
 *(.text*)
 .text.axisIsEna
                0x0000000008000d44       0x2c ./Core/Src/IHMctrl.o
                0x0000000008000d44                axisIsEna
 .text.IHMctrlInit
                0x0000000008000d70       0xbc ./Core/Src/IHMctrl.o
                0x0000000008000d70                IHMctrlInit
 .text.getFloatAxisVal
                0x0000000008000e2c       0xbc ./Core/Src/IHMctrl.o
                0x0000000008000e2c                getFloatAxisVal
 .text.sendPos  0x0000000008000ee8       0x7c ./Core/Src/IHMctrl.o
                0x0000000008000ee8                sendPos
 .text.setZHeasRefCommad
                0x0000000008000f64       0x4c ./Core/Src/IHMctrl.o
                0x0000000008000f64                setZHeasRefCommad
 .text.setScanRefCommad
                0x0000000008000fb0       0x4c ./Core/Src/IHMctrl.o
                0x0000000008000fb0                setScanRefCommad
 .text.setBoardRefCommad
                0x0000000008000ffc       0x4c ./Core/Src/IHMctrl.o
                0x0000000008000ffc                setBoardRefCommad
 .text.setSpeedCommand
                0x0000000008001048       0x4c ./Core/Src/IHMctrl.o
                0x0000000008001048                setSpeedCommand
 .text.setAccelCommand
                0x0000000008001094       0x4c ./Core/Src/IHMctrl.o
                0x0000000008001094                setAccelCommand
 .text.setStepConfCommand
                0x00000000080010e0       0x4c ./Core/Src/IHMctrl.o
                0x00000000080010e0                setStepConfCommand
 .text.homeCommand
                0x000000000800112c       0xa8 ./Core/Src/IHMctrl.o
                0x000000000800112c                homeCommand
 .text.moveCommand
                0x00000000080011d4       0x84 ./Core/Src/IHMctrl.o
                0x00000000080011d4                moveCommand
 .text.readAccel
                0x0000000008001258       0x8c ./Core/Src/IHMctrl.o
                0x0000000008001258                readAccel
 .text.readStepConf
                0x00000000080012e4       0x8c ./Core/Src/IHMctrl.o
                0x00000000080012e4                readStepConf
 .text.readSpeed
                0x0000000008001370       0x8c ./Core/Src/IHMctrl.o
                0x0000000008001370                readSpeed
 .text.readScanRef
                0x00000000080013fc       0x7c ./Core/Src/IHMctrl.o
                0x00000000080013fc                readScanRef
 .text.readBoardRef
                0x0000000008001478       0x7c ./Core/Src/IHMctrl.o
                0x0000000008001478                readBoardRef
 .text.readZHeadOff
                0x00000000080014f4       0x40 ./Core/Src/IHMctrl.o
                0x00000000080014f4                readZHeadOff
 .text.sendFeederList
                0x0000000008001534       0xbc ./Core/Src/IHMctrl.o
                0x0000000008001534                sendFeederList
 .text.getFeederParam
                0x00000000080015f0       0xe8 ./Core/Src/IHMctrl.o
                0x00000000080015f0                getFeederParam
 .text.setFeederParam
                0x00000000080016d8       0xac ./Core/Src/IHMctrl.o
                0x00000000080016d8                setFeederParam
 .text.flashSaveFeeder
                0x0000000008001784       0x3c ./Core/Src/IHMctrl.o
                0x0000000008001784                flashSaveFeeder
 .text.feederMove
                0x00000000080017c0       0x3c ./Core/Src/IHMctrl.o
                0x00000000080017c0                feederMove
 .text.readCommand
                0x00000000080017fc      0x19c ./Core/Src/IHMctrl.o
                0x00000000080017fc                readCommand
 .text.confCommand
                0x0000000008001998      0x1e8 ./Core/Src/IHMctrl.o
                0x0000000008001998                confCommand
 .text.Gcommand
                0x0000000008001b80       0xf0 ./Core/Src/IHMctrl.o
                0x0000000008001b80                Gcommand
 .text.feederCommand
                0x0000000008001c70       0x96 ./Core/Src/IHMctrl.o
                0x0000000008001c70                feederCommand
 *fill*         0x0000000008001d06        0x2 
 .text.specialCommandCommand
                0x0000000008001d08      0x1a4 ./Core/Src/IHMctrl.o
                0x0000000008001d08                specialCommandCommand
 .text.externalCom
                0x0000000008001eac       0x84 ./Core/Src/IHMctrl.o
                0x0000000008001eac                externalCom
 .text.homeFunction
                0x0000000008001f30      0x2b8 ./Core/Src/IHMctrl.o
                0x0000000008001f30                homeFunction
 .text.printStatus
                0x00000000080021e8       0x80 ./Core/Src/IHMctrl.o
                0x00000000080021e8                printStatus
 .text.appLoop  0x0000000008002268       0xd4 ./Core/Src/IHMctrl.o
                0x0000000008002268                appLoop
 .text.VCNL3040_Init
                0x000000000800233c       0x70 ./Core/Src/VCNL3040.o
                0x000000000800233c                VCNL3040_Init
 .text.VCNL3040_setIRDutyCycle
                0x00000000080023ac       0x54 ./Core/Src/VCNL3040.o
                0x00000000080023ac                VCNL3040_setIRDutyCycle
 .text.VCNL3040_setProxIntegrationTime
                0x0000000008002400       0x5c ./Core/Src/VCNL3040.o
                0x0000000008002400                VCNL3040_setProxIntegrationTime
 .text.VCNL3040_powerOnProximity
                0x000000000800245c       0x24 ./Core/Src/VCNL3040.o
                0x000000000800245c                VCNL3040_powerOnProximity
 .text.VCNL3040_setProxResolution
                0x0000000008002480       0x38 ./Core/Src/VCNL3040.o
                0x0000000008002480                VCNL3040_setProxResolution
 .text.VCNL3040_enableSmartPersistance
                0x00000000080024b8       0x24 ./Core/Src/VCNL3040.o
                0x00000000080024b8                VCNL3040_enableSmartPersistance
 .text.VCNL3040_setLEDCurrent
                0x00000000080024dc       0x80 ./Core/Src/VCNL3040.o
                0x00000000080024dc                VCNL3040_setLEDCurrent
 .text.VCNL3040_getProximity
                0x000000000800255c       0x1e ./Core/Src/VCNL3040.o
                0x000000000800255c                VCNL3040_getProximity
 .text.VCNL3040_getID
                0x000000000800257a       0x1e ./Core/Src/VCNL3040.o
                0x000000000800257a                VCNL3040_getID
 .text.VCNL3040_readCommand
                0x0000000008002598       0x4e ./Core/Src/VCNL3040.o
                0x0000000008002598                VCNL3040_readCommand
 .text.VCNL3040_writeCommand
                0x00000000080025e6       0x48 ./Core/Src/VCNL3040.o
                0x00000000080025e6                VCNL3040_writeCommand
 .text.VCNL3040_writeCommandLower
                0x000000000800262e       0x58 ./Core/Src/VCNL3040.o
                0x000000000800262e                VCNL3040_writeCommandLower
 .text.VCNL3040_writeCommandUpper
                0x0000000008002686       0x5c ./Core/Src/VCNL3040.o
                0x0000000008002686                VCNL3040_writeCommandUpper
 .text.VCNL3040_readCommandLower
                0x00000000080026e2       0x32 ./Core/Src/VCNL3040.o
                0x00000000080026e2                VCNL3040_readCommandLower
 .text.VCNL3040_readCommandUpper
                0x0000000008002714       0x36 ./Core/Src/VCNL3040.o
                0x0000000008002714                VCNL3040_readCommandUpper
 .text.VCNL3040_bitMask
                0x000000000800274a       0x92 ./Core/Src/VCNL3040.o
                0x000000000800274a                VCNL3040_bitMask
 .text.LL_DMA_EnableChannel
                0x00000000080027dc       0x44 ./Core/Src/com.o
 .text.LL_DMA_DisableChannel
                0x0000000008002820       0x44 ./Core/Src/com.o
 .text.LL_DMA_SetDataLength
                0x0000000008002864       0x4c ./Core/Src/com.o
 .text.LL_DMA_SetMemoryAddress
                0x00000000080028b0       0x34 ./Core/Src/com.o
 .text.LL_DMA_SetPeriphAddress
                0x00000000080028e4       0x34 ./Core/Src/com.o
 .text.LL_DMA_ClearFlag_TC1
                0x0000000008002918       0x1a ./Core/Src/com.o
 .text.LL_USART_IsActiveFlag_TC
                0x0000000008002932       0x26 ./Core/Src/com.o
 .text.LL_USART_EnableDMAReq_TX
                0x0000000008002958       0x46 ./Core/Src/com.o
 .text.rcClearBuffer
                0x000000000800299e       0x50 ./Core/Src/com.o
                0x000000000800299e                rcClearBuffer
 .text.rcInit   0x00000000080029ee       0x22 ./Core/Src/com.o
                0x00000000080029ee                rcInit
 .text.rcGetCommand
                0x0000000008002a10       0xdc ./Core/Src/com.o
                0x0000000008002a10                rcGetCommand
 .text.tcClearBuffer
                0x0000000008002aec       0x48 ./Core/Src/com.o
                0x0000000008002aec                tcClearBuffer
 .text.tcInit   0x0000000008002b34       0x2e ./Core/Src/com.o
                0x0000000008002b34                tcInit
 .text.tcDMAconfigure
                0x0000000008002b62       0x2a ./Core/Src/com.o
                0x0000000008002b62                tcDMAconfigure
 .text.tcDMASend
                0x0000000008002b8c       0x84 ./Core/Src/com.o
                0x0000000008002b8c                tcDMASend
 .text.tcDMASendStr
                0x0000000008002c10       0x5e ./Core/Src/com.o
                0x0000000008002c10                tcDMASendStr
 *fill*         0x0000000008002c6e        0x2 
 .text.__NVIC_GetPriorityGrouping
                0x0000000008002c70       0x1c ./Core/Src/dma.o
 .text.__NVIC_EnableIRQ
                0x0000000008002c8c       0x3c ./Core/Src/dma.o
 .text.__NVIC_SetPriority
                0x0000000008002cc8       0x54 ./Core/Src/dma.o
 .text.NVIC_EncodePriority
                0x0000000008002d1c       0x66 ./Core/Src/dma.o
 *fill*         0x0000000008002d82        0x2 
 .text.LL_AHB1_GRP1_EnableClock
                0x0000000008002d84       0x30 ./Core/Src/dma.o
 .text.MX_DMA_Init
                0x0000000008002db4       0x34 ./Core/Src/dma.o
                0x0000000008002db4                MX_DMA_Init
 .text.feederScan
                0x0000000008002de8       0x78 ./Core/Src/feeder.o
                0x0000000008002de8                feederScan
 .text.feederGetStatus
                0x0000000008002e60       0x30 ./Core/Src/feeder.o
                0x0000000008002e60                feederGetStatus
 .text.feederIsBusy
                0x0000000008002e90       0x2a ./Core/Src/feeder.o
                0x0000000008002e90                feederIsBusy
 *fill*         0x0000000008002eba        0x2 
 .text.feederFlashSave
                0x0000000008002ebc       0x54 ./Core/Src/feeder.o
                0x0000000008002ebc                feederFlashSave
 .text.feederSendStep
                0x0000000008002f10       0x54 ./Core/Src/feeder.o
                0x0000000008002f10                feederSendStep
 .text.feederGetName
                0x0000000008002f64       0x6c ./Core/Src/feeder.o
                0x0000000008002f64                feederGetName
 .text.feederSetName
                0x0000000008002fd0       0x48 ./Core/Src/feeder.o
                0x0000000008002fd0                feederSetName
 .text.feederGetPos
                0x0000000008003018       0x40 ./Core/Src/feeder.o
                0x0000000008003018                feederGetPos
 .text.feederSetPos
                0x0000000008003058       0x6c ./Core/Src/feeder.o
                0x0000000008003058                feederSetPos
 .text.feederSetStepSize
                0x00000000080030c4       0x2c ./Core/Src/feeder.o
                0x00000000080030c4                feederSetStepSize
 .text.feederGetStepSize
                0x00000000080030f0       0x2c ./Core/Src/feeder.o
                0x00000000080030f0                feederGetStepSize
 .text.feederSetCMPB
                0x000000000800311c       0x2c ./Core/Src/feeder.o
                0x000000000800311c                feederSetCMPB
 .text.feederGetCMPB
                0x0000000008003148       0x2c ./Core/Src/feeder.o
                0x0000000008003148                feederGetCMPB
 .text.MX_GPIO_Init
                0x0000000008003174      0x178 ./Core/Src/gpio.o
                0x0000000008003174                MX_GPIO_Init
 .text.LL_GPIO_SetOutputPin
                0x00000000080032ec       0x1c ./Core/Src/hardControl.o
 .text.LL_GPIO_ResetOutputPin
                0x0000000008003308       0x1c ./Core/Src/hardControl.o
 .text.homeXisOn
                0x0000000008003324       0x24 ./Core/Src/hardControl.o
 .text.homeYisOn
                0x0000000008003348       0x24 ./Core/Src/hardControl.o
 .text.homeZisOn
                0x000000000800336c       0x24 ./Core/Src/hardControl.o
 .text.homeTisOn
                0x0000000008003390       0x24 ./Core/Src/hardControl.o
 .text.hcInit   0x00000000080033b4       0x7c ./Core/Src/hardControl.o
                0x00000000080033b4                hcInit
 .text.hcSetZHeadOffset
                0x0000000008003430       0x20 ./Core/Src/hardControl.o
                0x0000000008003430                hcSetZHeadOffset
 .text.hcGetZHeadOffset
                0x0000000008003450       0x20 ./Core/Src/hardControl.o
                0x0000000008003450                hcGetZHeadOffset
 .text.hcFlashSave
                0x0000000008003470       0x16 ./Core/Src/hardControl.o
                0x0000000008003470                hcFlashSave
 *fill*         0x0000000008003486        0x2 
 .text.setDigitalOutput
                0x0000000008003488       0x8c ./Core/Src/hardControl.o
                0x0000000008003488                setDigitalOutput
 .text.resetDigitalOutput
                0x0000000008003514       0x90 ./Core/Src/hardControl.o
                0x0000000008003514                resetDigitalOutput
 .text.hcSetBoardPos
                0x00000000080035a4       0x48 ./Core/Src/hardControl.o
                0x00000000080035a4                hcSetBoardPos
 .text.hcGetBoardPos
                0x00000000080035ec       0x38 ./Core/Src/hardControl.o
                0x00000000080035ec                hcGetBoardPos
 .text.hcSetScanPos
                0x0000000008003624       0x48 ./Core/Src/hardControl.o
                0x0000000008003624                hcSetScanPos
 .text.hcGetScanPos
                0x000000000800366c       0x38 ./Core/Src/hardControl.o
                0x000000000800366c                hcGetScanPos
 .text.hcSetLinearSpeed
                0x00000000080036a4       0x78 ./Core/Src/hardControl.o
                0x00000000080036a4                hcSetLinearSpeed
 .text.hcSetRotationSpeed
                0x000000000800371c       0x38 ./Core/Src/hardControl.o
                0x000000000800371c                hcSetRotationSpeed
 .text.hcIsMoving
                0x0000000008003754       0x5c ./Core/Src/hardControl.o
                0x0000000008003754                hcIsMoving
 .text.hcGetPos
                0x00000000080037b0       0x5e ./Core/Src/hardControl.o
                0x00000000080037b0                hcGetPos
 *fill*         0x000000000800380e        0x2 
 .text.hcSetAccel
                0x0000000008003810       0xc0 ./Core/Src/hardControl.o
                0x0000000008003810                hcSetAccel
 .text.hcGetAccel
                0x00000000080038d0       0x58 ./Core/Src/hardControl.o
                0x00000000080038d0                hcGetAccel
 .text.hcSetSpeed
                0x0000000008003928       0xc0 ./Core/Src/hardControl.o
                0x0000000008003928                hcSetSpeed
 .text.hcGetSpeed
                0x00000000080039e8       0x58 ./Core/Src/hardControl.o
                0x00000000080039e8                hcGetSpeed
 .text.hcSetStepmm
                0x0000000008003a40       0xb0 ./Core/Src/hardControl.o
                0x0000000008003a40                hcSetStepmm
 .text.hcGetStepmm
                0x0000000008003af0       0x4a ./Core/Src/hardControl.o
                0x0000000008003af0                hcGetStepmm
 *fill*         0x0000000008003b3a        0x2 
 .text.hcMove   0x0000000008003b3c      0x44c ./Core/Src/hardControl.o
                0x0000000008003b3c                hcMove
 .text.hcStop   0x0000000008003f88       0x54 ./Core/Src/hardControl.o
                0x0000000008003f88                hcStop
 .text.LL_I2C_Enable
                0x0000000008003fdc       0x20 ./Core/Src/i2c.o
 .text.LL_I2C_Disable
                0x0000000008003ffc       0x20 ./Core/Src/i2c.o
 .text.LL_I2C_EnableClockStretching
                0x000000000800401c       0x20 ./Core/Src/i2c.o
 .text.LL_I2C_DisableGeneralCall
                0x000000000800403c       0x20 ./Core/Src/i2c.o
 .text.LL_I2C_SetOwnAddress2
                0x000000000800405c       0x30 ./Core/Src/i2c.o
 .text.LL_I2C_DisableOwnAddress2
                0x000000000800408c       0x20 ./Core/Src/i2c.o
 .text.LL_I2C_IsActiveFlag_TXE
                0x00000000080040ac       0x26 ./Core/Src/i2c.o
 .text.LL_I2C_IsActiveFlag_TXIS
                0x00000000080040d2       0x26 ./Core/Src/i2c.o
 .text.LL_I2C_IsActiveFlag_RXNE
                0x00000000080040f8       0x26 ./Core/Src/i2c.o
 .text.LL_I2C_IsActiveFlag_TC
                0x000000000800411e       0x26 ./Core/Src/i2c.o
 .text.LL_I2C_EnableAutoEndMode
                0x0000000008004144       0x20 ./Core/Src/i2c.o
 .text.LL_I2C_DisableAutoEndMode
                0x0000000008004164       0x20 ./Core/Src/i2c.o
 .text.LL_I2C_SetTransferSize
                0x0000000008004184       0x28 ./Core/Src/i2c.o
 .text.LL_I2C_GenerateStartCondition
                0x00000000080041ac       0x20 ./Core/Src/i2c.o
 .text.LL_I2C_GenerateStopCondition
                0x00000000080041cc       0x20 ./Core/Src/i2c.o
 .text.LL_I2C_SetTransferRequest
                0x00000000080041ec       0x26 ./Core/Src/i2c.o
 .text.LL_I2C_SetSlaveAddr
                0x0000000008004212       0x2a ./Core/Src/i2c.o
 .text.LL_I2C_ReceiveData8
                0x000000000800423c       0x1a ./Core/Src/i2c.o
 .text.LL_I2C_TransmitData8
                0x0000000008004256       0x1e ./Core/Src/i2c.o
 .text.LL_RCC_SetI2CClockSource
                0x0000000008004274       0x50 ./Core/Src/i2c.o
 .text.LL_AHB2_GRP1_EnableClock
                0x00000000080042c4       0x30 ./Core/Src/i2c.o
 .text.LL_APB1_GRP1_EnableClock
                0x00000000080042f4       0x30 ./Core/Src/i2c.o
 .text.I2CWriteWithoutStop
                0x0000000008004324       0xb4 ./Core/Src/i2c.o
                0x0000000008004324                I2CWriteWithoutStop
 .text.I2CWrite
                0x00000000080043d8       0x44 ./Core/Src/i2c.o
                0x00000000080043d8                I2CWrite
 .text.I2CRead  0x000000000800441c       0xd0 ./Core/Src/i2c.o
                0x000000000800441c                I2CRead
 .text.I2CReadF
                0x00000000080044ec       0x2c ./Core/Src/i2c.o
                0x00000000080044ec                I2CReadF
 .text.I2CWriteF
                0x0000000008004518       0x2e ./Core/Src/i2c.o
                0x0000000008004518                I2CWriteF
 *fill*         0x0000000008004546        0x2 
 .text.myI2Cinit
                0x0000000008004548       0x34 ./Core/Src/i2c.o
                0x0000000008004548                myI2Cinit
 .text.MX_I2C2_Init
                0x000000000800457c       0xec ./Core/Src/i2c.o
                0x000000000800457c                MX_I2C2_Init
 .text.MX_I2C3_Init
                0x0000000008004668       0xe8 ./Core/Src/i2c.o
                0x0000000008004668                MX_I2C3_Init
 .text.LL_SPI_TransmitData8
                0x0000000008004750       0x24 ./Core/Src/ioext.o
 .text.LL_GPIO_SetPinMode
                0x0000000008004774       0x7a ./Core/Src/ioext.o
 .text.LL_GPIO_SetOutputPin
                0x00000000080047ee       0x1c ./Core/Src/ioext.o
 .text.LL_GPIO_ResetOutputPin
                0x000000000800480a       0x1c ./Core/Src/ioext.o
 *fill*         0x0000000008004826        0x2 
 .text.updateIo
                0x0000000008004828       0xc4 ./Core/Src/ioext.o
                0x0000000008004828                updateIo
 .text.initExtIo
                0x00000000080048ec       0x3c ./Core/Src/ioext.o
                0x00000000080048ec                initExtIo
 .text.driverEnable
                0x0000000008004928       0xac ./Core/Src/ioext.o
                0x0000000008004928                driverEnable
 .text.driverDisable
                0x00000000080049d4       0xa4 ./Core/Src/ioext.o
                0x00000000080049d4                driverDisable
 .text.driverResetOff
                0x0000000008004a78       0xa4 ./Core/Src/ioext.o
                0x0000000008004a78                driverResetOff
 .text.setStepDiv
                0x0000000008004b1c       0x8c ./Core/Src/ioext.o
                0x0000000008004b1c                setStepDiv
 .text.driverDir
                0x0000000008004ba8       0xde ./Core/Src/ioext.o
                0x0000000008004ba8                driverDir
 *fill*         0x0000000008004c86        0x2 
 .text.setDecayMode
                0x0000000008004c88       0xa8 ./Core/Src/ioext.o
                0x0000000008004c88                setDecayMode
 .text.LL_RCC_HSI_Enable
                0x0000000008004d30       0x20 ./Core/Src/main.o
 .text.LL_RCC_HSI_IsReady
                0x0000000008004d50       0x28 ./Core/Src/main.o
 .text.LL_RCC_HSI_SetCalibTrimming
                0x0000000008004d78       0x2c ./Core/Src/main.o
 .text.LL_RCC_SetSysClkSource
                0x0000000008004da4       0x28 ./Core/Src/main.o
 .text.LL_RCC_GetSysClkSource
                0x0000000008004dcc       0x1c ./Core/Src/main.o
 .text.LL_RCC_SetAHBPrescaler
                0x0000000008004de8       0x28 ./Core/Src/main.o
 .text.LL_RCC_SetAPB1Prescaler
                0x0000000008004e10       0x28 ./Core/Src/main.o
 .text.LL_RCC_SetAPB2Prescaler
                0x0000000008004e38       0x28 ./Core/Src/main.o
 .text.LL_RCC_PLL_Enable
                0x0000000008004e60       0x20 ./Core/Src/main.o
 .text.LL_RCC_PLL_IsReady
                0x0000000008004e80       0x28 ./Core/Src/main.o
 .text.LL_RCC_PLL_ConfigDomain_SYS
                0x0000000008004ea8       0x40 ./Core/Src/main.o
 .text.LL_RCC_PLL_EnableDomain_SYS
                0x0000000008004ee8       0x20 ./Core/Src/main.o
 .text.LL_FLASH_SetLatency
                0x0000000008004f08       0x28 ./Core/Src/main.o
 .text.LL_FLASH_GetLatency
                0x0000000008004f30       0x1c ./Core/Src/main.o
 .text.LL_PWR_EnableRange1BoostMode
                0x0000000008004f4c       0x24 ./Core/Src/main.o
 .text.LL_GPIO_SetOutputPin
                0x0000000008004f70       0x1c ./Core/Src/main.o
 .text.main     0x0000000008004f8c       0x68 ./Core/Src/main.o
                0x0000000008004f8c                main
 .text.SystemClock_Config
                0x0000000008004ff4       0xc8 ./Core/Src/main.o
                0x0000000008004ff4                SystemClock_Config
 .text.Error_Handler
                0x00000000080050bc        0xe ./Core/Src/main.o
                0x00000000080050bc                Error_Handler
 *fill*         0x00000000080050ca        0x2 
 .text.PAPcomputeTIMvalue
                0x00000000080050cc       0x50 ./Core/Src/motor.o
                0x00000000080050cc                PAPcomputeTIMvalue
 .text.PAPinit  0x000000000800511c       0x80 ./Core/Src/motor.o
                0x000000000800511c                PAPinit
 .text.PAPaccelControl
                0x000000000800519c      0x120 ./Core/Src/motor.o
                0x000000000800519c                PAPaccelControl
 .text.PAPaccelRampCalc
                0x00000000080052bc       0x70 ./Core/Src/motor.o
                0x00000000080052bc                PAPaccelRampCalc
 .text.PAPsetDir
                0x000000000800532c       0x2c ./Core/Src/motor.o
                0x000000000800532c                PAPsetDir
 .text.PAPmoveRequest
                0x0000000008005358       0xf8 ./Core/Src/motor.o
                0x0000000008005358                PAPmoveRequest
 .text.LL_GPIO_SetOutputPin
                0x0000000008005450       0x1c ./Core/Src/option.o
 .text.LL_GPIO_ResetOutputPin
                0x000000000800546c       0x1c ./Core/Src/option.o
 .text.flashWriteQ31
                0x0000000008005488       0xa8 ./Core/Src/option.o
                0x0000000008005488                flashWriteQ31
 .text.chkSumCalc
                0x0000000008005530       0x40 ./Core/Src/option.o
                0x0000000008005530                chkSumCalc
 .text.optWriteFlash
                0x0000000008005570      0x1ac ./Core/Src/option.o
                0x0000000008005570                optWriteFlash
 .text.optWriteDefalut
                0x000000000800571c       0xcc ./Core/Src/option.o
                0x000000000800571c                optWriteDefalut
 .text.optReadFlash
                0x00000000080057e8      0x1d0 ./Core/Src/option.o
                0x00000000080057e8                optReadFlash
 .text.LL_AHB2_GRP1_EnableClock
                0x00000000080059b8       0x30 ./Core/Src/spi.o
 .text.LL_APB2_GRP1_EnableClock
                0x00000000080059e8       0x30 ./Core/Src/spi.o
 .text.LL_SPI_SetStandard
                0x0000000008005a18       0x26 ./Core/Src/spi.o
 .text.LL_SPI_DisableNSSPulseMgt
                0x0000000008005a3e       0x20 ./Core/Src/spi.o
 *fill*         0x0000000008005a5e        0x2 
 .text.mySpiInit
                0x0000000008005a60       0x20 ./Core/Src/spi.o
                0x0000000008005a60                mySpiInit
 .text.MX_SPI1_Init
                0x0000000008005a80       0xd0 ./Core/Src/spi.o
                0x0000000008005a80                MX_SPI1_Init
 .text.HAL_MspInit
                0x0000000008005b50       0x48 ./Core/Src/stm32g4xx_hal_msp.o
                0x0000000008005b50                HAL_MspInit
 .text.LL_TIM_ClearFlag_UPDATE
                0x0000000008005b98       0x1c ./Core/Src/stm32g4xx_it.o
 .text.LL_GPIO_SetOutputPin
                0x0000000008005bb4       0x1c ./Core/Src/stm32g4xx_it.o
 .text.LL_GPIO_ResetOutputPin
                0x0000000008005bd0       0x1c ./Core/Src/stm32g4xx_it.o
 .text.NMI_Handler
                0x0000000008005bec        0xe ./Core/Src/stm32g4xx_it.o
                0x0000000008005bec                NMI_Handler
 .text.HardFault_Handler
                0x0000000008005bfa        0x6 ./Core/Src/stm32g4xx_it.o
                0x0000000008005bfa                HardFault_Handler
 .text.MemManage_Handler
                0x0000000008005c00        0x6 ./Core/Src/stm32g4xx_it.o
                0x0000000008005c00                MemManage_Handler
 .text.BusFault_Handler
                0x0000000008005c06        0x6 ./Core/Src/stm32g4xx_it.o
                0x0000000008005c06                BusFault_Handler
 .text.UsageFault_Handler
                0x0000000008005c0c        0x6 ./Core/Src/stm32g4xx_it.o
                0x0000000008005c0c                UsageFault_Handler
 .text.SVC_Handler
                0x0000000008005c12        0xe ./Core/Src/stm32g4xx_it.o
                0x0000000008005c12                SVC_Handler
 .text.DebugMon_Handler
                0x0000000008005c20        0xe ./Core/Src/stm32g4xx_it.o
                0x0000000008005c20                DebugMon_Handler
 .text.PendSV_Handler
                0x0000000008005c2e        0xe ./Core/Src/stm32g4xx_it.o
                0x0000000008005c2e                PendSV_Handler
 .text.SysTick_Handler
                0x0000000008005c3c        0xc ./Core/Src/stm32g4xx_it.o
                0x0000000008005c3c                SysTick_Handler
 .text.DMA1_Channel1_IRQHandler
                0x0000000008005c48        0xe ./Core/Src/stm32g4xx_it.o
                0x0000000008005c48                DMA1_Channel1_IRQHandler
 *fill*         0x0000000008005c56        0x2 
 .text.TIM2_IRQHandler
                0x0000000008005c58       0x88 ./Core/Src/stm32g4xx_it.o
                0x0000000008005c58                TIM2_IRQHandler
 .text.TIM3_IRQHandler
                0x0000000008005ce0       0x8c ./Core/Src/stm32g4xx_it.o
                0x0000000008005ce0                TIM3_IRQHandler
 .text.TIM4_IRQHandler
                0x0000000008005d6c       0x8c ./Core/Src/stm32g4xx_it.o
                0x0000000008005d6c                TIM4_IRQHandler
 .text.USART1_IRQHandler
                0x0000000008005df8      0x104 ./Core/Src/stm32g4xx_it.o
                0x0000000008005df8                USART1_IRQHandler
 .text.TIM5_IRQHandler
                0x0000000008005efc       0x8c ./Core/Src/stm32g4xx_it.o
                0x0000000008005efc                TIM5_IRQHandler
 .text.TIM6_DAC_IRQHandler
                0x0000000008005f88       0xa0 ./Core/Src/stm32g4xx_it.o
                0x0000000008005f88                TIM6_DAC_IRQHandler
 .text._getpid  0x0000000008006028       0x10 ./Core/Src/syscalls.o
                0x0000000008006028                _getpid
 .text._kill    0x0000000008006038       0x20 ./Core/Src/syscalls.o
                0x0000000008006038                _kill
 .text._exit    0x0000000008006058       0x14 ./Core/Src/syscalls.o
                0x0000000008006058                _exit
 .text._read    0x000000000800606c       0x3a ./Core/Src/syscalls.o
                0x000000000800606c                _read
 .text._write   0x00000000080060a6       0x38 ./Core/Src/syscalls.o
                0x00000000080060a6                _write
 .text._close   0x00000000080060de       0x18 ./Core/Src/syscalls.o
                0x00000000080060de                _close
 .text._fstat   0x00000000080060f6       0x20 ./Core/Src/syscalls.o
                0x00000000080060f6                _fstat
 .text._isatty  0x0000000008006116       0x16 ./Core/Src/syscalls.o
                0x0000000008006116                _isatty
 .text._lseek   0x000000000800612c       0x1a ./Core/Src/syscalls.o
                0x000000000800612c                _lseek
 *fill*         0x0000000008006146        0x2 
 .text._sbrk    0x0000000008006148       0x58 ./Core/Src/sysmem.o
                0x0000000008006148                _sbrk
 .text.SystemInit
                0x00000000080061a0       0x2c ./Core/Src/system_stm32g4xx.o
                0x00000000080061a0                SystemInit
 .text.__NVIC_GetPriorityGrouping
                0x00000000080061cc       0x1c ./Core/Src/tim.o
 .text.__NVIC_EnableIRQ
                0x00000000080061e8       0x3c ./Core/Src/tim.o
 .text.__NVIC_SetPriority
                0x0000000008006224       0x54 ./Core/Src/tim.o
 .text.NVIC_EncodePriority
                0x0000000008006278       0x66 ./Core/Src/tim.o
 *fill*         0x00000000080062de        0x2 
 .text.LL_AHB2_GRP1_EnableClock
                0x00000000080062e0       0x30 ./Core/Src/tim.o
 .text.LL_APB1_GRP1_EnableClock
                0x0000000008006310       0x30 ./Core/Src/tim.o
 .text.LL_TIM_EnableARRPreload
                0x0000000008006340       0x20 ./Core/Src/tim.o
 .text.LL_TIM_OC_EnableFast
                0x0000000008006360       0xac ./Core/Src/tim.o
 .text.LL_TIM_OC_EnablePreload
                0x000000000800640c       0xac ./Core/Src/tim.o
 .text.LL_TIM_SetClockSource
                0x00000000080064b8       0x2a ./Core/Src/tim.o
 .text.LL_TIM_SetTriggerOutput
                0x00000000080064e2       0x2a ./Core/Src/tim.o
 .text.LL_TIM_DisableMasterSlaveMode
                0x000000000800650c       0x20 ./Core/Src/tim.o
 .text.delay_us
                0x000000000800652c       0x64 ./Core/Src/tim.o
                0x000000000800652c                delay_us
 .text.delay_ms
                0x0000000008006590       0x68 ./Core/Src/tim.o
                0x0000000008006590                delay_ms
 .text.myInitTIM
                0x00000000080065f8      0x19c ./Core/Src/tim.o
                0x00000000080065f8                myInitTIM
 .text.MX_TIM2_Init
                0x0000000008006794      0x108 ./Core/Src/tim.o
                0x0000000008006794                MX_TIM2_Init
 .text.MX_TIM3_Init
                0x000000000800689c       0xfc ./Core/Src/tim.o
                0x000000000800689c                MX_TIM3_Init
 .text.MX_TIM4_Init
                0x0000000008006998      0x100 ./Core/Src/tim.o
                0x0000000008006998                MX_TIM4_Init
 .text.MX_TIM5_Init
                0x0000000008006a98      0x100 ./Core/Src/tim.o
                0x0000000008006a98                MX_TIM5_Init
 .text.MX_TIM6_Init
                0x0000000008006b98       0x74 ./Core/Src/tim.o
                0x0000000008006b98                MX_TIM6_Init
 .text.MX_TIM7_Init
                0x0000000008006c0c       0x80 ./Core/Src/tim.o
                0x0000000008006c0c                MX_TIM7_Init
 .text.HAL_TIM_Base_MspInit
                0x0000000008006c8c       0x40 ./Core/Src/tim.o
                0x0000000008006c8c                HAL_TIM_Base_MspInit
 .text.__NVIC_GetPriorityGrouping
                0x0000000008006ccc       0x1c ./Core/Src/usart.o
 .text.__NVIC_EnableIRQ
                0x0000000008006ce8       0x3c ./Core/Src/usart.o
 .text.__NVIC_SetPriority
                0x0000000008006d24       0x54 ./Core/Src/usart.o
 .text.NVIC_EncodePriority
                0x0000000008006d78       0x66 ./Core/Src/usart.o
 *fill*         0x0000000008006dde        0x2 
 .text.LL_DMA_SetDataTransferDirection
                0x0000000008006de0       0x50 ./Core/Src/usart.o
 .text.LL_DMA_SetMode
                0x0000000008006e30       0x4c ./Core/Src/usart.o
 .text.LL_DMA_SetPeriphIncMode
                0x0000000008006e7c       0x4c ./Core/Src/usart.o
 .text.LL_DMA_SetMemoryIncMode
                0x0000000008006ec8       0x4c ./Core/Src/usart.o
 .text.LL_DMA_SetPeriphSize
                0x0000000008006f14       0x4c ./Core/Src/usart.o
 .text.LL_DMA_SetMemorySize
                0x0000000008006f60       0x4c ./Core/Src/usart.o
 .text.LL_DMA_SetChannelPriorityLevel
                0x0000000008006fac       0x4c ./Core/Src/usart.o
 .text.LL_DMA_SetPeriphRequest
                0x0000000008006ff8       0x54 ./Core/Src/usart.o
 .text.LL_RCC_SetUSARTClockSource
                0x000000000800704c       0x34 ./Core/Src/usart.o
 .text.LL_AHB2_GRP1_EnableClock
                0x0000000008007080       0x30 ./Core/Src/usart.o
 .text.LL_APB2_GRP1_EnableClock
                0x00000000080070b0       0x30 ./Core/Src/usart.o
 .text.LL_USART_Enable
                0x00000000080070e0       0x20 ./Core/Src/usart.o
 .text.LL_USART_DisableFIFO
                0x0000000008007100       0x20 ./Core/Src/usart.o
 .text.LL_USART_SetTXFIFOThreshold
                0x0000000008007120       0x4e ./Core/Src/usart.o
 .text.LL_USART_SetRXFIFOThreshold
                0x000000000800716e       0x4e ./Core/Src/usart.o
 .text.LL_USART_ConfigAsyncMode
                0x00000000080071bc       0x2c ./Core/Src/usart.o
 .text.LL_USART_IsActiveFlag_TEACK
                0x00000000080071e8       0x28 ./Core/Src/usart.o
 .text.LL_USART_IsActiveFlag_REACK
                0x0000000008007210       0x28 ./Core/Src/usart.o
 .text.myUsartInit
                0x0000000008007238       0x84 ./Core/Src/usart.o
                0x0000000008007238                myUsartInit
 .text.MX_USART1_UART_Init
                0x00000000080072bc      0x174 ./Core/Src/usart.o
                0x00000000080072bc                MX_USART1_UART_Init
 .text.Reset_Handler
                0x0000000008007430       0x50 ./Core/Startup/startup_stm32g474rbtx.o
                0x0000000008007430                Reset_Handler
 .text.Default_Handler
                0x0000000008007480        0x2 ./Core/Startup/startup_stm32g474rbtx.o
                0x0000000008007480                RTC_Alarm_IRQHandler
                0x0000000008007480                EXTI2_IRQHandler
                0x0000000008007480                TIM8_TRG_COM_IRQHandler
                0x0000000008007480                TIM8_CC_IRQHandler
                0x0000000008007480                HRTIM1_Master_IRQHandler
                0x0000000008007480                SPI4_IRQHandler
                0x0000000008007480                FDCAN3_IT0_IRQHandler
                0x0000000008007480                TIM1_CC_IRQHandler
                0x0000000008007480                HRTIM1_FLT_IRQHandler
                0x0000000008007480                HRTIM1_TIMF_IRQHandler
                0x0000000008007480                USB_HP_IRQHandler
                0x0000000008007480                CORDIC_IRQHandler
                0x0000000008007480                HRTIM1_TIMD_IRQHandler
                0x0000000008007480                DMA2_Channel8_IRQHandler
                0x0000000008007480                EXTI3_IRQHandler
                0x0000000008007480                I2C3_ER_IRQHandler
                0x0000000008007480                EXTI0_IRQHandler
                0x0000000008007480                I2C2_EV_IRQHandler
                0x0000000008007480                FPU_IRQHandler
                0x0000000008007480                FDCAN1_IT1_IRQHandler
                0x0000000008007480                TIM1_UP_TIM16_IRQHandler
                0x0000000008007480                ADC1_2_IRQHandler
                0x0000000008007480                HRTIM1_TIME_IRQHandler
                0x0000000008007480                SPI1_IRQHandler
                0x0000000008007480                HRTIM1_TIMC_IRQHandler
                0x0000000008007480                TIM8_UP_IRQHandler
                0x0000000008007480                DMA2_Channel2_IRQHandler
                0x0000000008007480                DMA1_Channel4_IRQHandler
                0x0000000008007480                TIM20_TRG_COM_IRQHandler
                0x0000000008007480                USART3_IRQHandler
                0x0000000008007480                DMA1_Channel7_IRQHandler
                0x0000000008007480                UART5_IRQHandler
                0x0000000008007480                ADC3_IRQHandler
                0x0000000008007480                DMA2_Channel1_IRQHandler
                0x0000000008007480                QUADSPI_IRQHandler
                0x0000000008007480                I2C1_EV_IRQHandler
                0x0000000008007480                DMA1_Channel6_IRQHandler
                0x0000000008007480                UART4_IRQHandler
                0x0000000008007480                DMA2_Channel4_IRQHandler
                0x0000000008007480                RCC_IRQHandler
                0x0000000008007480                TIM20_UP_IRQHandler
                0x0000000008007480                Default_Handler
                0x0000000008007480                DMA2_Channel7_IRQHandler
                0x0000000008007480                RTC_TAMP_LSECSS_IRQHandler
                0x0000000008007480                FMAC_IRQHandler
                0x0000000008007480                EXTI15_10_IRQHandler
                0x0000000008007480                DMA1_Channel8_IRQHandler
                0x0000000008007480                HRTIM1_TIMA_IRQHandler
                0x0000000008007480                TIM7_DAC_IRQHandler
                0x0000000008007480                FDCAN3_IT1_IRQHandler
                0x0000000008007480                UCPD1_IRQHandler
                0x0000000008007480                I2C3_EV_IRQHandler
                0x0000000008007480                EXTI9_5_IRQHandler
                0x0000000008007480                RTC_WKUP_IRQHandler
                0x0000000008007480                PVD_PVM_IRQHandler
                0x0000000008007480                SPI2_IRQHandler
                0x0000000008007480                ADC5_IRQHandler
                0x0000000008007480                DMA2_Channel5_IRQHandler
                0x0000000008007480                CRS_IRQHandler
                0x0000000008007480                DMA1_Channel5_IRQHandler
                0x0000000008007480                USB_LP_IRQHandler
                0x0000000008007480                EXTI4_IRQHandler
                0x0000000008007480                RNG_IRQHandler
                0x0000000008007480                HRTIM1_TIMB_IRQHandler
                0x0000000008007480                TIM1_TRG_COM_TIM17_IRQHandler
                0x0000000008007480                FDCAN2_IT1_IRQHandler
                0x0000000008007480                DMA1_Channel3_IRQHandler
                0x0000000008007480                ADC4_IRQHandler
                0x0000000008007480                WWDG_IRQHandler
                0x0000000008007480                I2C4_EV_IRQHandler
                0x0000000008007480                FDCAN2_IT0_IRQHandler
                0x0000000008007480                LPUART1_IRQHandler
                0x0000000008007480                DMA2_Channel6_IRQHandler
                0x0000000008007480                FDCAN1_IT0_IRQHandler
                0x0000000008007480                COMP7_IRQHandler
                0x0000000008007480                COMP1_2_3_IRQHandler
                0x0000000008007480                EXTI1_IRQHandler
                0x0000000008007480                USART2_IRQHandler
                0x0000000008007480                COMP4_5_6_IRQHandler
                0x0000000008007480                TIM20_BRK_IRQHandler
                0x0000000008007480                I2C2_ER_IRQHandler
                0x0000000008007480                DMA1_Channel2_IRQHandler
                0x0000000008007480                TIM8_BRK_IRQHandler
                0x0000000008007480                FLASH_IRQHandler
                0x0000000008007480                TIM20_CC_IRQHandler
                0x0000000008007480                SPI3_IRQHandler
                0x0000000008007480                I2C1_ER_IRQHandler
                0x0000000008007480                FMC_IRQHandler
                0x0000000008007480                LPTIM1_IRQHandler
                0x0000000008007480                DMAMUX_OVR_IRQHandler
                0x0000000008007480                I2C4_ER_IRQHandler
                0x0000000008007480                USBWakeUp_IRQHandler
                0x0000000008007480                SAI1_IRQHandler
                0x0000000008007480                DMA2_Channel3_IRQHandler
                0x0000000008007480                TIM1_BRK_TIM15_IRQHandler
 .text.HAL_Init
                0x0000000008007482       0x30 ./Drivers/STM32G4xx_HAL_Driver/Src/stm32g4xx_hal.o
                0x0000000008007482                HAL_Init
 *fill*         0x00000000080074b2        0x2 
 .text.HAL_InitTick
                0x00000000080074b4       0x74 ./Drivers/STM32G4xx_HAL_Driver/Src/stm32g4xx_hal.o
                0x00000000080074b4                HAL_InitTick
 .text.HAL_IncTick
                0x0000000008007528       0x24 ./Drivers/STM32G4xx_HAL_Driver/Src/stm32g4xx_hal.o
                0x0000000008007528                HAL_IncTick
 .text.HAL_GetTick
                0x000000000800754c       0x18 ./Drivers/STM32G4xx_HAL_Driver/Src/stm32g4xx_hal.o
                0x000000000800754c                HAL_GetTick
 .text.__NVIC_SetPriorityGrouping
                0x0000000008007564       0x48 ./Drivers/STM32G4xx_HAL_Driver/Src/stm32g4xx_hal_cortex.o
 .text.__NVIC_GetPriorityGrouping
                0x00000000080075ac       0x1c ./Drivers/STM32G4xx_HAL_Driver/Src/stm32g4xx_hal_cortex.o
 .text.__NVIC_SetPriority
                0x00000000080075c8       0x54 ./Drivers/STM32G4xx_HAL_Driver/Src/stm32g4xx_hal_cortex.o
 .text.NVIC_EncodePriority
                0x000000000800761c       0x66 ./Drivers/STM32G4xx_HAL_Driver/Src/stm32g4xx_hal_cortex.o
 *fill*         0x0000000008007682        0x2 
 .text.SysTick_Config
                0x0000000008007684       0x44 ./Drivers/STM32G4xx_HAL_Driver/Src/stm32g4xx_hal_cortex.o
 .text.HAL_NVIC_SetPriorityGrouping
                0x00000000080076c8       0x16 ./Drivers/STM32G4xx_HAL_Driver/Src/stm32g4xx_hal_cortex.o
                0x00000000080076c8                HAL_NVIC_SetPriorityGrouping
 .text.HAL_NVIC_SetPriority
                0x00000000080076de       0x34 ./Drivers/STM32G4xx_HAL_Driver/Src/stm32g4xx_hal_cortex.o
                0x00000000080076de                HAL_NVIC_SetPriority
 .text.HAL_SYSTICK_Config
                0x0000000008007712       0x18 ./Drivers/STM32G4xx_HAL_Driver/Src/stm32g4xx_hal_cortex.o
                0x0000000008007712                HAL_SYSTICK_Config
 *fill*         0x000000000800772a        0x2 
 .text.HAL_FLASH_Program
                0x000000000800772c       0xac ./Drivers/STM32G4xx_HAL_Driver/Src/stm32g4xx_hal_flash.o
                0x000000000800772c                HAL_FLASH_Program
 .text.HAL_FLASH_Unlock
                0x00000000080077d8       0x44 ./Drivers/STM32G4xx_HAL_Driver/Src/stm32g4xx_hal_flash.o
                0x00000000080077d8                HAL_FLASH_Unlock
 .text.HAL_FLASH_Lock
                0x000000000800781c       0x34 ./Drivers/STM32G4xx_HAL_Driver/Src/stm32g4xx_hal_flash.o
                0x000000000800781c                HAL_FLASH_Lock
 .text.FLASH_WaitForLastOperation
                0x0000000008007850       0xa8 ./Drivers/STM32G4xx_HAL_Driver/Src/stm32g4xx_hal_flash.o
                0x0000000008007850                FLASH_WaitForLastOperation
 .text.FLASH_Program_DoubleWord
                0x00000000080078f8       0x4c ./Drivers/STM32G4xx_HAL_Driver/Src/stm32g4xx_hal_flash.o
 .text.FLASH_Program_Fast
                0x0000000008007944       0x6c ./Drivers/STM32G4xx_HAL_Driver/Src/stm32g4xx_hal_flash.o
 .text.HAL_FLASHEx_Erase
                0x00000000080079b0      0x138 ./Drivers/STM32G4xx_HAL_Driver/Src/stm32g4xx_hal_flash_ex.o
                0x00000000080079b0                HAL_FLASHEx_Erase
 .text.FLASH_MassErase
                0x0000000008007ae8       0x70 ./Drivers/STM32G4xx_HAL_Driver/Src/stm32g4xx_hal_flash_ex.o
 .text.FLASH_PageErase
                0x0000000008007b58       0x88 ./Drivers/STM32G4xx_HAL_Driver/Src/stm32g4xx_hal_flash_ex.o
                0x0000000008007b58                FLASH_PageErase
 .text.FLASH_FlushCaches
                0x0000000008007be0       0x94 ./Drivers/STM32G4xx_HAL_Driver/Src/stm32g4xx_hal_flash_ex.o
                0x0000000008007be0                FLASH_FlushCaches
 .text.HAL_GPIO_Init
                0x0000000008007c74      0x304 ./Drivers/STM32G4xx_HAL_Driver/Src/stm32g4xx_hal_gpio.o
                0x0000000008007c74                HAL_GPIO_Init
 .text.HAL_GPIO_WritePin
                0x0000000008007f78       0x30 ./Drivers/STM32G4xx_HAL_Driver/Src/stm32g4xx_hal_gpio.o
                0x0000000008007f78                HAL_GPIO_WritePin
 .text.HAL_PWREx_DisableUCPDDeadBattery
                0x0000000008007fa8       0x20 ./Drivers/STM32G4xx_HAL_Driver/Src/stm32g4xx_hal_pwr_ex.o
                0x0000000008007fa8                HAL_PWREx_DisableUCPDDeadBattery
 .text.HAL_TIM_Base_Init
                0x0000000008007fc8       0xae ./Drivers/STM32G4xx_HAL_Driver/Src/stm32g4xx_hal_tim.o
                0x0000000008007fc8                HAL_TIM_Base_Init
 .text.HAL_TIM_OnePulse_Init
                0x0000000008008076       0xa0 ./Drivers/STM32G4xx_HAL_Driver/Src/stm32g4xx_hal_tim.o
                0x0000000008008076                HAL_TIM_OnePulse_Init
 .text.HAL_TIM_OnePulse_MspInit
                0x0000000008008116       0x14 ./Drivers/STM32G4xx_HAL_Driver/Src/stm32g4xx_hal_tim.o
                0x0000000008008116                HAL_TIM_OnePulse_MspInit
 *fill*         0x000000000800812a        0x2 
 .text.TIM_Base_SetConfig
                0x000000000800812c      0x150 ./Drivers/STM32G4xx_HAL_Driver/Src/stm32g4xx_hal_tim.o
                0x000000000800812c                TIM_Base_SetConfig
 .text.HAL_TIMEx_MasterConfigSynchronization
                0x000000000800827c      0x12c ./Drivers/STM32G4xx_HAL_Driver/Src/stm32g4xx_hal_tim_ex.o
                0x000000000800827c                HAL_TIMEx_MasterConfigSynchronization
 .text.LL_GPIO_SetPinMode
                0x00000000080083a8       0x7a ./Drivers/STM32G4xx_HAL_Driver/Src/stm32g4xx_ll_gpio.o
 .text.LL_GPIO_SetPinOutputType
                0x0000000008008422       0x30 ./Drivers/STM32G4xx_HAL_Driver/Src/stm32g4xx_ll_gpio.o
 .text.LL_GPIO_SetPinSpeed
                0x0000000008008452       0x7a ./Drivers/STM32G4xx_HAL_Driver/Src/stm32g4xx_ll_gpio.o
 .text.LL_GPIO_SetPinPull
                0x00000000080084cc       0x7a ./Drivers/STM32G4xx_HAL_Driver/Src/stm32g4xx_ll_gpio.o
 .text.LL_GPIO_SetAFPin_0_7
                0x0000000008008546       0x7a ./Drivers/STM32G4xx_HAL_Driver/Src/stm32g4xx_ll_gpio.o
 .text.LL_GPIO_SetAFPin_8_15
                0x00000000080085c0       0x7e ./Drivers/STM32G4xx_HAL_Driver/Src/stm32g4xx_ll_gpio.o
 .text.LL_GPIO_Init
                0x000000000800863e       0xdc ./Drivers/STM32G4xx_HAL_Driver/Src/stm32g4xx_ll_gpio.o
                0x000000000800863e                LL_GPIO_Init
 .text.LL_I2C_Enable
                0x000000000800871a       0x20 ./Drivers/STM32G4xx_HAL_Driver/Src/stm32g4xx_ll_i2c.o
 .text.LL_I2C_Disable
                0x000000000800873a       0x20 ./Drivers/STM32G4xx_HAL_Driver/Src/stm32g4xx_ll_i2c.o
 .text.LL_I2C_ConfigFilters
                0x000000000800875a       0x2e ./Drivers/STM32G4xx_HAL_Driver/Src/stm32g4xx_ll_i2c.o
 .text.LL_I2C_SetOwnAddress1
                0x0000000008008788       0x30 ./Drivers/STM32G4xx_HAL_Driver/Src/stm32g4xx_ll_i2c.o
 .text.LL_I2C_EnableOwnAddress1
                0x00000000080087b8       0x20 ./Drivers/STM32G4xx_HAL_Driver/Src/stm32g4xx_ll_i2c.o
 .text.LL_I2C_DisableOwnAddress1
                0x00000000080087d8       0x20 ./Drivers/STM32G4xx_HAL_Driver/Src/stm32g4xx_ll_i2c.o
 .text.LL_I2C_SetTiming
                0x00000000080087f8       0x1c ./Drivers/STM32G4xx_HAL_Driver/Src/stm32g4xx_ll_i2c.o
 .text.LL_I2C_SetMode
                0x0000000008008814       0x26 ./Drivers/STM32G4xx_HAL_Driver/Src/stm32g4xx_ll_i2c.o
 .text.LL_I2C_AcknowledgeNextData
                0x000000000800883a       0x26 ./Drivers/STM32G4xx_HAL_Driver/Src/stm32g4xx_ll_i2c.o
 .text.LL_I2C_Init
                0x0000000008008860       0x78 ./Drivers/STM32G4xx_HAL_Driver/Src/stm32g4xx_ll_i2c.o
                0x0000000008008860                LL_I2C_Init
 .text.LL_RCC_HSI_IsReady
                0x00000000080088d8       0x28 ./Drivers/STM32G4xx_HAL_Driver/Src/stm32g4xx_ll_rcc.o
 .text.LL_RCC_LSE_IsReady
                0x0000000008008900       0x28 ./Drivers/STM32G4xx_HAL_Driver/Src/stm32g4xx_ll_rcc.o
 .text.LL_RCC_GetSysClkSource
                0x0000000008008928       0x1c ./Drivers/STM32G4xx_HAL_Driver/Src/stm32g4xx_ll_rcc.o
 .text.LL_RCC_GetAHBPrescaler
                0x0000000008008944       0x1c ./Drivers/STM32G4xx_HAL_Driver/Src/stm32g4xx_ll_rcc.o
 .text.LL_RCC_GetAPB1Prescaler
                0x0000000008008960       0x1c ./Drivers/STM32G4xx_HAL_Driver/Src/stm32g4xx_ll_rcc.o
 .text.LL_RCC_GetAPB2Prescaler
                0x000000000800897c       0x1c ./Drivers/STM32G4xx_HAL_Driver/Src/stm32g4xx_ll_rcc.o
 .text.LL_RCC_GetUSARTClockSource
                0x0000000008008998       0x28 ./Drivers/STM32G4xx_HAL_Driver/Src/stm32g4xx_ll_rcc.o
 .text.LL_RCC_GetUARTClockSource
                0x00000000080089c0       0x28 ./Drivers/STM32G4xx_HAL_Driver/Src/stm32g4xx_ll_rcc.o
 .text.LL_RCC_PLL_GetMainSource
                0x00000000080089e8       0x1c ./Drivers/STM32G4xx_HAL_Driver/Src/stm32g4xx_ll_rcc.o
 .text.LL_RCC_PLL_GetN
                0x0000000008008a04       0x1c ./Drivers/STM32G4xx_HAL_Driver/Src/stm32g4xx_ll_rcc.o
 .text.LL_RCC_PLL_GetR
                0x0000000008008a20       0x1c ./Drivers/STM32G4xx_HAL_Driver/Src/stm32g4xx_ll_rcc.o
 .text.LL_RCC_PLL_GetDivider
                0x0000000008008a3c       0x1c ./Drivers/STM32G4xx_HAL_Driver/Src/stm32g4xx_ll_rcc.o
 .text.LL_RCC_GetUSARTClockFreq
                0x0000000008008a58      0x18c ./Drivers/STM32G4xx_HAL_Driver/Src/stm32g4xx_ll_rcc.o
                0x0000000008008a58                LL_RCC_GetUSARTClockFreq
 .text.LL_RCC_GetUARTClockFreq
                0x0000000008008be4      0x114 ./Drivers/STM32G4xx_HAL_Driver/Src/stm32g4xx_ll_rcc.o
                0x0000000008008be4                LL_RCC_GetUARTClockFreq
 .text.RCC_GetSystemClockFreq
                0x0000000008008cf8       0x4c ./Drivers/STM32G4xx_HAL_Driver/Src/stm32g4xx_ll_rcc.o
 .text.RCC_GetHCLKClockFreq
                0x0000000008008d44       0x30 ./Drivers/STM32G4xx_HAL_Driver/Src/stm32g4xx_ll_rcc.o
 .text.RCC_GetPCLK1ClockFreq
                0x0000000008008d74       0x2c ./Drivers/STM32G4xx_HAL_Driver/Src/stm32g4xx_ll_rcc.o
 .text.RCC_GetPCLK2ClockFreq
                0x0000000008008da0       0x2c ./Drivers/STM32G4xx_HAL_Driver/Src/stm32g4xx_ll_rcc.o
 .text.RCC_PLL_GetFreqDomain_SYS
                0x0000000008008dcc       0x68 ./Drivers/STM32G4xx_HAL_Driver/Src/stm32g4xx_ll_rcc.o
 .text.LL_SPI_IsEnabled
                0x0000000008008e34       0x26 ./Drivers/STM32G4xx_HAL_Driver/Src/stm32g4xx_ll_spi.o
 .text.LL_SPI_SetRxFIFOThreshold
                0x0000000008008e5a       0x26 ./Drivers/STM32G4xx_HAL_Driver/Src/stm32g4xx_ll_spi.o
 .text.LL_SPI_SetCRCPolynomial
                0x0000000008008e80       0x20 ./Drivers/STM32G4xx_HAL_Driver/Src/stm32g4xx_ll_spi.o
 .text.LL_SPI_Init
                0x0000000008008ea0       0xbc ./Drivers/STM32G4xx_HAL_Driver/Src/stm32g4xx_ll_spi.o
                0x0000000008008ea0                LL_SPI_Init
 .text.LL_TIM_SetPrescaler
                0x0000000008008f5c       0x1c ./Drivers/STM32G4xx_HAL_Driver/Src/stm32g4xx_ll_tim.o
 .text.LL_TIM_SetAutoReload
                0x0000000008008f78       0x1c ./Drivers/STM32G4xx_HAL_Driver/Src/stm32g4xx_ll_tim.o
 .text.LL_TIM_SetRepetitionCounter
                0x0000000008008f94       0x1c ./Drivers/STM32G4xx_HAL_Driver/Src/stm32g4xx_ll_tim.o
 .text.LL_TIM_OC_SetCompareCH1
                0x0000000008008fb0       0x1c ./Drivers/STM32G4xx_HAL_Driver/Src/stm32g4xx_ll_tim.o
 .text.LL_TIM_OC_SetCompareCH2
                0x0000000008008fcc       0x1c ./Drivers/STM32G4xx_HAL_Driver/Src/stm32g4xx_ll_tim.o
 .text.LL_TIM_OC_SetCompareCH3
                0x0000000008008fe8       0x1c ./Drivers/STM32G4xx_HAL_Driver/Src/stm32g4xx_ll_tim.o
 .text.LL_TIM_OC_SetCompareCH4
                0x0000000008009004       0x1c ./Drivers/STM32G4xx_HAL_Driver/Src/stm32g4xx_ll_tim.o
 .text.LL_TIM_OC_SetCompareCH5
                0x0000000008009020       0x20 ./Drivers/STM32G4xx_HAL_Driver/Src/stm32g4xx_ll_tim.o
 .text.LL_TIM_OC_SetCompareCH6
                0x0000000008009040       0x1c ./Drivers/STM32G4xx_HAL_Driver/Src/stm32g4xx_ll_tim.o
 .text.LL_TIM_GenerateEvent_UPDATE
                0x000000000800905c       0x20 ./Drivers/STM32G4xx_HAL_Driver/Src/stm32g4xx_ll_tim.o
 .text.LL_TIM_Init
                0x000000000800907c      0x144 ./Drivers/STM32G4xx_HAL_Driver/Src/stm32g4xx_ll_tim.o
                0x000000000800907c                LL_TIM_Init
 .text.LL_TIM_OC_Init
                0x00000000080091c0       0xbe ./Drivers/STM32G4xx_HAL_Driver/Src/stm32g4xx_ll_tim.o
                0x00000000080091c0                LL_TIM_OC_Init
 *fill*         0x000000000800927e        0x2 
 .text.OC1Config
                0x0000000008009280      0x10c ./Drivers/STM32G4xx_HAL_Driver/Src/stm32g4xx_ll_tim.o
 .text.OC2Config
                0x000000000800938c      0x114 ./Drivers/STM32G4xx_HAL_Driver/Src/stm32g4xx_ll_tim.o
 .text.OC3Config
                0x00000000080094a0      0x114 ./Drivers/STM32G4xx_HAL_Driver/Src/stm32g4xx_ll_tim.o
 .text.OC4Config
                0x00000000080095b4      0x114 ./Drivers/STM32G4xx_HAL_Driver/Src/stm32g4xx_ll_tim.o
 .text.OC5Config
                0x00000000080096c8       0xd4 ./Drivers/STM32G4xx_HAL_Driver/Src/stm32g4xx_ll_tim.o
 .text.OC6Config
                0x000000000800979c       0xd4 ./Drivers/STM32G4xx_HAL_Driver/Src/stm32g4xx_ll_tim.o
 .text.LL_USART_IsEnabled
                0x0000000008009870       0x26 ./Drivers/STM32G4xx_HAL_Driver/Src/stm32g4xx_ll_usart.o
 .text.LL_USART_SetPrescaler
                0x0000000008009896       0x28 ./Drivers/STM32G4xx_HAL_Driver/Src/stm32g4xx_ll_usart.o
 .text.LL_USART_SetStopBitsLength
                0x00000000080098be       0x26 ./Drivers/STM32G4xx_HAL_Driver/Src/stm32g4xx_ll_usart.o
 .text.LL_USART_SetHWFlowCtrl
                0x00000000080098e4       0x26 ./Drivers/STM32G4xx_HAL_Driver/Src/stm32g4xx_ll_usart.o
 *fill*         0x000000000800990a        0x2 
 .text.LL_USART_SetBaudRate
                0x000000000800990c       0xa0 ./Drivers/STM32G4xx_HAL_Driver/Src/stm32g4xx_ll_usart.o
 .text.LL_USART_Init
                0x00000000080099ac      0x10c ./Drivers/STM32G4xx_HAL_Driver/Src/stm32g4xx_ll_usart.o
                0x00000000080099ac                LL_USART_Init
 .text.LL_SetSystemCoreClock
                0x0000000008009ab8       0x20 ./Drivers/STM32G4xx_HAL_Driver/Src/stm32g4xx_ll_utils.o
                0x0000000008009ab8                LL_SetSystemCoreClock
 .text.__errno  0x0000000008009ad8        0xc c:/st/stm32cubeide_1.8.0/stm32cubeide/plugins/com.st.stm32cube.ide.mcu.externaltools.gnu-tools-for-stm32.9-2020-q2-update.win32_2.0.0.202105311346/tools/bin/../lib/gcc/arm-none-eabi/9.3.1/../../../../arm-none-eabi/lib/thumb/v7e-m+fp/hard\libc_nano.a(lib_a-errno.o)
                0x0000000008009ad8                __errno
 .text.__libc_init_array
                0x0000000008009ae4       0x48 c:/st/stm32cubeide_1.8.0/stm32cubeide/plugins/com.st.stm32cube.ide.mcu.externaltools.gnu-tools-for-stm32.9-2020-q2-update.win32_2.0.0.202105311346/tools/bin/../lib/gcc/arm-none-eabi/9.3.1/../../../../arm-none-eabi/lib/thumb/v7e-m+fp/hard\libc_nano.a(lib_a-init.o)
                0x0000000008009ae4                __libc_init_array
 .text.memcmp   0x0000000008009b2c       0x1c c:/st/stm32cubeide_1.8.0/stm32cubeide/plugins/com.st.stm32cube.ide.mcu.externaltools.gnu-tools-for-stm32.9-2020-q2-update.win32_2.0.0.202105311346/tools/bin/../lib/gcc/arm-none-eabi/9.3.1/../../../../arm-none-eabi/lib/thumb/v7e-m+fp/hard\libc_nano.a(lib_a-memcmp.o)
                0x0000000008009b2c                memcmp
 .text.memset   0x0000000008009b48       0x10 c:/st/stm32cubeide_1.8.0/stm32cubeide/plugins/com.st.stm32cube.ide.mcu.externaltools.gnu-tools-for-stm32.9-2020-q2-update.win32_2.0.0.202105311346/tools/bin/../lib/gcc/arm-none-eabi/9.3.1/../../../../arm-none-eabi/lib/thumb/v7e-m+fp/hard\libc_nano.a(lib_a-memset.o)
                0x0000000008009b48                memset
 .text.__cvt    0x0000000008009b58       0xc4 c:/st/stm32cubeide_1.8.0/stm32cubeide/plugins/com.st.stm32cube.ide.mcu.externaltools.gnu-tools-for-stm32.9-2020-q2-update.win32_2.0.0.202105311346/tools/bin/../lib/gcc/arm-none-eabi/9.3.1/../../../../arm-none-eabi/lib/thumb/v7e-m+fp/hard\libc_nano.a(lib_a-nano-vfprintf_float.o)
                0x0000000008009b58                __cvt
 .text.__exponent
                0x0000000008009c1c       0x7c c:/st/stm32cubeide_1.8.0/stm32cubeide/plugins/com.st.stm32cube.ide.mcu.externaltools.gnu-tools-for-stm32.9-2020-q2-update.win32_2.0.0.202105311346/tools/bin/../lib/gcc/arm-none-eabi/9.3.1/../../../../arm-none-eabi/lib/thumb/v7e-m+fp/hard\libc_nano.a(lib_a-nano-vfprintf_float.o)
                0x0000000008009c1c                __exponent
 .text._printf_float
                0x0000000008009c98      0x46c c:/st/stm32cubeide_1.8.0/stm32cubeide/plugins/com.st.stm32cube.ide.mcu.externaltools.gnu-tools-for-stm32.9-2020-q2-update.win32_2.0.0.202105311346/tools/bin/../lib/gcc/arm-none-eabi/9.3.1/../../../../arm-none-eabi/lib/thumb/v7e-m+fp/hard\libc_nano.a(lib_a-nano-vfprintf_float.o)
                0x0000000008009c98                _printf_float
 .text._printf_common
                0x000000000800a104       0xda c:/st/stm32cubeide_1.8.0/stm32cubeide/plugins/com.st.stm32cube.ide.mcu.externaltools.gnu-tools-for-stm32.9-2020-q2-update.win32_2.0.0.202105311346/tools/bin/../lib/gcc/arm-none-eabi/9.3.1/../../../../arm-none-eabi/lib/thumb/v7e-m+fp/hard\libc_nano.a(lib_a-nano-vfprintf_i.o)
                0x000000000800a104                _printf_common
 *fill*         0x000000000800a1de        0x2 
 .text._printf_i
                0x000000000800a1e0      0x24c c:/st/stm32cubeide_1.8.0/stm32cubeide/plugins/com.st.stm32cube.ide.mcu.externaltools.gnu-tools-for-stm32.9-2020-q2-update.win32_2.0.0.202105311346/tools/bin/../lib/gcc/arm-none-eabi/9.3.1/../../../../arm-none-eabi/lib/thumb/v7e-m+fp/hard\libc_nano.a(lib_a-nano-vfprintf_i.o)
                0x000000000800a1e0                _printf_i
 .text._scanf_float
                0x000000000800a42c      0x420 c:/st/stm32cubeide_1.8.0/stm32cubeide/plugins/com.st.stm32cube.ide.mcu.externaltools.gnu-tools-for-stm32.9-2020-q2-update.win32_2.0.0.202105311346/tools/bin/../lib/gcc/arm-none-eabi/9.3.1/../../../../arm-none-eabi/lib/thumb/v7e-m+fp/hard\libc_nano.a(lib_a-nano-vfscanf_float.o)
                0x000000000800a42c                _scanf_float
 .text.nanf     0x000000000800a84c        0xc c:/st/stm32cubeide_1.8.0/stm32cubeide/plugins/com.st.stm32cube.ide.mcu.externaltools.gnu-tools-for-stm32.9-2020-q2-update.win32_2.0.0.202105311346/tools/bin/../lib/gcc/arm-none-eabi/9.3.1/../../../../arm-none-eabi/lib/thumb/v7e-m+fp/hard\libc_nano.a(lib_a-sf_nan.o)
                0x000000000800a84c                nanf
 .text.sprintf  0x000000000800a858       0x40 c:/st/stm32cubeide_1.8.0/stm32cubeide/plugins/com.st.stm32cube.ide.mcu.externaltools.gnu-tools-for-stm32.9-2020-q2-update.win32_2.0.0.202105311346/tools/bin/../lib/gcc/arm-none-eabi/9.3.1/../../../../arm-none-eabi/lib/thumb/v7e-m+fp/hard\libc_nano.a(lib_a-sprintf.o)
                0x000000000800a858                siprintf
                0x000000000800a858                sprintf
 .text.sscanf   0x000000000800a898       0x58 c:/st/stm32cubeide_1.8.0/stm32cubeide/plugins/com.st.stm32cube.ide.mcu.externaltools.gnu-tools-for-stm32.9-2020-q2-update.win32_2.0.0.202105311346/tools/bin/../lib/gcc/arm-none-eabi/9.3.1/../../../../arm-none-eabi/lib/thumb/v7e-m+fp/hard\libc_nano.a(lib_a-sscanf.o)
                0x000000000800a898                siscanf
                0x000000000800a898                sscanf
 .text.__sread  0x000000000800a8f0       0x22 c:/st/stm32cubeide_1.8.0/stm32cubeide/plugins/com.st.stm32cube.ide.mcu.externaltools.gnu-tools-for-stm32.9-2020-q2-update.win32_2.0.0.202105311346/tools/bin/../lib/gcc/arm-none-eabi/9.3.1/../../../../arm-none-eabi/lib/thumb/v7e-m+fp/hard\libc_nano.a(lib_a-stdio.o)
                0x000000000800a8f0                __sread
 .text.__seofread
                0x000000000800a912        0x4 c:/st/stm32cubeide_1.8.0/stm32cubeide/plugins/com.st.stm32cube.ide.mcu.externaltools.gnu-tools-for-stm32.9-2020-q2-update.win32_2.0.0.202105311346/tools/bin/../lib/gcc/arm-none-eabi/9.3.1/../../../../arm-none-eabi/lib/thumb/v7e-m+fp/hard\libc_nano.a(lib_a-stdio.o)
                0x000000000800a912                __seofread
 .text.__swrite
                0x000000000800a916       0x38 c:/st/stm32cubeide_1.8.0/stm32cubeide/plugins/com.st.stm32cube.ide.mcu.externaltools.gnu-tools-for-stm32.9-2020-q2-update.win32_2.0.0.202105311346/tools/bin/../lib/gcc/arm-none-eabi/9.3.1/../../../../arm-none-eabi/lib/thumb/v7e-m+fp/hard\libc_nano.a(lib_a-stdio.o)
                0x000000000800a916                __swrite
 .text.__sseek  0x000000000800a94e       0x24 c:/st/stm32cubeide_1.8.0/stm32cubeide/plugins/com.st.stm32cube.ide.mcu.externaltools.gnu-tools-for-stm32.9-2020-q2-update.win32_2.0.0.202105311346/tools/bin/../lib/gcc/arm-none-eabi/9.3.1/../../../../arm-none-eabi/lib/thumb/v7e-m+fp/hard\libc_nano.a(lib_a-stdio.o)
                0x000000000800a94e                __sseek
 .text.__sclose
                0x000000000800a972        0x8 c:/st/stm32cubeide_1.8.0/stm32cubeide/plugins/com.st.stm32cube.ide.mcu.externaltools.gnu-tools-for-stm32.9-2020-q2-update.win32_2.0.0.202105311346/tools/bin/../lib/gcc/arm-none-eabi/9.3.1/../../../../arm-none-eabi/lib/thumb/v7e-m+fp/hard\libc_nano.a(lib_a-stdio.o)
                0x000000000800a972                __sclose
 .text.strcat   0x000000000800a97a       0x1e c:/st/stm32cubeide_1.8.0/stm32cubeide/plugins/com.st.stm32cube.ide.mcu.externaltools.gnu-tools-for-stm32.9-2020-q2-update.win32_2.0.0.202105311346/tools/bin/../lib/gcc/arm-none-eabi/9.3.1/../../../../arm-none-eabi/lib/thumb/v7e-m+fp/hard\libc_nano.a(lib_a-strcat.o)
                0x000000000800a97a                strcat
 .text.strchr   0x000000000800a998       0x1a c:/st/stm32cubeide_1.8.0/stm32cubeide/plugins/com.st.stm32cube.ide.mcu.externaltools.gnu-tools-for-stm32.9-2020-q2-update.win32_2.0.0.202105311346/tools/bin/../lib/gcc/arm-none-eabi/9.3.1/../../../../arm-none-eabi/lib/thumb/v7e-m+fp/hard\libc_nano.a(lib_a-strchr.o)
                0x000000000800a998                strchr
 .text.sulp     0x000000000800a9b2       0x38 c:/st/stm32cubeide_1.8.0/stm32cubeide/plugins/com.st.stm32cube.ide.mcu.externaltools.gnu-tools-for-stm32.9-2020-q2-update.win32_2.0.0.202105311346/tools/bin/../lib/gcc/arm-none-eabi/9.3.1/../../../../arm-none-eabi/lib/thumb/v7e-m+fp/hard\libc_nano.a(lib_a-strtod.o)
 *fill*         0x000000000800a9ea        0x6 
 .text._strtod_l
                0x000000000800a9f0      0xc14 c:/st/stm32cubeide_1.8.0/stm32cubeide/plugins/com.st.stm32cube.ide.mcu.externaltools.gnu-tools-for-stm32.9-2020-q2-update.win32_2.0.0.202105311346/tools/bin/../lib/gcc/arm-none-eabi/9.3.1/../../../../arm-none-eabi/lib/thumb/v7e-m+fp/hard\libc_nano.a(lib_a-strtod.o)
                0x000000000800a9f0                _strtod_l
 .text._strtod_r
                0x000000000800b604        0xc c:/st/stm32cubeide_1.8.0/stm32cubeide/plugins/com.st.stm32cube.ide.mcu.externaltools.gnu-tools-for-stm32.9-2020-q2-update.win32_2.0.0.202105311346/tools/bin/../lib/gcc/arm-none-eabi/9.3.1/../../../../arm-none-eabi/lib/thumb/v7e-m+fp/hard\libc_nano.a(lib_a-strtod.o)
                0x000000000800b604                _strtod_r
 .text._strtol_l.isra.0
                0x000000000800b610      0x108 c:/st/stm32cubeide_1.8.0/stm32cubeide/plugins/com.st.stm32cube.ide.mcu.externaltools.gnu-tools-for-stm32.9-2020-q2-update.win32_2.0.0.202105311346/tools/bin/../lib/gcc/arm-none-eabi/9.3.1/../../../../arm-none-eabi/lib/thumb/v7e-m+fp/hard\libc_nano.a(lib_a-strtol.o)
 .text._strtol_r
                0x000000000800b718        0x4 c:/st/stm32cubeide_1.8.0/stm32cubeide/plugins/com.st.stm32cube.ide.mcu.externaltools.gnu-tools-for-stm32.9-2020-q2-update.win32_2.0.0.202105311346/tools/bin/../lib/gcc/arm-none-eabi/9.3.1/../../../../arm-none-eabi/lib/thumb/v7e-m+fp/hard\libc_nano.a(lib_a-strtol.o)
                0x000000000800b718                _strtol_r
 .text._write_r
                0x000000000800b71c       0x24 c:/st/stm32cubeide_1.8.0/stm32cubeide/plugins/com.st.stm32cube.ide.mcu.externaltools.gnu-tools-for-stm32.9-2020-q2-update.win32_2.0.0.202105311346/tools/bin/../lib/gcc/arm-none-eabi/9.3.1/../../../../arm-none-eabi/lib/thumb/v7e-m+fp/hard\libc_nano.a(lib_a-writer.o)
                0x000000000800b71c                _write_r
 .text._close_r
                0x000000000800b740       0x20 c:/st/stm32cubeide_1.8.0/stm32cubeide/plugins/com.st.stm32cube.ide.mcu.externaltools.gnu-tools-for-stm32.9-2020-q2-update.win32_2.0.0.202105311346/tools/bin/../lib/gcc/arm-none-eabi/9.3.1/../../../../arm-none-eabi/lib/thumb/v7e-m+fp/hard\libc_nano.a(lib_a-closer.o)
                0x000000000800b740                _close_r
 .text.quorem   0x000000000800b760      0x116 c:/st/stm32cubeide_1.8.0/stm32cubeide/plugins/com.st.stm32cube.ide.mcu.externaltools.gnu-tools-for-stm32.9-2020-q2-update.win32_2.0.0.202105311346/tools/bin/../lib/gcc/arm-none-eabi/9.3.1/../../../../arm-none-eabi/lib/thumb/v7e-m+fp/hard\libc_nano.a(lib_a-dtoa.o)
 *fill*         0x000000000800b876        0x2 
 .text._dtoa_r  0x000000000800b878      0xbd8 c:/st/stm32cubeide_1.8.0/stm32cubeide/plugins/com.st.stm32cube.ide.mcu.externaltools.gnu-tools-for-stm32.9-2020-q2-update.win32_2.0.0.202105311346/tools/bin/../lib/gcc/arm-none-eabi/9.3.1/../../../../arm-none-eabi/lib/thumb/v7e-m+fp/hard\libc_nano.a(lib_a-dtoa.o)
                0x000000000800b878                _dtoa_r
 .text.rshift   0x000000000800c450       0xa4 c:/st/stm32cubeide_1.8.0/stm32cubeide/plugins/com.st.stm32cube.ide.mcu.externaltools.gnu-tools-for-stm32.9-2020-q2-update.win32_2.0.0.202105311346/tools/bin/../lib/gcc/arm-none-eabi/9.3.1/../../../../arm-none-eabi/lib/thumb/v7e-m+fp/hard\libc_nano.a(lib_a-gdtoa-gethex.o)
 .text.__hexdig_fun
                0x000000000800c4f4       0x2a c:/st/stm32cubeide_1.8.0/stm32cubeide/plugins/com.st.stm32cube.ide.mcu.externaltools.gnu-tools-for-stm32.9-2020-q2-update.win32_2.0.0.202105311346/tools/bin/../lib/gcc/arm-none-eabi/9.3.1/../../../../arm-none-eabi/lib/thumb/v7e-m+fp/hard\libc_nano.a(lib_a-gdtoa-gethex.o)
                0x000000000800c4f4                __hexdig_fun
 *fill*         0x000000000800c51e        0x2 
 .text.__gethex
                0x000000000800c520      0x48c c:/st/stm32cubeide_1.8.0/stm32cubeide/plugins/com.st.stm32cube.ide.mcu.externaltools.gnu-tools-for-stm32.9-2020-q2-update.win32_2.0.0.202105311346/tools/bin/../lib/gcc/arm-none-eabi/9.3.1/../../../../arm-none-eabi/lib/thumb/v7e-m+fp/hard\libc_nano.a(lib_a-gdtoa-gethex.o)
                0x000000000800c520                __gethex
 .text.L_shift  0x000000000800c9ac       0x24 c:/st/stm32cubeide_1.8.0/stm32cubeide/plugins/com.st.stm32cube.ide.mcu.externaltools.gnu-tools-for-stm32.9-2020-q2-update.win32_2.0.0.202105311346/tools/bin/../lib/gcc/arm-none-eabi/9.3.1/../../../../arm-none-eabi/lib/thumb/v7e-m+fp/hard\libc_nano.a(lib_a-gdtoa-hexnan.o)
 .text.__match  0x000000000800c9d0       0x28 c:/st/stm32cubeide_1.8.0/stm32cubeide/plugins/com.st.stm32cube.ide.mcu.externaltools.gnu-tools-for-stm32.9-2020-q2-update.win32_2.0.0.202105311346/tools/bin/../lib/gcc/arm-none-eabi/9.3.1/../../../../arm-none-eabi/lib/thumb/v7e-m+fp/hard\libc_nano.a(lib_a-gdtoa-hexnan.o)
                0x000000000800c9d0                __match
 .text.__hexnan
                0x000000000800c9f8      0x138 c:/st/stm32cubeide_1.8.0/stm32cubeide/plugins/com.st.stm32cube.ide.mcu.externaltools.gnu-tools-for-stm32.9-2020-q2-update.win32_2.0.0.202105311346/tools/bin/../lib/gcc/arm-none-eabi/9.3.1/../../../../arm-none-eabi/lib/thumb/v7e-m+fp/hard\libc_nano.a(lib_a-gdtoa-hexnan.o)
                0x000000000800c9f8                __hexnan
 .text._localeconv_r
                0x000000000800cb30        0x8 c:/st/stm32cubeide_1.8.0/stm32cubeide/plugins/com.st.stm32cube.ide.mcu.externaltools.gnu-tools-for-stm32.9-2020-q2-update.win32_2.0.0.202105311346/tools/bin/../lib/gcc/arm-none-eabi/9.3.1/../../../../arm-none-eabi/lib/thumb/v7e-m+fp/hard\libc_nano.a(lib_a-localeconv.o)
                0x000000000800cb30                _localeconv_r
 .text._lseek_r
                0x000000000800cb38       0x24 c:/st/stm32cubeide_1.8.0/stm32cubeide/plugins/com.st.stm32cube.ide.mcu.externaltools.gnu-tools-for-stm32.9-2020-q2-update.win32_2.0.0.202105311346/tools/bin/../lib/gcc/arm-none-eabi/9.3.1/../../../../arm-none-eabi/lib/thumb/v7e-m+fp/hard\libc_nano.a(lib_a-lseekr.o)
                0x000000000800cb38                _lseek_r
 .text.malloc   0x000000000800cb5c       0x10 c:/st/stm32cubeide_1.8.0/stm32cubeide/plugins/com.st.stm32cube.ide.mcu.externaltools.gnu-tools-for-stm32.9-2020-q2-update.win32_2.0.0.202105311346/tools/bin/../lib/gcc/arm-none-eabi/9.3.1/../../../../arm-none-eabi/lib/thumb/v7e-m+fp/hard\libc_nano.a(lib_a-malloc.o)
                0x000000000800cb5c                malloc
 .text.__ascii_mbtowc
                0x000000000800cb6c       0x24 c:/st/stm32cubeide_1.8.0/stm32cubeide/plugins/com.st.stm32cube.ide.mcu.externaltools.gnu-tools-for-stm32.9-2020-q2-update.win32_2.0.0.202105311346/tools/bin/../lib/gcc/arm-none-eabi/9.3.1/../../../../arm-none-eabi/lib/thumb/v7e-m+fp/hard\libc_nano.a(lib_a-mbtowc_r.o)
                0x000000000800cb6c                __ascii_mbtowc
 .text.memcpy   0x000000000800cb90       0x1c c:/st/stm32cubeide_1.8.0/stm32cubeide/plugins/com.st.stm32cube.ide.mcu.externaltools.gnu-tools-for-stm32.9-2020-q2-update.win32_2.0.0.202105311346/tools/bin/../lib/gcc/arm-none-eabi/9.3.1/../../../../arm-none-eabi/lib/thumb/v7e-m+fp/hard\libc_nano.a(lib_a-memcpy-stub.o)
                0x000000000800cb90                memcpy
 .text._Balloc  0x000000000800cbac       0x80 c:/st/stm32cubeide_1.8.0/stm32cubeide/plugins/com.st.stm32cube.ide.mcu.externaltools.gnu-tools-for-stm32.9-2020-q2-update.win32_2.0.0.202105311346/tools/bin/../lib/gcc/arm-none-eabi/9.3.1/../../../../arm-none-eabi/lib/thumb/v7e-m+fp/hard\libc_nano.a(lib_a-mprec.o)
                0x000000000800cbac                _Balloc
 .text._Bfree   0x000000000800cc2c       0x44 c:/st/stm32cubeide_1.8.0/stm32cubeide/plugins/com.st.stm32cube.ide.mcu.externaltools.gnu-tools-for-stm32.9-2020-q2-update.win32_2.0.0.202105311346/tools/bin/../lib/gcc/arm-none-eabi/9.3.1/../../../../arm-none-eabi/lib/thumb/v7e-m+fp/hard\libc_nano.a(lib_a-mprec.o)
                0x000000000800cc2c                _Bfree
 .text.__multadd
                0x000000000800cc70       0x94 c:/st/stm32cubeide_1.8.0/stm32cubeide/plugins/com.st.stm32cube.ide.mcu.externaltools.gnu-tools-for-stm32.9-2020-q2-update.win32_2.0.0.202105311346/tools/bin/../lib/gcc/arm-none-eabi/9.3.1/../../../../arm-none-eabi/lib/thumb/v7e-m+fp/hard\libc_nano.a(lib_a-mprec.o)
                0x000000000800cc70                __multadd
 .text.__s2b    0x000000000800cd04       0x94 c:/st/stm32cubeide_1.8.0/stm32cubeide/plugins/com.st.stm32cube.ide.mcu.externaltools.gnu-tools-for-stm32.9-2020-q2-update.win32_2.0.0.202105311346/tools/bin/../lib/gcc/arm-none-eabi/9.3.1/../../../../arm-none-eabi/lib/thumb/v7e-m+fp/hard\libc_nano.a(lib_a-mprec.o)
                0x000000000800cd04                __s2b
 .text.__hi0bits
                0x000000000800cd98       0x40 c:/st/stm32cubeide_1.8.0/stm32cubeide/plugins/com.st.stm32cube.ide.mcu.externaltools.gnu-tools-for-stm32.9-2020-q2-update.win32_2.0.0.202105311346/tools/bin/../lib/gcc/arm-none-eabi/9.3.1/../../../../arm-none-eabi/lib/thumb/v7e-m+fp/hard\libc_nano.a(lib_a-mprec.o)
                0x000000000800cd98                __hi0bits
 .text.__lo0bits
                0x000000000800cdd8       0x60 c:/st/stm32cubeide_1.8.0/stm32cubeide/plugins/com.st.stm32cube.ide.mcu.externaltools.gnu-tools-for-stm32.9-2020-q2-update.win32_2.0.0.202105311346/tools/bin/../lib/gcc/arm-none-eabi/9.3.1/../../../../arm-none-eabi/lib/thumb/v7e-m+fp/hard\libc_nano.a(lib_a-mprec.o)
                0x000000000800cdd8                __lo0bits
 .text.__i2b    0x000000000800ce38       0x2c c:/st/stm32cubeide_1.8.0/stm32cubeide/plugins/com.st.stm32cube.ide.mcu.externaltools.gnu-tools-for-stm32.9-2020-q2-update.win32_2.0.0.202105311346/tools/bin/../lib/gcc/arm-none-eabi/9.3.1/../../../../arm-none-eabi/lib/thumb/v7e-m+fp/hard\libc_nano.a(lib_a-mprec.o)
                0x000000000800ce38                __i2b
 .text.__multiply
                0x000000000800ce64      0x14c c:/st/stm32cubeide_1.8.0/stm32cubeide/plugins/com.st.stm32cube.ide.mcu.externaltools.gnu-tools-for-stm32.9-2020-q2-update.win32_2.0.0.202105311346/tools/bin/../lib/gcc/arm-none-eabi/9.3.1/../../../../arm-none-eabi/lib/thumb/v7e-m+fp/hard\libc_nano.a(lib_a-mprec.o)
                0x000000000800ce64                __multiply
 .text.__pow5mult
                0x000000000800cfb0       0xb4 c:/st/stm32cubeide_1.8.0/stm32cubeide/plugins/com.st.stm32cube.ide.mcu.externaltools.gnu-tools-for-stm32.9-2020-q2-update.win32_2.0.0.202105311346/tools/bin/../lib/gcc/arm-none-eabi/9.3.1/../../../../arm-none-eabi/lib/thumb/v7e-m+fp/hard\libc_nano.a(lib_a-mprec.o)
                0x000000000800cfb0                __pow5mult
 .text.__lshift
                0x000000000800d064       0xd8 c:/st/stm32cubeide_1.8.0/stm32cubeide/plugins/com.st.stm32cube.ide.mcu.externaltools.gnu-tools-for-stm32.9-2020-q2-update.win32_2.0.0.202105311346/tools/bin/../lib/gcc/arm-none-eabi/9.3.1/../../../../arm-none-eabi/lib/thumb/v7e-m+fp/hard\libc_nano.a(lib_a-mprec.o)
                0x000000000800d064                __lshift
 .text.__mcmp   0x000000000800d13c       0x38 c:/st/stm32cubeide_1.8.0/stm32cubeide/plugins/com.st.stm32cube.ide.mcu.externaltools.gnu-tools-for-stm32.9-2020-q2-update.win32_2.0.0.202105311346/tools/bin/../lib/gcc/arm-none-eabi/9.3.1/../../../../arm-none-eabi/lib/thumb/v7e-m+fp/hard\libc_nano.a(lib_a-mprec.o)
                0x000000000800d13c                __mcmp
 .text.__mdiff  0x000000000800d174      0x110 c:/st/stm32cubeide_1.8.0/stm32cubeide/plugins/com.st.stm32cube.ide.mcu.externaltools.gnu-tools-for-stm32.9-2020-q2-update.win32_2.0.0.202105311346/tools/bin/../lib/gcc/arm-none-eabi/9.3.1/../../../../arm-none-eabi/lib/thumb/v7e-m+fp/hard\libc_nano.a(lib_a-mprec.o)
                0x000000000800d174                __mdiff
 .text.__ulp    0x000000000800d284       0x58 c:/st/stm32cubeide_1.8.0/stm32cubeide/plugins/com.st.stm32cube.ide.mcu.externaltools.gnu-tools-for-stm32.9-2020-q2-update.win32_2.0.0.202105311346/tools/bin/../lib/gcc/arm-none-eabi/9.3.1/../../../../arm-none-eabi/lib/thumb/v7e-m+fp/hard\libc_nano.a(lib_a-mprec.o)
                0x000000000800d284                __ulp
 .text.__b2d    0x000000000800d2dc       0xa0 c:/st/stm32cubeide_1.8.0/stm32cubeide/plugins/com.st.stm32cube.ide.mcu.externaltools.gnu-tools-for-stm32.9-2020-q2-update.win32_2.0.0.202105311346/tools/bin/../lib/gcc/arm-none-eabi/9.3.1/../../../../arm-none-eabi/lib/thumb/v7e-m+fp/hard\libc_nano.a(lib_a-mprec.o)
                0x000000000800d2dc                __b2d
 .text.__d2b    0x000000000800d37c       0xb8 c:/st/stm32cubeide_1.8.0/stm32cubeide/plugins/com.st.stm32cube.ide.mcu.externaltools.gnu-tools-for-stm32.9-2020-q2-update.win32_2.0.0.202105311346/tools/bin/../lib/gcc/arm-none-eabi/9.3.1/../../../../arm-none-eabi/lib/thumb/v7e-m+fp/hard\libc_nano.a(lib_a-mprec.o)
                0x000000000800d37c                __d2b
 .text.__ratio  0x000000000800d434       0x66 c:/st/stm32cubeide_1.8.0/stm32cubeide/plugins/com.st.stm32cube.ide.mcu.externaltools.gnu-tools-for-stm32.9-2020-q2-update.win32_2.0.0.202105311346/tools/bin/../lib/gcc/arm-none-eabi/9.3.1/../../../../arm-none-eabi/lib/thumb/v7e-m+fp/hard\libc_nano.a(lib_a-mprec.o)
                0x000000000800d434                __ratio
 .text.__copybits
                0x000000000800d49a       0x46 c:/st/stm32cubeide_1.8.0/stm32cubeide/plugins/com.st.stm32cube.ide.mcu.externaltools.gnu-tools-for-stm32.9-2020-q2-update.win32_2.0.0.202105311346/tools/bin/../lib/gcc/arm-none-eabi/9.3.1/../../../../arm-none-eabi/lib/thumb/v7e-m+fp/hard\libc_nano.a(lib_a-mprec.o)
                0x000000000800d49a                __copybits
 .text.__any_on
                0x000000000800d4e0       0x42 c:/st/stm32cubeide_1.8.0/stm32cubeide/plugins/com.st.stm32cube.ide.mcu.externaltools.gnu-tools-for-stm32.9-2020-q2-update.win32_2.0.0.202105311346/tools/bin/../lib/gcc/arm-none-eabi/9.3.1/../../../../arm-none-eabi/lib/thumb/v7e-m+fp/hard\libc_nano.a(lib_a-mprec.o)
                0x000000000800d4e0                __any_on
 .text._calloc_r
                0x000000000800d522       0x1e c:/st/stm32cubeide_1.8.0/stm32cubeide/plugins/com.st.stm32cube.ide.mcu.externaltools.gnu-tools-for-stm32.9-2020-q2-update.win32_2.0.0.202105311346/tools/bin/../lib/gcc/arm-none-eabi/9.3.1/../../../../arm-none-eabi/lib/thumb/v7e-m+fp/hard\libc_nano.a(lib_a-nano-callocr.o)
                0x000000000800d522                _calloc_r
 .text._free_r  0x000000000800d540       0xa0 c:/st/stm32cubeide_1.8.0/stm32cubeide/plugins/com.st.stm32cube.ide.mcu.externaltools.gnu-tools-for-stm32.9-2020-q2-update.win32_2.0.0.202105311346/tools/bin/../lib/gcc/arm-none-eabi/9.3.1/../../../../arm-none-eabi/lib/thumb/v7e-m+fp/hard\libc_nano.a(lib_a-nano-freer.o)
                0x000000000800d540                _free_r
 .text._malloc_r
                0x000000000800d5e0       0xb4 c:/st/stm32cubeide_1.8.0/stm32cubeide/plugins/com.st.stm32cube.ide.mcu.externaltools.gnu-tools-for-stm32.9-2020-q2-update.win32_2.0.0.202105311346/tools/bin/../lib/gcc/arm-none-eabi/9.3.1/../../../../arm-none-eabi/lib/thumb/v7e-m+fp/hard\libc_nano.a(lib_a-nano-mallocr.o)
                0x000000000800d5e0                _malloc_r
 .text.__ssputs_r
                0x000000000800d694       0xb6 c:/st/stm32cubeide_1.8.0/stm32cubeide/plugins/com.st.stm32cube.ide.mcu.externaltools.gnu-tools-for-stm32.9-2020-q2-update.win32_2.0.0.202105311346/tools/bin/../lib/gcc/arm-none-eabi/9.3.1/../../../../arm-none-eabi/lib/thumb/v7e-m+fp/hard\libc_nano.a(lib_a-nano-svfprintf.o)
                0x000000000800d694                __ssputs_r
 *fill*         0x000000000800d74a        0x2 
 .text._svfprintf_r
                0x000000000800d74c      0x200 c:/st/stm32cubeide_1.8.0/stm32cubeide/plugins/com.st.stm32cube.ide.mcu.externaltools.gnu-tools-for-stm32.9-2020-q2-update.win32_2.0.0.202105311346/tools/bin/../lib/gcc/arm-none-eabi/9.3.1/../../../../arm-none-eabi/lib/thumb/v7e-m+fp/hard\libc_nano.a(lib_a-nano-svfprintf.o)
                0x000000000800d74c                _svfiprintf_r
                0x000000000800d74c                _svfprintf_r
 .text._sungetc_r
                0x000000000800d94c       0x7a c:/st/stm32cubeide_1.8.0/stm32cubeide/plugins/com.st.stm32cube.ide.mcu.externaltools.gnu-tools-for-stm32.9-2020-q2-update.win32_2.0.0.202105311346/tools/bin/../lib/gcc/arm-none-eabi/9.3.1/../../../../arm-none-eabi/lib/thumb/v7e-m+fp/hard\libc_nano.a(lib_a-nano-svfscanf.o)
                0x000000000800d94c                _sungetc_r
 .text.__ssrefill_r