Archive member included to satisfy reference by file (symbol)

c:/st/stm32cubeide_1.8.0/stm32cubeide/plugins/com.st.stm32cube.ide.mcu.externaltools.gnu-tools-for-stm32.9-2020-q2-update.win32_2.0.0.202105311346/tools/bin/../lib/gcc/arm-none-eabi/9.3.1/../../../../arm-none-eabi/lib/thumb/v7e-m+fp/hard\libc_nano.a(lib_a-errno.o)
                              ./Core/Src/syscalls.o (__errno)
c:/st/stm32cubeide_1.8.0/stm32cubeide/plugins/com.st.stm32cube.ide.mcu.externaltools.gnu-tools-for-stm32.9-2020-q2-update.win32_2.0.0.202105311346/tools/bin/../lib/gcc/arm-none-eabi/9.3.1/../../../../arm-none-eabi/lib/thumb/v7e-m+fp/hard\libc_nano.a(lib_a-exit.o)
                              c:/st/stm32cubeide_1.8.0/stm32cubeide/plugins/com.st.stm32cube.ide.mcu.externaltools.gnu-tools-for-stm32.9-2020-q2-update.win32_2.0.0.202105311346/tools/bin/../lib/gcc/arm-none-eabi/9.3.1/../../../../arm-none-eabi/lib/thumb/v7e-m+fp/hard/crt0.o (exit)
c:/st/stm32cubeide_1.8.0/stm32cubeide/plugins/com.st.stm32cube.ide.mcu.externaltools.gnu-tools-for-stm32.9-2020-q2-update.win32_2.0.0.202105311346/tools/bin/../lib/gcc/arm-none-eabi/9.3.1/../../../../arm-none-eabi/lib/thumb/v7e-m+fp/hard\libc_nano.a(lib_a-impure.o)
                              c:/st/stm32cubeide_1.8.0/stm32cubeide/plugins/com.st.stm32cube.ide.mcu.externaltools.gnu-tools-for-stm32.9-2020-q2-update.win32_2.0.0.202105311346/tools/bin/../lib/gcc/arm-none-eabi/9.3.1/../../../../arm-none-eabi/lib/thumb/v7e-m+fp/hard\libc_nano.a(lib_a-exit.o) (_global_impure_ptr)
c:/st/stm32cubeide_1.8.0/stm32cubeide/plugins/com.st.stm32cube.ide.mcu.externaltools.gnu-tools-for-stm32.9-2020-q2-update.win32_2.0.0.202105311346/tools/bin/../lib/gcc/arm-none-eabi/9.3.1/../../../../arm-none-eabi/lib/thumb/v7e-m+fp/hard\libc_nano.a(lib_a-init.o)
                              c:/st/stm32cubeide_1.8.0/stm32cubeide/plugins/com.st.stm32cube.ide.mcu.externaltools.gnu-tools-for-stm32.9-2020-q2-update.win32_2.0.0.202105311346/tools/bin/../lib/gcc/arm-none-eabi/9.3.1/../../../../arm-none-eabi/lib/thumb/v7e-m+fp/hard/crt0.o (__libc_init_array)
c:/st/stm32cubeide_1.8.0/stm32cubeide/plugins/com.st.stm32cube.ide.mcu.externaltools.gnu-tools-for-stm32.9-2020-q2-update.win32_2.0.0.202105311346/tools/bin/../lib/gcc/arm-none-eabi/9.3.1/../../../../arm-none-eabi/lib/thumb/v7e-m+fp/hard\libc_nano.a(lib_a-memcmp.o)
                              ./Core/Src/option.o (memcmp)
c:/st/stm32cubeide_1.8.0/stm32cubeide/plugins/com.st.stm32cube.ide.mcu.externaltools.gnu-tools-for-stm32.9-2020-q2-update.win32_2.0.0.202105311346/tools/bin/../lib/gcc/arm-none-eabi/9.3.1/../../../../arm-none-eabi/lib/thumb/v7e-m+fp/hard\libc_nano.a(lib_a-memset.o)
                              c:/st/stm32cubeide_1.8.0/stm32cubeide/plugins/com.st.stm32cube.ide.mcu.externaltools.gnu-tools-for-stm32.9-2020-q2-update.win32_2.0.0.202105311346/tools/bin/../lib/gcc/arm-none-eabi/9.3.1/../../../../arm-none-eabi/lib/thumb/v7e-m+fp/hard/crt0.o (memset)
c:/st/stm32cubeide_1.8.0/stm32cubeide/plugins/com.st.stm32cube.ide.mcu.externaltools.gnu-tools-for-stm32.9-2020-q2-update.win32_2.0.0.202105311346/tools/bin/../lib/gcc/arm-none-eabi/9.3.1/../../../../arm-none-eabi/lib/thumb/v7e-m+fp/hard\libc_nano.a(lib_a-nano-vfprintf_float.o)
                              (_printf_float)
c:/st/stm32cubeide_1.8.0/stm32cubeide/plugins/com.st.stm32cube.ide.mcu.externaltools.gnu-tools-for-stm32.9-2020-q2-update.win32_2.0.0.202105311346/tools/bin/../lib/gcc/arm-none-eabi/9.3.1/../../../../arm-none-eabi/lib/thumb/v7e-m+fp/hard\libc_nano.a(lib_a-nano-vfprintf_i.o)
                              c:/st/stm32cubeide_1.8.0/stm32cubeide/plugins/com.st.stm32cube.ide.mcu.externaltools.gnu-tools-for-stm32.9-2020-q2-update.win32_2.0.0.202105311346/tools/bin/../lib/gcc/arm-none-eabi/9.3.1/../../../../arm-none-eabi/lib/thumb/v7e-m+fp/hard\libc_nano.a(lib_a-nano-vfprintf_float.o) (_printf_common)
c:/st/stm32cubeide_1.8.0/stm32cubeide/plugins/com.st.stm32cube.ide.mcu.externaltools.gnu-tools-for-stm32.9-2020-q2-update.win32_2.0.0.202105311346/tools/bin/../lib/gcc/arm-none-eabi/9.3.1/../../../../arm-none-eabi/lib/thumb/v7e-m+fp/hard\libc_nano.a(lib_a-nano-vfscanf_float.o)
                              (_scanf_float)
c:/st/stm32cubeide_1.8.0/stm32cubeide/plugins/com.st.stm32cube.ide.mcu.externaltools.gnu-tools-for-stm32.9-2020-q2-update.win32_2.0.0.202105311346/tools/bin/../lib/gcc/arm-none-eabi/9.3.1/../../../../arm-none-eabi/lib/thumb/v7e-m+fp/hard\libc_nano.a(lib_a-sf_nan.o)
                              c:/st/stm32cubeide_1.8.0/stm32cubeide/plugins/com.st.stm32cube.ide.mcu.externaltools.gnu-tools-for-stm32.9-2020-q2-update.win32_2.0.0.202105311346/tools/bin/../lib/gcc/arm-none-eabi/9.3.1/../../../../arm-none-eabi/lib/thumb/v7e-m+fp/hard\libc_nano.a(lib_a-nano-vfscanf_float.o) (nanf)
[...]
Memory Configuration

Name             Origin             Length             Attributes
RAM              0x0000000020000000 0x0000000000020000 xrw
FLASH            0x0000000008000000 0x0000000000020000 xr
*default*        0x0000000000000000 0xffffffffffffffff

Linker script and memory map

LOAD c:/st/stm32cubeide_1.8.0/stm32cubeide/plugins/com.st.stm32cube.ide.mcu.externaltools.gnu-tools-for-stm32.9-2020-q2-update.win32_2.0.0.202105311346/tools/bin/../lib/gcc/arm-none-eabi/9.3.1/thumb/v7e-m+fp/hard/crti.o
LOAD c:/st/stm32cubeide_1.8.0/stm32cubeide/plugins/com.st.stm32cube.ide.mcu.externaltools.gnu-tools-for-stm32.9-2020-q2-update.win32_2.0.0.202105311346/tools/bin/../lib/gcc/arm-none-eabi/9.3.1/thumb/v7e-m+fp/hard/crtbegin.o
LOAD c:/st/stm32cubeide_1.8.0/stm32cubeide/plugins/com.st.stm32cube.ide.mcu.externaltools.gnu-tools-for-stm32.9-2020-q2-update.win32_2.0.0.202105311346/tools/bin/../lib/gcc/arm-none-eabi/9.3.1/../../../../arm-none-eabi/lib/thumb/v7e-m+fp/hard/crt0.o
LOAD ./Core/Src/IHMctrl.o
LOAD ./Core/Src/com.o
LOAD ./Core/Src/dma.o
LOAD ./Core/Src/feeder.o
LOAD ./Core/Src/gpio.o
LOAD ./Core/Src/hardControl.o
LOAD ./Core/Src/i2c.o
LOAD ./Core/Src/ioext.o
LOAD ./Core/Src/main.o
LOAD ./Core/Src/motor.o
LOAD ./Core/Src/option.o
LOAD ./Core/Src/spi.o
LOAD ./Core/Src/stm32g4xx_hal_msp.o
LOAD ./Core/Src/stm32g4xx_it.o
LOAD ./Core/Src/syscalls.o
LOAD ./Core/Src/sysmem.o
LOAD ./Core/Src/system_stm32g4xx.o
LOAD ./Core/Src/tim.o
LOAD ./Core/Src/usart.o
LOAD ./Core/Startup/startup_stm32g474rbtx.o
LOAD ./Drivers/STM32G4xx_HAL_Driver/Src/stm32g4xx_hal.o
LOAD ./Drivers/STM32G4xx_HAL_Driver/Src/stm32g4xx_hal_cortex.o
LOAD ./Drivers/STM32G4xx_HAL_Driver/Src/stm32g4xx_hal_dma.o
LOAD ./Drivers/STM32G4xx_HAL_Driver/Src/stm32g4xx_hal_dma_ex.o
LOAD ./Drivers/STM32G4xx_HAL_Driver/Src/stm32g4xx_hal_exti.o
LOAD ./Drivers/STM32G4xx_HAL_Driver/Src/stm32g4xx_hal_flash.o
LOAD ./Drivers/STM32G4xx_HAL_Driver/Src/stm32g4xx_hal_flash_ex.o
LOAD ./Drivers/STM32G4xx_HAL_Driver/Src/stm32g4xx_hal_flash_ramfunc.o
LOAD ./Drivers/STM32G4xx_HAL_Driver/Src/stm32g4xx_hal_gpio.o
LOAD ./Drivers/STM32G4xx_HAL_Driver/Src/stm32g4xx_hal_pwr.o
LOAD ./Drivers/STM32G4xx_HAL_Driver/Src/stm32g4xx_hal_pwr_ex.o
LOAD ./Drivers/STM32G4xx_HAL_Driver/Src/stm32g4xx_hal_rcc.o
LOAD ./Drivers/STM32G4xx_HAL_Driver/Src/stm32g4xx_hal_rcc_ex.o
LOAD ./Drivers/STM32G4xx_HAL_Driver/Src/stm32g4xx_hal_tim.o
LOAD ./Drivers/STM32G4xx_HAL_Driver/Src/stm32g4xx_hal_tim_ex.o
LOAD ./Drivers/STM32G4xx_HAL_Driver/Src/stm32g4xx_ll_dma.o
LOAD ./Drivers/STM32G4xx_HAL_Driver/Src/stm32g4xx_ll_exti.o
LOAD ./Drivers/STM32G4xx_HAL_Driver/Src/stm32g4xx_ll_gpio.o
LOAD ./Drivers/STM32G4xx_HAL_Driver/Src/stm32g4xx_ll_i2c.o
LOAD ./Drivers/STM32G4xx_HAL_Driver/Src/stm32g4xx_ll_pwr.o
LOAD ./Drivers/STM32G4xx_HAL_Driver/Src/stm32g4xx_ll_rcc.o
LOAD ./Drivers/STM32G4xx_HAL_Driver/Src/stm32g4xx_ll_spi.o
LOAD ./Drivers/STM32G4xx_HAL_Driver/Src/stm32g4xx_ll_tim.o
LOAD ./Drivers/STM32G4xx_HAL_Driver/Src/stm32g4xx_ll_usart.o
LOAD ./Drivers/STM32G4xx_HAL_Driver/Src/stm32g4xx_ll_utils.o
START GROUP
LOAD c:/st/stm32cubeide_1.8.0/stm32cubeide/plugins/com.st.stm32cube.ide.mcu.externaltools.gnu-tools-for-stm32.9-2020-q2-update.win32_2.0.0.202105311346/tools/bin/../lib/gcc/arm-none-eabi/9.3.1/../../../../arm-none-eabi/lib/thumb/v7e-m+fp/hard\libc_nano.a
LOAD c:/st/stm32cubeide_1.8.0/stm32cubeide/plugins/com.st.stm32cube.ide.mcu.externaltools.gnu-tools-for-stm32.9-2020-q2-update.win32_2.0.0.202105311346/tools/bin/../lib/gcc/arm-none-eabi/9.3.1/../../../../arm-none-eabi/lib/thumb/v7e-m+fp/hard\libm.a
END GROUP
START GROUP
LOAD c:/st/stm32cubeide_1.8.0/stm32cubeide/plugins/com.st.stm32cube.ide.mcu.externaltools.gnu-tools-for-stm32.9-2020-q2-update.win32_2.0.0.202105311346/tools/bin/../lib/gcc/arm-none-eabi/9.3.1/thumb/v7e-m+fp/hard\libgcc.a
LOAD c:/st/stm32cubeide_1.8.0/stm32cubeide/plugins/com.st.stm32cube.ide.mcu.externaltools.gnu-tools-for-stm32.9-2020-q2-update.win32_2.0.0.202105311346/tools/bin/../lib/gcc/arm-none-eabi/9.3.1/../../../../arm-none-eabi/lib/thumb/v7e-m+fp/hard\libc_nano.a
END GROUP
START GROUP
LOAD c:/st/stm32cubeide_1.8.0/stm32cubeide/plugins/com.st.stm32cube.ide.mcu.externaltools.gnu-tools-for-stm32.9-2020-q2-update.win32_2.0.0.202105311346/tools/bin/../lib/gcc/arm-none-eabi/9.3.1/thumb/v7e-m+fp/hard\libgcc.a
LOAD c:/st/stm32cubeide_1.8.0/stm32cubeide/plugins/com.st.stm32cube.ide.mcu.externaltools.gnu-tools-for-stm32.9-2020-q2-update.win32_2.0.0.202105311346/tools/bin/../lib/gcc/arm-none-eabi/9.3.1/../../../../arm-none-eabi/lib/thumb/v7e-m+fp/hard\libc_nano.a
LOAD c:/st/stm32cubeide_1.8.0/stm32cubeide/plugins/com.st.stm32cube.ide.mcu.externaltools.gnu-tools-for-stm32.9-2020-q2-update.win32_2.0.0.202105311346/tools/bin/../lib/gcc/arm-none-eabi/9.3.1/../../../../arm-none-eabi/lib/thumb/v7e-m+fp/hard\libnosys.a
END GROUP
START GROUP
LOAD c:/st/stm32cubeide_1.8.0/stm32cubeide/plugins/com.st.stm32cube.ide.mcu.externaltools.gnu-tools-for-stm32.9-2020-q2-update.win32_2.0.0.202105311346/tools/bin/../lib/gcc/arm-none-eabi/9.3.1/thumb/v7e-m+fp/hard\libgcc.a
LOAD c:/st/stm32cubeide_1.8.0/stm32cubeide/plugins/com.st.stm32cube.ide.mcu.externaltools.gnu-tools-for-stm32.9-2020-q2-update.win32_2.0.0.202105311346/tools/bin/../lib/gcc/arm-none-eabi/9.3.1/../../../../arm-none-eabi/lib/thumb/v7e-m+fp/hard\libc_nano.a
LOAD c:/st/stm32cubeide_1.8.0/stm32cubeide/plugins/com.st.stm32cube.ide.mcu.externaltools.gnu-tools-for-stm32.9-2020-q2-update.win32_2.0.0.202105311346/tools/bin/../lib/gcc/arm-none-eabi/9.3.1/../../../../arm-none-eabi/lib/thumb/v7e-m+fp/hard\libnosys.a
END GROUP
LOAD c:/st/stm32cubeide_1.8.0/stm32cubeide/plugins/com.st.stm32cube.ide.mcu.externaltools.gnu-tools-for-stm32.9-2020-q2-update.win32_2.0.0.202105311346/tools/bin/../lib/gcc/arm-none-eabi/9.3.1/thumb/v7e-m+fp/hard/crtend.o
LOAD c:/st/stm32cubeide_1.8.0/stm32cubeide/plugins/com.st.stm32cube.ide.mcu.externaltools.gnu-tools-for-stm32.9-2020-q2-update.win32_2.0.0.202105311346/tools/bin/../lib/gcc/arm-none-eabi/9.3.1/thumb/v7e-m+fp/hard/crtn.o
                0x0000000020020000                _estack = (ORIGIN (RAM) + LENGTH (RAM))
                0x0000000000000200                _Min_Heap_Size = 0x200
                0x0000000000000400                _Min_Stack_Size = 0x400

.isr_vector     0x0000000008000000      0x1d8
                0x0000000008000000                . = ALIGN (0x4)
 *(.isr_vector)
 .isr_vector    0x0000000008000000      0x1d8 ./Core/Startup/startup_stm32g474rbtx.o
                0x0000000008000000                g_pfnVectors
                0x00000000080001d8                . = ALIGN (0x4)

.text           0x00000000080001e0     0xe460
                0x00000000080001e0                . = ALIGN (0x4)
 *(.text)
 .text          0x00000000080001e0       0x40 c:/st/stm32cubeide_1.8.0/stm32cubeide/plugins/com.st.stm32cube.ide.mcu.externaltools.gnu-tools-for-stm32.9-2020-q2-update.win32_2.0.0.202105311346/tools/bin/../lib/gcc/arm-none-eabi/9.3.1/thumb/v7e-m+fp/hard/crtbegin.o
 .text          0x0000000008000220       0x10 c:/st/stm32cubeide_1.8.0/stm32cubeide/plugins/com.st.stm32cube.ide.mcu.externaltools.gnu-tools-for-stm32.9-2020-q2-update.win32_2.0.0.202105311346/tools/bin/../lib/gcc/arm-none-eabi/9.3.1/../../../../arm-none-eabi/lib/thumb/v7e-m+fp/hard\libc_nano.a(lib_a-strlen.o)
                0x0000000008000220                strlen
 .text          0x0000000008000230       0xa0 c:/st/stm32cubeide_1.8.0/stm32cubeide/plugins/com.st.stm32cube.ide.mcu.externaltools.gnu-tools-for-stm32.9-2020-q2-update.win32_2.0.0.202105311346/tools/bin/../lib/gcc/arm-none-eabi/9.3.1/../../../../arm-none-eabi/lib/thumb/v7e-m+fp/hard\libc_nano.a(lib_a-memchr.o)
                0x0000000008000230                memchr
 .text          0x00000000080002d0      0x378 c:/st/stm32cubeide_1.8.0/stm32cubeide/plugins/com.st.stm32cube.ide.mcu.externaltools.gnu-tools-for-stm32.9-2020-q2-update.win32_2.0.0.202105311346/tools/bin/../lib/gcc/arm-none-eabi/9.3.1/thumb/v7e-m+fp/hard\libgcc.a(_arm_addsubdf3.o)
                0x00000000080002d0                __aeabi_drsub
                0x00000000080002d8                __aeabi_dsub
                0x00000000080002d8                __subdf3
                0x00000000080002dc                __aeabi_dadd
                0x00000000080002dc                __adddf3
                0x0000000008000554                __floatunsidf
                0x0000000008000554                __aeabi_ui2d
                0x0000000008000574                __floatsidf
                0x0000000008000574                __aeabi_i2d
                0x0000000008000598                __aeabi_f2d
                0x0000000008000598                __extendsfdf2
                0x00000000080005dc                __floatundidf
                0x00000000080005dc                __aeabi_ul2d
                0x00000000080005ec                __floatdidf
                0x00000000080005ec                __aeabi_l2d
 .text          0x0000000008000648      0x424 c:/st/stm32cubeide_1.8.0/stm32cubeide/plugins/com.st.stm32cube.ide.mcu.externaltools.gnu-tools-for-stm32.9-2020-q2-update.win32_2.0.0.202105311346/tools/bin/../lib/gcc/arm-none-eabi/9.3.1/thumb/v7e-m+fp/hard\libgcc.a(_arm_muldivdf3.o)
                0x0000000008000648                __aeabi_dmul
                0x0000000008000648                __muldf3
                0x000000000800089c                __divdf3
                0x000000000800089c                __aeabi_ddiv
 .text          0x0000000008000a6c      0x110 c:/st/stm32cubeide_1.8.0/stm32cubeide/plugins/com.st.stm32cube.ide.mcu.externaltools.gnu-tools-for-stm32.9-2020-q2-update.win32_2.0.0.202105311346/tools/bin/../lib/gcc/arm-none-eabi/9.3.1/thumb/v7e-m+fp/hard\libgcc.a(_arm_cmpdf2.o)
                0x0000000008000a6c                __gtdf2
                0x0000000008000a6c                __gedf2
                0x0000000008000a74                __ltdf2
                0x0000000008000a74                __ledf2
                0x0000000008000a7c                __nedf2
                0x0000000008000a7c                __eqdf2
                0x0000000008000a7c                __cmpdf2
                0x0000000008000af8                __aeabi_cdrcmple
                0x0000000008000b08                __aeabi_cdcmpeq
                0x0000000008000b08                __aeabi_cdcmple
                0x0000000008000b18                __aeabi_dcmpeq
                0x0000000008000b2c                __aeabi_dcmplt
                0x0000000008000b40                __aeabi_dcmple
                0x0000000008000b54                __aeabi_dcmpge
                0x0000000008000b68                __aeabi_dcmpgt
 .text          0x0000000008000b7c       0x2c c:/st/stm32cubeide_1.8.0/stm32cubeide/plugins/com.st.stm32cube.ide.mcu.externaltools.gnu-tools-for-stm32.9-2020-q2-update.win32_2.0.0.202105311346/tools/bin/../lib/gcc/arm-none-eabi/9.3.1/thumb/v7e-m+fp/hard\libgcc.a(_arm_unorddf2.o)
                0x0000000008000b7c                __unorddf2
                0x0000000008000b7c                __aeabi_dcmpun
 .text          0x0000000008000ba8       0x50 c:/st/stm32cubeide_1.8.0/stm32cubeide/plugins/com.st.stm32cube.ide.mcu.externaltools.gnu-tools-for-stm32.9-2020-q2-update.win32_2.0.0.202105311346/tools/bin/../lib/gcc/arm-none-eabi/9.3.1/thumb/v7e-m+fp/hard\libgcc.a(_arm_fixdfsi.o)
                0x0000000008000ba8                __aeabi_d2iz
                0x0000000008000ba8                __fixdfsi
 .text          0x0000000008000bf8       0x40 c:/st/stm32cubeide_1.8.0/stm32cubeide/plugins/com.st.stm32cube.ide.mcu.externaltools.gnu-tools-for-stm32.9-2020-q2-update.win32_2.0.0.202105311346/tools/bin/../lib/gcc/arm-none-eabi/9.3.1/thumb/v7e-m+fp/hard\libgcc.a(_arm_fixunsdfsi.o)
                0x0000000008000bf8                __aeabi_d2uiz
                0x0000000008000bf8                __fixunsdfsi
 .text          0x0000000008000c38       0xa0 c:/st/stm32cubeide_1.8.0/stm32cubeide/plugins/com.st.stm32cube.ide.mcu.externaltools.gnu-tools-for-stm32.9-2020-q2-update.win32_2.0.0.202105311346/tools/bin/../lib/gcc/arm-none-eabi/9.3.1/thumb/v7e-m+fp/hard\libgcc.a(_arm_truncdfsf2.o)
                0x0000000008000c38                __truncdfsf2
                0x0000000008000c38                __aeabi_d2f
 .text          0x0000000008000cd8       0x30 c:/st/stm32cubeide_1.8.0/stm32cubeide/plugins/com.st.stm32cube.ide.mcu.externaltools.gnu-tools-for-stm32.9-2020-q2-update.win32_2.0.0.202105311346/tools/bin/../lib/gcc/arm-none-eabi/9.3.1/thumb/v7e-m+fp/hard\libgcc.a(_fixdfdi.o)
                0x0000000008000cd8                __fixdfdi
                0x0000000008000cd8                __aeabi_d2lz
 .text          0x0000000008000d08       0x3c c:/st/stm32cubeide_1.8.0/stm32cubeide/plugins/com.st.stm32cube.ide.mcu.externaltools.gnu-tools-for-stm32.9-2020-q2-update.win32_2.0.0.202105311346/tools/bin/../lib/gcc/arm-none-eabi/9.3.1/thumb/v7e-m+fp/hard\libgcc.a(_fixunsdfdi.o)
                0x0000000008000d08                __fixunsdfdi
                0x0000000008000d08                __aeabi_d2ulz
 *(.text*)
 .text.axisIsEna
                0x0000000008000d44       0x2c ./Core/Src/IHMctrl.o
                0x0000000008000d44                axisIsEna
 .text.IHMctrlInit
                0x0000000008000d70       0xac ./Core/Src/IHMctrl.o
                0x0000000008000d70                IHMctrlInit
 .text.getFloatAxisVal
                0x0000000008000e1c       0xbc ./Core/Src/IHMctrl.o
                0x0000000008000e1c                getFloatAxisVal
 .text.sendPos  0x0000000008000ed8       0x7c ./Core/Src/IHMctrl.o
                0x0000000008000ed8                sendPos
 .text.setZHeasRefCommad
                0x0000000008000f54       0x4c ./Core/Src/IHMctrl.o
                0x0000000008000f54                setZHeasRefCommad
 .text.setScanRefCommad
                0x0000000008000fa0       0x4c ./Core/Src/IHMctrl.o
                0x0000000008000fa0                setScanRefCommad
 .text.setBoardRefCommad
                0x0000000008000fec       0x4c ./Core/Src/IHMctrl.o
                0x0000000008000fec                setBoardRefCommad
 .text.setSpeedCommand
                0x0000000008001038       0x4c ./Core/Src/IHMctrl.o
                0x0000000008001038                setSpeedCommand
 .text.setAccelCommand
                0x0000000008001084       0x4c ./Core/Src/IHMctrl.o
                0x0000000008001084                setAccelCommand
 .text.setStepConfCommand
                0x00000000080010d0       0x4c ./Core/Src/IHMctrl.o
                0x00000000080010d0                setStepConfCommand
 .text.homeCommand
                0x000000000800111c       0xa8 ./Core/Src/IHMctrl.o
                0x000000000800111c                homeCommand
 .text.moveCommand
                0x00000000080011c4       0x84 ./Core/Src/IHMctrl.o
                0x00000000080011c4                moveCommand
 .text.readAccel
                0x0000000008001248       0x8c ./Core/Src/IHMctrl.o
                0x0000000008001248                readAccel
 .text.readStepConf
                0x00000000080012d4       0x8c ./Core/Src/IHMctrl.o
                0x00000000080012d4                readStepConf
 .text.readSpeed
                0x0000000008001360       0x8c ./Core/Src/IHMctrl.o
                0x0000000008001360                readSpeed
 .text.readScanRef
                0x00000000080013ec       0x7c ./Core/Src/IHMctrl.o
                0x00000000080013ec                readScanRef
 .text.readBoardRef
                0x0000000008001468       0x7c ./Core/Src/IHMctrl.o
                0x0000000008001468                readBoardRef
 .text.readZHeadOff
                0x00000000080014e4       0x40 ./Core/Src/IHMctrl.o
                0x00000000080014e4                readZHeadOff
 .text.sendFeederList
                0x0000000008001524       0xbc ./Core/Src/IHMctrl.o
                0x0000000008001524                sendFeederList
 .text.getFeederParam
                0x00000000080015e0       0xe8 ./Core/Src/IHMctrl.o
                0x00000000080015e0                getFeederParam
 .text.setFeederParam
                0x00000000080016c8       0xac ./Core/Src/IHMctrl.o
                0x00000000080016c8                setFeederParam
 .text.flashSaveFeeder
                0x0000000008001774       0x3c ./Core/Src/IHMctrl.o
                0x0000000008001774                flashSaveFeeder
 .text.feederMove
                0x00000000080017b0       0x3c ./Core/Src/IHMctrl.o
                0x00000000080017b0                feederMove
 .text.readCommand
                0x00000000080017ec      0x14c ./Core/Src/IHMctrl.o
                0x00000000080017ec                readCommand
 .text.confCommand
                0x0000000008001938      0x1e8 ./Core/Src/IHMctrl.o
                0x0000000008001938                confCommand
 .text.Gcommand
                0x0000000008001b20       0xf0 ./Core/Src/IHMctrl.o
                0x0000000008001b20                Gcommand
 .text.feederCommand
                0x0000000008001c10       0x96 ./Core/Src/IHMctrl.o
                0x0000000008001c10                feederCommand
 *fill*         0x0000000008001ca6        0x2 
 .text.specialCommandCommand
                0x0000000008001ca8      0x1a4 ./Core/Src/IHMctrl.o
                0x0000000008001ca8                specialCommandCommand
 .text.externalCom
                0x0000000008001e4c       0x84 ./Core/Src/IHMctrl.o
                0x0000000008001e4c                externalCom
 .text.homeFunction
                0x0000000008001ed0      0x2b8 ./Core/Src/IHMctrl.o
                0x0000000008001ed0                homeFunction
 .text.printStatus
                0x0000000008002188       0x80 ./Core/Src/IHMctrl.o
                0x0000000008002188                printStatus
 .text.appLoop  0x0000000008002208       0xd4 ./Core/Src/IHMctrl.o
                0x0000000008002208                appLoop
 .text.LL_DMA_EnableChannel
                0x00000000080022dc       0x44 ./Core/Src/com.o
 .text.LL_DMA_DisableChannel
                0x0000000008002320       0x44 ./Core/Src/com.o
 .text.LL_DMA_SetDataLength
                0x0000000008002364       0x4c ./Core/Src/com.o
 .text.LL_DMA_SetMemoryAddress
                0x00000000080023b0       0x34 ./Core/Src/com.o
 .text.LL_DMA_SetPeriphAddress
                0x00000000080023e4       0x34 ./Core/Src/com.o
 .text.LL_DMA_ClearFlag_TC1
                0x0000000008002418       0x1a ./Core/Src/com.o
 .text.LL_USART_IsActiveFlag_TC
                0x0000000008002432       0x26 ./Core/Src/com.o
 .text.LL_USART_EnableDMAReq_TX
                0x0000000008002458       0x20 ./Core/Src/com.o
 .text.rcClearBuffer
                0x0000000008002478       0x50 ./Core/Src/com.o
                0x0000000008002478                rcClearBuffer
 .text.rcInit   0x00000000080024c8       0x22 ./Core/Src/com.o
                0x00000000080024c8                rcInit
 *fill*         0x00000000080024ea        0x2 
 .text.rcGetCommand
                0x00000000080024ec       0xdc ./Core/Src/com.o
                0x00000000080024ec                rcGetCommand
 .text.tcClearBuffer
                0x00000000080025c8       0x48 ./Core/Src/com.o
                0x00000000080025c8                tcClearBuffer
 .text.tcInit   0x0000000008002610       0x2e ./Core/Src/com.o
                0x0000000008002610                tcInit
 .text.tcDMAconfigure
                0x000000000800263e       0x2a ./Core/Src/com.o
                0x000000000800263e                tcDMAconfigure
 .text.tcDMASend
                0x0000000008002668       0x84 ./Core/Src/com.o
                0x0000000008002668                tcDMASend
 .text.tcDMASendStr
                0x00000000080026ec       0x5e ./Core/Src/com.o
                0x00000000080026ec                tcDMASendStr
 *fill*         0x000000000800274a        0x2 
 .text.__NVIC_GetPriorityGrouping
                0x000000000800274c       0x1c ./Core/Src/dma.o
 .text.__NVIC_EnableIRQ
                0x0000000008002768       0x3c ./Core/Src/dma.o
 .text.__NVIC_SetPriority
                0x00000000080027a4       0x54 ./Core/Src/dma.o
 .text.NVIC_EncodePriority
                0x00000000080027f8       0x66 ./Core/Src/dma.o
 *fill*         0x000000000800285e        0x2 
 .text.LL_AHB1_GRP1_EnableClock
                0x0000000008002860       0x30 ./Core/Src/dma.o
 .text.MX_DMA_Init
                0x0000000008002890       0x34 ./Core/Src/dma.o
                0x0000000008002890                MX_DMA_Init
 .text.feederScan
                0x00000000080028c4       0x78 ./Core/Src/feeder.o
                0x00000000080028c4                feederScan
 .text.feederGetStatus
                0x000000000800293c       0x30 ./Core/Src/feeder.o
                0x000000000800293c                feederGetStatus
 .text.feederIsBusy
                0x000000000800296c       0x2a ./Core/Src/feeder.o
                0x000000000800296c                feederIsBusy
 *fill*         0x0000000008002996        0x2 
 .text.feederFlashSave
                0x0000000008002998       0x54 ./Core/Src/feeder.o
                0x0000000008002998                feederFlashSave
 .text.feederSendStep
                0x00000000080029ec       0x54 ./Core/Src/feeder.o
                0x00000000080029ec                feederSendStep
 .text.feederGetName
                0x0000000008002a40       0x6c ./Core/Src/feeder.o
                0x0000000008002a40                feederGetName
 .text.feederSetName
                0x0000000008002aac       0x48 ./Core/Src/feeder.o
                0x0000000008002aac                feederSetName
 .text.feederGetPos
                0x0000000008002af4       0x40 ./Core/Src/feeder.o
                0x0000000008002af4                feederGetPos
 .text.feederSetPos
                0x0000000008002b34       0x6c ./Core/Src/feeder.o
                0x0000000008002b34                feederSetPos
 .text.feederSetStepSize
                0x0000000008002ba0       0x2c ./Core/Src/feeder.o
                0x0000000008002ba0                feederSetStepSize
 .text.feederGetStepSize
                0x0000000008002bcc       0x2c ./Core/Src/feeder.o
                0x0000000008002bcc                feederGetStepSize
 .text.feederSetCMPB
                0x0000000008002bf8       0x2c ./Core/Src/feeder.o
                0x0000000008002bf8                feederSetCMPB
 .text.feederGetCMPB
                0x0000000008002c24       0x2c ./Core/Src/feeder.o
                0x0000000008002c24                feederGetCMPB
 .text.MX_GPIO_Init
                0x0000000008002c50      0x178 ./Core/Src/gpio.o
                0x0000000008002c50                MX_GPIO_Init
 .text.LL_GPIO_SetOutputPin
                0x0000000008002dc8       0x1c ./Core/Src/hardControl.o
 .text.LL_GPIO_ResetOutputPin
                0x0000000008002de4       0x1c ./Core/Src/hardControl.o
 .text.homeXisOn
                0x0000000008002e00       0x24 ./Core/Src/hardControl.o
 .text.homeYisOn
                0x0000000008002e24       0x24 ./Core/Src/hardControl.o
 .text.homeZisOn
                0x0000000008002e48       0x24 ./Core/Src/hardControl.o
 .text.homeTisOn
                0x0000000008002e6c       0x24 ./Core/Src/hardControl.o
 .text.hcInit   0x0000000008002e90       0x7c ./Core/Src/hardControl.o
                0x0000000008002e90                hcInit
 .text.hcSetZHeadOffset
                0x0000000008002f0c       0x20 ./Core/Src/hardControl.o
                0x0000000008002f0c                hcSetZHeadOffset
 .text.hcGetZHeadOffset
                0x0000000008002f2c       0x20 ./Core/Src/hardControl.o
                0x0000000008002f2c                hcGetZHeadOffset
 .text.hcFlashSave
                0x0000000008002f4c       0x16 ./Core/Src/hardControl.o
                0x0000000008002f4c                hcFlashSave
 *fill*         0x0000000008002f62        0x2 
 .text.setDigitalOutput
                0x0000000008002f64       0x8c ./Core/Src/hardControl.o
                0x0000000008002f64                setDigitalOutput
 .text.resetDigitalOutput
                0x0000000008002ff0       0x90 ./Core/Src/hardControl.o
                0x0000000008002ff0                resetDigitalOutput
 .text.hcSetBoardPos
                0x0000000008003080       0x48 ./Core/Src/hardControl.o
                0x0000000008003080                hcSetBoardPos
 .text.hcGetBoardPos
                0x00000000080030c8       0x38 ./Core/Src/hardControl.o
                0x00000000080030c8                hcGetBoardPos
 .text.hcSetScanPos
                0x0000000008003100       0x48 ./Core/Src/hardControl.o
                0x0000000008003100                hcSetScanPos
 .text.hcGetScanPos
                0x0000000008003148       0x38 ./Core/Src/hardControl.o
                0x0000000008003148                hcGetScanPos
 .text.hcSetLinearSpeed
                0x0000000008003180       0x78 ./Core/Src/hardControl.o
                0x0000000008003180                hcSetLinearSpeed
 .text.hcSetRotationSpeed
                0x00000000080031f8       0x38 ./Core/Src/hardControl.o
                0x00000000080031f8                hcSetRotationSpeed
 .text.hcIsMoving
                0x0000000008003230       0x5c ./Core/Src/hardControl.o
                0x0000000008003230                hcIsMoving
 .text.hcGetPos
                0x000000000800328c       0x5e ./Core/Src/hardControl.o
                0x000000000800328c                hcGetPos
 *fill*         0x00000000080032ea        0x2 
 .text.hcSetAccel
                0x00000000080032ec       0xc0 ./Core/Src/hardControl.o
                0x00000000080032ec                hcSetAccel
 .text.hcGetAccel
                0x00000000080033ac       0x58 ./Core/Src/hardControl.o
                0x00000000080033ac                hcGetAccel
 .text.hcSetSpeed
                0x0000000008003404       0xc0 ./Core/Src/hardControl.o
                0x0000000008003404                hcSetSpeed
 .text.hcGetSpeed
                0x00000000080034c4       0x58 ./Core/Src/hardControl.o
                0x00000000080034c4                hcGetSpeed
 .text.hcSetStepmm
                0x000000000800351c       0xb0 ./Core/Src/hardControl.o
                0x000000000800351c                hcSetStepmm
 .text.hcGetStepmm
                0x00000000080035cc       0x4a ./Core/Src/hardControl.o
                0x00000000080035cc                hcGetStepmm
 *fill*         0x0000000008003616        0x2 
 .text.hcMove   0x0000000008003618      0x44c ./Core/Src/hardControl.o
                0x0000000008003618                hcMove
 .text.hcStop   0x0000000008003a64       0x54 ./Core/Src/hardControl.o
                0x0000000008003a64                hcStop
 .text.LL_I2C_Enable
                0x0000000008003ab8       0x20 ./Core/Src/i2c.o
 .text.LL_I2C_Disable
                0x0000000008003ad8       0x20 ./Core/Src/i2c.o
 .text.LL_I2C_EnableClockStretching
                0x0000000008003af8       0x20 ./Core/Src/i2c.o
 .text.LL_I2C_DisableGeneralCall
                0x0000000008003b18       0x20 ./Core/Src/i2c.o
 .text.LL_I2C_SetOwnAddress2
                0x0000000008003b38       0x30 ./Core/Src/i2c.o
 .text.LL_I2C_DisableOwnAddress2
                0x0000000008003b68       0x20 ./Core/Src/i2c.o
 .text.LL_I2C_IsActiveFlag_TXE
                0x0000000008003b88       0x26 ./Core/Src/i2c.o
 .text.LL_I2C_IsActiveFlag_TXIS
                0x0000000008003bae       0x26 ./Core/Src/i2c.o
 .text.LL_I2C_IsActiveFlag_RXNE
                0x0000000008003bd4       0x26 ./Core/Src/i2c.o
 .text.LL_I2C_IsActiveFlag_BUSY
                0x0000000008003bfa       0x28 ./Core/Src/i2c.o
 .text.LL_I2C_EnableAutoEndMode
                0x0000000008003c22       0x20 ./Core/Src/i2c.o
 .text.LL_I2C_SetTransferSize
                0x0000000008003c42       0x28 ./Core/Src/i2c.o
 .text.LL_I2C_GenerateStartCondition
                0x0000000008003c6a       0x20 ./Core/Src/i2c.o
 .text.LL_I2C_SetTransferRequest
                0x0000000008003c8a       0x26 ./Core/Src/i2c.o
 .text.LL_I2C_SetSlaveAddr
                0x0000000008003cb0       0x2a ./Core/Src/i2c.o
 .text.LL_I2C_ReceiveData8
                0x0000000008003cda       0x1a ./Core/Src/i2c.o
 .text.LL_I2C_TransmitData8
                0x0000000008003cf4       0x1e ./Core/Src/i2c.o
 *fill*         0x0000000008003d12        0x2 
 .text.LL_AHB2_GRP1_EnableClock
                0x0000000008003d14       0x30 ./Core/Src/i2c.o
 .text.LL_APB1_GRP1_EnableClock
                0x0000000008003d44       0x30 ./Core/Src/i2c.o
 .text.I2CWrite
                0x0000000008003d74       0xb4 ./Core/Src/i2c.o
                0x0000000008003d74                I2CWrite
 .text.I2CRead  0x0000000008003e28       0xbc ./Core/Src/i2c.o
                0x0000000008003e28                I2CRead
 .text.I2CReadF
                0x0000000008003ee4       0x2c ./Core/Src/i2c.o
                0x0000000008003ee4                I2CReadF
 .text.I2CWriteF
                0x0000000008003f10       0x2e ./Core/Src/i2c.o
                0x0000000008003f10                I2CWriteF
 *fill*         0x0000000008003f3e        0x2 
 .text.myI2Cinit
                0x0000000008003f40       0x20 ./Core/Src/i2c.o
                0x0000000008003f40                myI2Cinit
 .text.MX_I2C2_Init
                0x0000000008003f60       0xe4 ./Core/Src/i2c.o
                0x0000000008003f60                MX_I2C2_Init
 .text.MX_I2C3_Init
                0x0000000008004044       0xe0 ./Core/Src/i2c.o
                0x0000000008004044                MX_I2C3_Init
 .text.LL_SPI_TransmitData8
                0x0000000008004124       0x24 ./Core/Src/ioext.o
 .text.LL_GPIO_SetPinMode
                0x0000000008004148       0x5e ./Core/Src/ioext.o
 .text.LL_GPIO_SetOutputPin
                0x00000000080041a6       0x1c ./Core/Src/ioext.o
 .text.LL_GPIO_ResetOutputPin
                0x00000000080041c2       0x1c ./Core/Src/ioext.o
 *fill*         0x00000000080041de        0x2 
 .text.updateIo
                0x00000000080041e0       0xc4 ./Core/Src/ioext.o
                0x00000000080041e0                updateIo
 .text.initExtIo
                0x00000000080042a4       0x3c ./Core/Src/ioext.o
                0x00000000080042a4                initExtIo
 .text.driverEnable
                0x00000000080042e0       0xac ./Core/Src/ioext.o
                0x00000000080042e0                driverEnable
 .text.driverDisable
                0x000000000800438c       0xa4 ./Core/Src/ioext.o
                0x000000000800438c                driverDisable
 .text.driverResetOff
                0x0000000008004430       0xa4 ./Core/Src/ioext.o
                0x0000000008004430                driverResetOff
 .text.setStepDiv
                0x00000000080044d4       0x8c ./Core/Src/ioext.o
                0x00000000080044d4                setStepDiv
 .text.driverDir
                0x0000000008004560       0xde ./Core/Src/ioext.o
                0x0000000008004560                driverDir
 *fill*         0x000000000800463e        0x2 
 .text.setDecayMode
                0x0000000008004640       0xa8 ./Core/Src/ioext.o
                0x0000000008004640                setDecayMode
 .text.LL_RCC_HSI_Enable
                0x00000000080046e8       0x20 ./Core/Src/main.o
 .text.LL_RCC_HSI_IsReady
                0x0000000008004708       0x28 ./Core/Src/main.o
 .text.LL_RCC_HSI_SetCalibTrimming
                0x0000000008004730       0x2c ./Core/Src/main.o
 .text.LL_RCC_SetSysClkSource
                0x000000000800475c       0x28 ./Core/Src/main.o
 .text.LL_RCC_GetSysClkSource
                0x0000000008004784       0x1c ./Core/Src/main.o
 .text.LL_RCC_SetAHBPrescaler
                0x00000000080047a0       0x28 ./Core/Src/main.o
 .text.LL_RCC_SetAPB1Prescaler
                0x00000000080047c8       0x28 ./Core/Src/main.o
 .text.LL_RCC_SetAPB2Prescaler
                0x00000000080047f0       0x28 ./Core/Src/main.o
 .text.LL_RCC_SetUSARTClockSource
                0x0000000008004818       0x34 ./Core/Src/main.o
 .text.LL_RCC_SetI2CClockSource
                0x000000000800484c       0x50 ./Core/Src/main.o
 .text.LL_RCC_PLL_Enable
                0x000000000800489c       0x20 ./Core/Src/main.o
 .text.LL_RCC_PLL_IsReady
                0x00000000080048bc       0x28 ./Core/Src/main.o
 .text.LL_RCC_PLL_ConfigDomain_SYS
                0x00000000080048e4       0x40 ./Core/Src/main.o
 .text.LL_RCC_PLL_EnableDomain_SYS
                0x0000000008004924       0x20 ./Core/Src/main.o
 .text.LL_FLASH_SetLatency
                0x0000000008004944       0x28 ./Core/Src/main.o
 .text.LL_PWR_EnableRange1BoostMode
                0x000000000800496c       0x24 ./Core/Src/main.o
 .text.LL_GPIO_SetOutputPin
                0x0000000008004990       0x1c ./Core/Src/main.o
 .text.main     0x00000000080049ac       0x68 ./Core/Src/main.o
                0x00000000080049ac                main
 .text.SystemClock_Config
                0x0000000008004a14       0xd4 ./Core/Src/main.o
                0x0000000008004a14                SystemClock_Config
 .text.Error_Handler
                0x0000000008004ae8        0xe ./Core/Src/main.o
                0x0000000008004ae8                Error_Handler
 *fill*         0x0000000008004af6        0x2 
 .text.PAPcomputeTIMvalue
                0x0000000008004af8       0x50 ./Core/Src/motor.o
                0x0000000008004af8                PAPcomputeTIMvalue
 .text.PAPinit  0x0000000008004b48       0x80 ./Core/Src/motor.o
                0x0000000008004b48                PAPinit
 .text.PAPaccelControl
                0x0000000008004bc8      0x120 ./Core/Src/motor.o
                0x0000000008004bc8                PAPaccelControl
 .text.PAPaccelRampCalc
                0x0000000008004ce8       0x70 ./Core/Src/motor.o
                0x0000000008004ce8                PAPaccelRampCalc
 .text.PAPsetDir
                0x0000000008004d58       0x2c ./Core/Src/motor.o
                0x0000000008004d58                PAPsetDir
 .text.PAPmoveRequest
                0x0000000008004d84       0xf8 ./Core/Src/motor.o
                0x0000000008004d84                PAPmoveRequest
 .text.LL_GPIO_SetOutputPin
                0x0000000008004e7c       0x1c ./Core/Src/option.o
 .text.LL_GPIO_ResetOutputPin
                0x0000000008004e98       0x1c ./Core/Src/option.o
 .text.flashWriteQ31
                0x0000000008004eb4       0xa8 ./Core/Src/option.o
                0x0000000008004eb4                flashWriteQ31
 .text.chkSumCalc
                0x0000000008004f5c       0x40 ./Core/Src/option.o
                0x0000000008004f5c                chkSumCalc
 .text.optWriteFlash
                0x0000000008004f9c      0x1ac ./Core/Src/option.o
                0x0000000008004f9c                optWriteFlash
 .text.optWriteDefalut
                0x0000000008005148       0xcc ./Core/Src/option.o
                0x0000000008005148                optWriteDefalut
 .text.optReadFlash
                0x0000000008005214      0x1d0 ./Core/Src/option.o
                0x0000000008005214                optReadFlash
 .text.LL_AHB2_GRP1_EnableClock
                0x00000000080053e4       0x30 ./Core/Src/spi.o
 .text.LL_APB2_GRP1_EnableClock
                0x0000000008005414       0x30 ./Core/Src/spi.o
 .text.LL_SPI_SetStandard
                0x0000000008005444       0x26 ./Core/Src/spi.o
 .text.LL_SPI_DisableNSSPulseMgt
                0x000000000800546a       0x20 ./Core/Src/spi.o
 *fill*         0x000000000800548a        0x2 
 .text.mySpiInit
                0x000000000800548c       0x20 ./Core/Src/spi.o
                0x000000000800548c                mySpiInit
 .text.MX_SPI1_Init
                0x00000000080054ac       0xd0 ./Core/Src/spi.o
                0x00000000080054ac                MX_SPI1_Init
 .text.LL_PWR_DisableUCPDDeadBattery
                0x000000000800557c       0x20 ./Core/Src/stm32g4xx_hal_msp.o
 .text.HAL_MspInit
                0x000000000800559c       0x48 ./Core/Src/stm32g4xx_hal_msp.o
                0x000000000800559c                HAL_MspInit
 .text.LL_TIM_ClearFlag_UPDATE
                0x00000000080055e4       0x1c ./Core/Src/stm32g4xx_it.o
 .text.LL_GPIO_SetOutputPin
                0x0000000008005600       0x1c ./Core/Src/stm32g4xx_it.o
 .text.LL_GPIO_ResetOutputPin
                0x000000000800561c       0x1c ./Core/Src/stm32g4xx_it.o
 .text.NMI_Handler
                0x0000000008005638        0xe ./Core/Src/stm32g4xx_it.o
                0x0000000008005638                NMI_Handler
 .text.HardFault_Handler
                0x0000000008005646        0x6 ./Core/Src/stm32g4xx_it.o
                0x0000000008005646                HardFault_Handler
 .text.MemManage_Handler
                0x000000000800564c        0x6 ./Core/Src/stm32g4xx_it.o
                0x000000000800564c                MemManage_Handler
 .text.BusFault_Handler
                0x0000000008005652        0x6 ./Core/Src/stm32g4xx_it.o
                0x0000000008005652                BusFault_Handler
 .text.UsageFault_Handler
                0x0000000008005658        0x6 ./Core/Src/stm32g4xx_it.o
                0x0000000008005658                UsageFault_Handler
 .text.SVC_Handler
                0x000000000800565e        0xe ./Core/Src/stm32g4xx_it.o
                0x000000000800565e                SVC_Handler
 .text.DebugMon_Handler
                0x000000000800566c        0xe ./Core/Src/stm32g4xx_it.o
                0x000000000800566c                DebugMon_Handler
 .text.PendSV_Handler
                0x000000000800567a        0xe ./Core/Src/stm32g4xx_it.o
                0x000000000800567a                PendSV_Handler
 .text.SysTick_Handler
                0x0000000008005688        0xc ./Core/Src/stm32g4xx_it.o
                0x0000000008005688                SysTick_Handler
 .text.DMA1_Channel1_IRQHandler
                0x0000000008005694        0xe ./Core/Src/stm32g4xx_it.o
                0x0000000008005694                DMA1_Channel1_IRQHandler
 *fill*         0x00000000080056a2        0x2 
 .text.TIM2_IRQHandler
                0x00000000080056a4       0x88 ./Core/Src/stm32g4xx_it.o
                0x00000000080056a4                TIM2_IRQHandler
 .text.TIM3_IRQHandler
                0x000000000800572c       0x8c ./Core/Src/stm32g4xx_it.o
                0x000000000800572c                TIM3_IRQHandler
 .text.TIM4_IRQHandler
                0x00000000080057b8       0x8c ./Core/Src/stm32g4xx_it.o
                0x00000000080057b8                TIM4_IRQHandler
 .text.USART1_IRQHandler
                0x0000000008005844      0x104 ./Core/Src/stm32g4xx_it.o
                0x0000000008005844                USART1_IRQHandler
 .text.TIM5_IRQHandler
                0x0000000008005948       0x8c ./Core/Src/stm32g4xx_it.o
                0x0000000008005948                TIM5_IRQHandler
 .text.TIM6_DAC_IRQHandler
                0x00000000080059d4       0xa0 ./Core/Src/stm32g4xx_it.o
                0x00000000080059d4                TIM6_DAC_IRQHandler
 .text._getpid  0x0000000008005a74       0x10 ./Core/Src/syscalls.o
                0x0000000008005a74                _getpid
 .text._kill    0x0000000008005a84       0x20 ./Core/Src/syscalls.o
                0x0000000008005a84                _kill
 .text._exit    0x0000000008005aa4       0x14 ./Core/Src/syscalls.o
                0x0000000008005aa4                _exit
 .text._read    0x0000000008005ab8       0x3a ./Core/Src/syscalls.o
                0x0000000008005ab8                _read
 .text._write   0x0000000008005af2       0x38 ./Core/Src/syscalls.o
                0x0000000008005af2                _write
 .text._close   0x0000000008005b2a       0x18 ./Core/Src/syscalls.o
                0x0000000008005b2a                _close
 .text._fstat   0x0000000008005b42       0x20 ./Core/Src/syscalls.o
                0x0000000008005b42                _fstat
 .text._isatty  0x0000000008005b62       0x16 ./Core/Src/syscalls.o
                0x0000000008005b62                _isatty
 .text._lseek   0x0000000008005b78       0x1a ./Core/Src/syscalls.o
                0x0000000008005b78                _lseek
 *fill*         0x0000000008005b92        0x2 
 .text._sbrk    0x0000000008005b94       0x58 ./Core/Src/sysmem.o
                0x0000000008005b94                _sbrk
 .text.SystemInit
                0x0000000008005bec       0x2c ./Core/Src/system_stm32g4xx.o
                0x0000000008005bec                SystemInit
 .text.__NVIC_GetPriorityGrouping
                0x0000000008005c18       0x1c ./Core/Src/tim.o
 .text.__NVIC_EnableIRQ
                0x0000000008005c34       0x3c ./Core/Src/tim.o
 .text.__NVIC_SetPriority
                0x0000000008005c70       0x54 ./Core/Src/tim.o
 .text.NVIC_EncodePriority
                0x0000000008005cc4       0x66 ./Core/Src/tim.o
 *fill*         0x0000000008005d2a        0x2 
 .text.LL_AHB2_GRP1_EnableClock
                0x0000000008005d2c       0x30 ./Core/Src/tim.o
 .text.LL_APB1_GRP1_EnableClock
                0x0000000008005d5c       0x30 ./Core/Src/tim.o
 .text.LL_TIM_EnableARRPreload
                0x0000000008005d8c       0x20 ./Core/Src/tim.o
 .text.LL_TIM_OC_EnableFast
                0x0000000008005dac       0xa8 ./Core/Src/tim.o
 .text.LL_TIM_OC_EnablePreload
                0x0000000008005e54       0xa8 ./Core/Src/tim.o
 .text.LL_TIM_DisableExternalClock
                0x0000000008005efc       0x20 ./Core/Src/tim.o
 .text.LL_TIM_SetClockSource
                0x0000000008005f1c       0x2a ./Core/Src/tim.o
 .text.LL_TIM_SetTriggerOutput
                0x0000000008005f46       0x2a ./Core/Src/tim.o
 .text.LL_TIM_DisableMasterSlaveMode
                0x0000000008005f70       0x20 ./Core/Src/tim.o
 .text.LL_TIM_ConfigETR
                0x0000000008005f90       0x32 ./Core/Src/tim.o
 .text.LL_TIM_SetOCRefClearInputSource
                0x0000000008005fc2       0x3e ./Core/Src/tim.o
 .text.delay_us
                0x0000000008006000       0x64 ./Core/Src/tim.o
                0x0000000008006000                delay_us
 .text.delay_ms
                0x0000000008006064       0x68 ./Core/Src/tim.o
                0x0000000008006064                delay_ms
 .text.myInitTIM
                0x00000000080060cc      0x19c ./Core/Src/tim.o
                0x00000000080060cc                myInitTIM
 .text.MX_TIM2_Init
                0x0000000008006268      0x12a ./Core/Src/tim.o
                0x0000000008006268                MX_TIM2_Init
 *fill*         0x0000000008006392        0x2 
 .text.MX_TIM3_Init
                0x0000000008006394      0x118 ./Core/Src/tim.o
                0x0000000008006394                MX_TIM3_Init
 .text.MX_TIM4_Init
                0x00000000080064ac      0x11c ./Core/Src/tim.o
                0x00000000080064ac                MX_TIM4_Init
 .text.MX_TIM5_Init
                0x00000000080065c8      0x11c ./Core/Src/tim.o
                0x00000000080065c8                MX_TIM5_Init
 .text.MX_TIM6_Init
                0x00000000080066e4       0x74 ./Core/Src/tim.o
                0x00000000080066e4                MX_TIM6_Init
 .text.MX_TIM7_Init
                0x0000000008006758       0x7c ./Core/Src/tim.o
                0x0000000008006758                MX_TIM7_Init
 .text.HAL_TIM_Base_MspInit
                0x00000000080067d4       0x40 ./Core/Src/tim.o
                0x00000000080067d4                HAL_TIM_Base_MspInit
 .text.__NVIC_GetPriorityGrouping
                0x0000000008006814       0x1c ./Core/Src/usart.o
 .text.__NVIC_EnableIRQ
                0x0000000008006830       0x3c ./Core/Src/usart.o
 .text.__NVIC_SetPriority
                0x000000000800686c       0x54 ./Core/Src/usart.o
 .text.NVIC_EncodePriority
                0x00000000080068c0       0x66 ./Core/Src/usart.o
 *fill*         0x0000000008006926        0x2 
 .text.LL_DMA_SetDataTransferDirection
                0x0000000008006928       0x50 ./Core/Src/usart.o
 .text.LL_DMA_SetMode
                0x0000000008006978       0x4c ./Core/Src/usart.o
 .text.LL_DMA_SetPeriphIncMode
                0x00000000080069c4       0x4c ./Core/Src/usart.o
 .text.LL_DMA_SetMemoryIncMode
                0x0000000008006a10       0x4c ./Core/Src/usart.o
 .text.LL_DMA_SetPeriphSize
                0x0000000008006a5c       0x4c ./Core/Src/usart.o
 .text.LL_DMA_SetMemorySize
                0x0000000008006aa8       0x4c ./Core/Src/usart.o
 .text.LL_DMA_SetChannelPriorityLevel
                0x0000000008006af4       0x4c ./Core/Src/usart.o
 .text.LL_DMA_SetPeriphRequest
                0x0000000008006b40       0x54 ./Core/Src/usart.o
 .text.LL_AHB2_GRP1_EnableClock
                0x0000000008006b94       0x30 ./Core/Src/usart.o
 .text.LL_APB2_GRP1_EnableClock
                0x0000000008006bc4       0x30 ./Core/Src/usart.o
 .text.LL_USART_Enable
                0x0000000008006bf4       0x20 ./Core/Src/usart.o
 .text.LL_USART_DisableFIFO
                0x0000000008006c14       0x20 ./Core/Src/usart.o
 .text.LL_USART_SetTXFIFOThreshold
                0x0000000008006c34       0x28 ./Core/Src/usart.o
 .text.LL_USART_SetRXFIFOThreshold
                0x0000000008006c5c       0x28 ./Core/Src/usart.o
 .text.LL_USART_ConfigAsyncMode
                0x0000000008006c84       0x2c ./Core/Src/usart.o
 .text.LL_USART_IsActiveFlag_TEACK
                0x0000000008006cb0       0x28 ./Core/Src/usart.o
 .text.LL_USART_IsActiveFlag_REACK
                0x0000000008006cd8       0x28 ./Core/Src/usart.o
 .text.myUsartInit
                0x0000000008006d00       0x84 ./Core/Src/usart.o
                0x0000000008006d00                myUsartInit
 .text.MX_USART1_UART_Init
                0x0000000008006d84      0x16c ./Core/Src/usart.o
                0x0000000008006d84                MX_USART1_UART_Init
 .text.Reset_Handler
                0x0000000008006ef0       0x50 ./Core/Startup/startup_stm32g474rbtx.o
                0x0000000008006ef0                Reset_Handler
 .text.Default_Handler
                0x0000000008006f40        0x2 ./Core/Startup/startup_stm32g474rbtx.o
                0x0000000008006f40                RTC_Alarm_IRQHandler
                0x0000000008006f40                EXTI2_IRQHandler
                0x0000000008006f40                TIM8_TRG_COM_IRQHandler
                0x0000000008006f40                TIM8_CC_IRQHandler
                0x0000000008006f40                HRTIM1_Master_IRQHandler
                0x0000000008006f40                SPI4_IRQHandler
                0x0000000008006f40                FDCAN3_IT0_IRQHandler
                0x0000000008006f40                TIM1_CC_IRQHandler
                0x0000000008006f40                HRTIM1_FLT_IRQHandler
                0x0000000008006f40                HRTIM1_TIMF_IRQHandler
                0x0000000008006f40                USB_HP_IRQHandler
                0x0000000008006f40                CORDIC_IRQHandler
                0x0000000008006f40                HRTIM1_TIMD_IRQHandler
                0x0000000008006f40                DMA2_Channel8_IRQHandler
                0x0000000008006f40                EXTI3_IRQHandler
                0x0000000008006f40                I2C3_ER_IRQHandler
                0x0000000008006f40                EXTI0_IRQHandler
                0x0000000008006f40                I2C2_EV_IRQHandler
                0x0000000008006f40                FPU_IRQHandler
                0x0000000008006f40                FDCAN1_IT1_IRQHandler
                0x0000000008006f40                TIM1_UP_TIM16_IRQHandler
                0x0000000008006f40                ADC1_2_IRQHandler
                0x0000000008006f40                HRTIM1_TIME_IRQHandler
                0x0000000008006f40                SPI1_IRQHandler
                0x0000000008006f40                HRTIM1_TIMC_IRQHandler
                0x0000000008006f40                TIM8_UP_IRQHandler
                0x0000000008006f40                DMA2_Channel2_IRQHandler
                0x0000000008006f40                DMA1_Channel4_IRQHandler
                0x0000000008006f40                TIM20_TRG_COM_IRQHandler
                0x0000000008006f40                USART3_IRQHandler
                0x0000000008006f40                DMA1_Channel7_IRQHandler
                0x0000000008006f40                UART5_IRQHandler
                0x0000000008006f40                ADC3_IRQHandler
                0x0000000008006f40                DMA2_Channel1_IRQHandler
                0x0000000008006f40                QUADSPI_IRQHandler
                0x0000000008006f40                I2C1_EV_IRQHandler
                0x0000000008006f40                DMA1_Channel6_IRQHandler
                0x0000000008006f40                UART4_IRQHandler
                0x0000000008006f40                DMA2_Channel4_IRQHandler
                0x0000000008006f40                RCC_IRQHandler
                0x0000000008006f40                TIM20_UP_IRQHandler
                0x0000000008006f40                Default_Handler
                0x0000000008006f40                DMA2_Channel7_IRQHandler
                0x0000000008006f40                RTC_TAMP_LSECSS_IRQHandler
                0x0000000008006f40                FMAC_IRQHandler
                0x0000000008006f40                EXTI15_10_IRQHandler
                0x0000000008006f40                DMA1_Channel8_IRQHandler
                0x0000000008006f40                HRTIM1_TIMA_IRQHandler
                0x0000000008006f40                TIM7_DAC_IRQHandler
                0x0000000008006f40                FDCAN3_IT1_IRQHandler
                0x0000000008006f40                UCPD1_IRQHandler
                0x0000000008006f40                I2C3_EV_IRQHandler
                0x0000000008006f40                EXTI9_5_IRQHandler
                0x0000000008006f40                RTC_WKUP_IRQHandler
                0x0000000008006f40                PVD_PVM_IRQHandler
                0x0000000008006f40                SPI2_IRQHandler
                0x0000000008006f40                ADC5_IRQHandler
                0x0000000008006f40                DMA2_Channel5_IRQHandler
                0x0000000008006f40                CRS_IRQHandler
                0x0000000008006f40                DMA1_Channel5_IRQHandler
                0x0000000008006f40                USB_LP_IRQHandler
                0x0000000008006f40                EXTI4_IRQHandler
                0x0000000008006f40                RNG_IRQHandler
                0x0000000008006f40                HRTIM1_TIMB_IRQHandler
                0x0000000008006f40                TIM1_TRG_COM_TIM17_IRQHandler
                0x0000000008006f40                FDCAN2_IT1_IRQHandler
                0x0000000008006f40                DMA1_Channel3_IRQHandler
                0x0000000008006f40                ADC4_IRQHandler
                0x0000000008006f40                WWDG_IRQHandler
                0x0000000008006f40                I2C4_EV_IRQHandler
                0x0000000008006f40                FDCAN2_IT0_IRQHandler
                0x0000000008006f40                LPUART1_IRQHandler
                0x0000000008006f40                DMA2_Channel6_IRQHandler
                0x0000000008006f40                FDCAN1_IT0_IRQHandler
                0x0000000008006f40                COMP7_IRQHandler
                0x0000000008006f40                COMP1_2_3_IRQHandler
                0x0000000008006f40                EXTI1_IRQHandler
                0x0000000008006f40                USART2_IRQHandler
                0x0000000008006f40                COMP4_5_6_IRQHandler
                0x0000000008006f40                TIM20_BRK_IRQHandler
                0x0000000008006f40                I2C2_ER_IRQHandler
                0x0000000008006f40                DMA1_Channel2_IRQHandler
                0x0000000008006f40                TIM8_BRK_IRQHandler
                0x0000000008006f40                FLASH_IRQHandler
                0x0000000008006f40                TIM20_CC_IRQHandler
                0x0000000008006f40                SPI3_IRQHandler
                0x0000000008006f40                I2C1_ER_IRQHandler
                0x0000000008006f40                FMC_IRQHandler
                0x0000000008006f40                LPTIM1_IRQHandler
                0x0000000008006f40                DMAMUX_OVR_IRQHandler
                0x0000000008006f40                I2C4_ER_IRQHandler
                0x0000000008006f40                USBWakeUp_IRQHandler
                0x0000000008006f40                SAI1_IRQHandler
                0x0000000008006f40                DMA2_Channel3_IRQHandler
                0x0000000008006f40                TIM1_BRK_TIM15_IRQHandler
 .text.HAL_Init
                0x0000000008006f42       0x30 ./Drivers/STM32G4xx_HAL_Driver/Src/stm32g4xx_hal.o
                0x0000000008006f42                HAL_Init
 *fill*         0x0000000008006f72        0x2 
 .text.HAL_InitTick
                0x0000000008006f74       0x74 ./Drivers/STM32G4xx_HAL_Driver/Src/stm32g4xx_hal.o
                0x0000000008006f74                HAL_InitTick
 .text.HAL_IncTick
                0x0000000008006fe8       0x24 ./Drivers/STM32G4xx_HAL_Driver/Src/stm32g4xx_hal.o
                0x0000000008006fe8                HAL_IncTick
 .text.HAL_GetTick
                0x000000000800700c       0x18 ./Drivers/STM32G4xx_HAL_Driver/Src/stm32g4xx_hal.o
                0x000000000800700c                HAL_GetTick
 .text.__NVIC_SetPriorityGrouping
                0x0000000008007024       0x48 ./Drivers/STM32G4xx_HAL_Driver/Src/stm32g4xx_hal_cortex.o
 .text.__NVIC_GetPriorityGrouping
                0x000000000800706c       0x1c ./Drivers/STM32G4xx_HAL_Driver/Src/stm32g4xx_hal_cortex.o
 .text.__NVIC_SetPriority
                0x0000000008007088       0x54 ./Drivers/STM32G4xx_HAL_Driver/Src/stm32g4xx_hal_cortex.o
 .text.NVIC_EncodePriority
                0x00000000080070dc       0x66 ./Drivers/STM32G4xx_HAL_Driver/Src/stm32g4xx_hal_cortex.o
 *fill*         0x0000000008007142        0x2 
 .text.SysTick_Config
                0x0000000008007144       0x44 ./Drivers/STM32G4xx_HAL_Driver/Src/stm32g4xx_hal_cortex.o
 .text.HAL_NVIC_SetPriorityGrouping
                0x0000000008007188       0x16 ./Drivers/STM32G4xx_HAL_Driver/Src/stm32g4xx_hal_cortex.o
                0x0000000008007188                HAL_NVIC_SetPriorityGrouping
 .text.HAL_NVIC_SetPriority
                0x000000000800719e       0x34 ./Drivers/STM32G4xx_HAL_Driver/Src/stm32g4xx_hal_cortex.o
                0x000000000800719e                HAL_NVIC_SetPriority
 .text.HAL_SYSTICK_Config
                0x00000000080071d2       0x18 ./Drivers/STM32G4xx_HAL_Driver/Src/stm32g4xx_hal_cortex.o
                0x00000000080071d2                HAL_SYSTICK_Config
 *fill*         0x00000000080071ea        0x2 
 .text.HAL_FLASH_Program
                0x00000000080071ec       0xac ./Drivers/STM32G4xx_HAL_Driver/Src/stm32g4xx_hal_flash.o
                0x00000000080071ec                HAL_FLASH_Program
 .text.HAL_FLASH_Unlock
                0x0000000008007298       0x44 ./Drivers/STM32G4xx_HAL_Driver/Src/stm32g4xx_hal_flash.o
                0x0000000008007298                HAL_FLASH_Unlock
 .text.HAL_FLASH_Lock
                0x00000000080072dc       0x34 ./Drivers/STM32G4xx_HAL_Driver/Src/stm32g4xx_hal_flash.o
                0x00000000080072dc                HAL_FLASH_Lock
 .text.FLASH_WaitForLastOperation
                0x0000000008007310       0xa8 ./Drivers/STM32G4xx_HAL_Driver/Src/stm32g4xx_hal_flash.o
                0x0000000008007310                FLASH_WaitForLastOperation
 .text.FLASH_Program_DoubleWord
                0x00000000080073b8       0x4c ./Drivers/STM32G4xx_HAL_Driver/Src/stm32g4xx_hal_flash.o
 .text.FLASH_Program_Fast
                0x0000000008007404       0x6c ./Drivers/STM32G4xx_HAL_Driver/Src/stm32g4xx_hal_flash.o
 .text.HAL_FLASHEx_Erase
                0x0000000008007470      0x144 ./Drivers/STM32G4xx_HAL_Driver/Src/stm32g4xx_hal_flash_ex.o
                0x0000000008007470                HAL_FLASHEx_Erase
 .text.FLASH_MassErase
                0x00000000080075b4       0x70 ./Drivers/STM32G4xx_HAL_Driver/Src/stm32g4xx_hal_flash_ex.o
 .text.FLASH_PageErase
                0x0000000008007624       0x88 ./Drivers/STM32G4xx_HAL_Driver/Src/stm32g4xx_hal_flash_ex.o
                0x0000000008007624                FLASH_PageErase
 .text.FLASH_FlushCaches
                0x00000000080076ac       0x88 ./Drivers/STM32G4xx_HAL_Driver/Src/stm32g4xx_hal_flash_ex.o
                0x00000000080076ac                FLASH_FlushCaches
 .text.HAL_GPIO_Init
                0x0000000008007734      0x304 ./Drivers/STM32G4xx_HAL_Driver/Src/stm32g4xx_hal_gpio.o
                0x0000000008007734                HAL_GPIO_Init
 .text.HAL_GPIO_WritePin
                0x0000000008007a38       0x30 ./Drivers/STM32G4xx_HAL_Driver/Src/stm32g4xx_hal_gpio.o
                0x0000000008007a38                HAL_GPIO_WritePin
 .text.HAL_TIM_Base_Init
                0x0000000008007a68       0xae ./Drivers/STM32G4xx_HAL_Driver/Src/stm32g4xx_hal_tim.o
                0x0000000008007a68                HAL_TIM_Base_Init
 .text.HAL_TIM_OnePulse_Init
                0x0000000008007b16       0xa0 ./Drivers/STM32G4xx_HAL_Driver/Src/stm32g4xx_hal_tim.o
                0x0000000008007b16                HAL_TIM_OnePulse_Init
 .text.HAL_TIM_OnePulse_MspInit
                0x0000000008007bb6       0x14 ./Drivers/STM32G4xx_HAL_Driver/Src/stm32g4xx_hal_tim.o
                0x0000000008007bb6                HAL_TIM_OnePulse_MspInit
 *fill*         0x0000000008007bca        0x2 
 .text.TIM_Base_SetConfig
                0x0000000008007bcc      0x150 ./Drivers/STM32G4xx_HAL_Driver/Src/stm32g4xx_hal_tim.o
                0x0000000008007bcc                TIM_Base_SetConfig
 .text.HAL_TIMEx_MasterConfigSynchronization
                0x0000000008007d1c      0x12c ./Drivers/STM32G4xx_HAL_Driver/Src/stm32g4xx_hal_tim_ex.o
                0x0000000008007d1c                HAL_TIMEx_MasterConfigSynchronization
 .text.LL_GPIO_SetPinMode
                0x0000000008007e48       0x5e ./Drivers/STM32G4xx_HAL_Driver/Src/stm32g4xx_ll_gpio.o
 .text.LL_GPIO_SetPinOutputType
                0x0000000008007ea6       0x30 ./Drivers/STM32G4xx_HAL_Driver/Src/stm32g4xx_ll_gpio.o
 .text.LL_GPIO_SetPinSpeed
                0x0000000008007ed6       0x5e ./Drivers/STM32G4xx_HAL_Driver/Src/stm32g4xx_ll_gpio.o
 .text.LL_GPIO_SetPinPull
                0x0000000008007f34       0x5e ./Drivers/STM32G4xx_HAL_Driver/Src/stm32g4xx_ll_gpio.o
 .text.LL_GPIO_SetAFPin_0_7
                0x0000000008007f92       0x5e ./Drivers/STM32G4xx_HAL_Driver/Src/stm32g4xx_ll_gpio.o
 .text.LL_GPIO_SetAFPin_8_15
                0x0000000008007ff0       0x62 ./Drivers/STM32G4xx_HAL_Driver/Src/stm32g4xx_ll_gpio.o
 .text.LL_GPIO_Init
                0x0000000008008052       0xde ./Drivers/STM32G4xx_HAL_Driver/Src/stm32g4xx_ll_gpio.o
                0x0000000008008052                LL_GPIO_Init
 .text.LL_I2C_Enable
                0x0000000008008130       0x20 ./Drivers/STM32G4xx_HAL_Driver/Src/stm32g4xx_ll_i2c.o
 .text.LL_I2C_Disable
                0x0000000008008150       0x20 ./Drivers/STM32G4xx_HAL_Driver/Src/stm32g4xx_ll_i2c.o
 .text.LL_I2C_ConfigFilters
                0x0000000008008170       0x2e ./Drivers/STM32G4xx_HAL_Driver/Src/stm32g4xx_ll_i2c.o
 .text.LL_I2C_SetOwnAddress1
                0x000000000800819e       0x30 ./Drivers/STM32G4xx_HAL_Driver/Src/stm32g4xx_ll_i2c.o
 .text.LL_I2C_EnableOwnAddress1
                0x00000000080081ce       0x20 ./Drivers/STM32G4xx_HAL_Driver/Src/stm32g4xx_ll_i2c.o
 .text.LL_I2C_DisableOwnAddress1
                0x00000000080081ee       0x20 ./Drivers/STM32G4xx_HAL_Driver/Src/stm32g4xx_ll_i2c.o
 .text.LL_I2C_SetTiming
                0x000000000800820e       0x1c ./Drivers/STM32G4xx_HAL_Driver/Src/stm32g4xx_ll_i2c.o
 .text.LL_I2C_SetMode
                0x000000000800822a       0x26 ./Drivers/STM32G4xx_HAL_Driver/Src/stm32g4xx_ll_i2c.o
 .text.LL_I2C_AcknowledgeNextData
                0x0000000008008250       0x26 ./Drivers/STM32G4xx_HAL_Driver/Src/stm32g4xx_ll_i2c.o
 .text.LL_I2C_Init
                0x0000000008008276       0x78 ./Drivers/STM32G4xx_HAL_Driver/Src/stm32g4xx_ll_i2c.o
                0x0000000008008276                LL_I2C_Init
 *fill*         0x00000000080082ee        0x2 
 .text.LL_RCC_HSI_IsReady
                0x00000000080082f0       0x28 ./Drivers/STM32G4xx_HAL_Driver/Src/stm32g4xx_ll_rcc.o
 .text.LL_RCC_LSE_IsReady
                0x0000000008008318       0x28 ./Drivers/STM32G4xx_HAL_Driver/Src/stm32g4xx_ll_rcc.o
 .text.LL_RCC_GetSysClkSource
                0x0000000008008340       0x1c ./Drivers/STM32G4xx_HAL_Driver/Src/stm32g4xx_ll_rcc.o
 .text.LL_RCC_GetAHBPrescaler
                0x000000000800835c       0x1c ./Drivers/STM32G4xx_HAL_Driver/Src/stm32g4xx_ll_rcc.o
 .text.LL_RCC_GetAPB1Prescaler
                0x0000000008008378       0x1c ./Drivers/STM32G4xx_HAL_Driver/Src/stm32g4xx_ll_rcc.o
 .text.LL_RCC_GetAPB2Prescaler
                0x0000000008008394       0x1c ./Drivers/STM32G4xx_HAL_Driver/Src/stm32g4xx_ll_rcc.o
 .text.LL_RCC_GetUSARTClockSource
                0x00000000080083b0       0x28 ./Drivers/STM32G4xx_HAL_Driver/Src/stm32g4xx_ll_rcc.o
 .text.LL_RCC_GetUARTClockSource
                0x00000000080083d8       0x28 ./Drivers/STM32G4xx_HAL_Driver/Src/stm32g4xx_ll_rcc.o
 .text.LL_RCC_PLL_GetMainSource
                0x0000000008008400       0x1c ./Drivers/STM32G4xx_HAL_Driver/Src/stm32g4xx_ll_rcc.o
 .text.LL_RCC_PLL_GetN
                0x000000000800841c       0x1c ./Drivers/STM32G4xx_HAL_Driver/Src/stm32g4xx_ll_rcc.o
 .text.LL_RCC_PLL_GetR
                0x0000000008008438       0x1c ./Drivers/STM32G4xx_HAL_Driver/Src/stm32g4xx_ll_rcc.o
 .text.LL_RCC_PLL_GetDivider
                0x0000000008008454       0x1c ./Drivers/STM32G4xx_HAL_Driver/Src/stm32g4xx_ll_rcc.o
 .text.LL_RCC_GetUSARTClockFreq
                0x0000000008008470      0x18c ./Drivers/STM32G4xx_HAL_Driver/Src/stm32g4xx_ll_rcc.o
                0x0000000008008470                LL_RCC_GetUSARTClockFreq
 .text.LL_RCC_GetUARTClockFreq
                0x00000000080085fc      0x114 ./Drivers/STM32G4xx_HAL_Driver/Src/stm32g4xx_ll_rcc.o
                0x00000000080085fc                LL_RCC_GetUARTClockFreq
 .text.RCC_GetSystemClockFreq
                0x0000000008008710       0x4c ./Drivers/STM32G4xx_HAL_Driver/Src/stm32g4xx_ll_rcc.o
                0x0000000008008710                RCC_GetSystemClockFreq
 .text.RCC_GetHCLKClockFreq
                0x000000000800875c       0x30 ./Drivers/STM32G4xx_HAL_Driver/Src/stm32g4xx_ll_rcc.o
                0x000000000800875c                RCC_GetHCLKClockFreq
 .text.RCC_GetPCLK1ClockFreq
                0x000000000800878c       0x2c ./Drivers/STM32G4xx_HAL_Driver/Src/stm32g4xx_ll_rcc.o
                0x000000000800878c                RCC_GetPCLK1ClockFreq
 .text.RCC_GetPCLK2ClockFreq
                0x00000000080087b8       0x2c ./Drivers/STM32G4xx_HAL_Driver/Src/stm32g4xx_ll_rcc.o
                0x00000000080087b8                RCC_GetPCLK2ClockFreq
 .text.RCC_PLL_GetFreqDomain_SYS
                0x00000000080087e4       0x68 ./Drivers/STM32G4xx_HAL_Driver/Src/stm32g4xx_ll_rcc.o
                0x00000000080087e4                RCC_PLL_GetFreqDomain_SYS
 .text.LL_SPI_IsEnabled
                0x000000000800884c       0x26 ./Drivers/STM32G4xx_HAL_Driver/Src/stm32g4xx_ll_spi.o
 .text.LL_SPI_SetCRCPolynomial
                0x0000000008008872       0x20 ./Drivers/STM32G4xx_HAL_Driver/Src/stm32g4xx_ll_spi.o
 .text.LL_SPI_Init
                0x0000000008008892       0xa8 ./Drivers/STM32G4xx_HAL_Driver/Src/stm32g4xx_ll_spi.o
                0x0000000008008892                LL_SPI_Init
 .text.LL_TIM_SetPrescaler
                0x000000000800893a       0x1c ./Drivers/STM32G4xx_HAL_Driver/Src/stm32g4xx_ll_tim.o
 .text.LL_TIM_SetAutoReload
                0x0000000008008956       0x1c ./Drivers/STM32G4xx_HAL_Driver/Src/stm32g4xx_ll_tim.o
 .text.LL_TIM_SetRepetitionCounter
                0x0000000008008972       0x1c ./Drivers/STM32G4xx_HAL_Driver/Src/stm32g4xx_ll_tim.o
 .text.LL_TIM_OC_SetCompareCH1
                0x000000000800898e       0x1c ./Drivers/STM32G4xx_HAL_Driver/Src/stm32g4xx_ll_tim.o
 .text.LL_TIM_OC_SetCompareCH2
                0x00000000080089aa       0x1c ./Drivers/STM32G4xx_HAL_Driver/Src/stm32g4xx_ll_tim.o
 .text.LL_TIM_OC_SetCompareCH3
                0x00000000080089c6       0x1c ./Drivers/STM32G4xx_HAL_Driver/Src/stm32g4xx_ll_tim.o
 .text.LL_TIM_OC_SetCompareCH4
                0x00000000080089e2       0x1c ./Drivers/STM32G4xx_HAL_Driver/Src/stm32g4xx_ll_tim.o
 .text.LL_TIM_OC_SetCompareCH5
                0x00000000080089fe       0x20 ./Drivers/STM32G4xx_HAL_Driver/Src/stm32g4xx_ll_tim.o
 .text.LL_TIM_OC_SetCompareCH6
                0x0000000008008a1e       0x1c ./Drivers/STM32G4xx_HAL_Driver/Src/stm32g4xx_ll_tim.o
 .text.LL_TIM_GenerateEvent_UPDATE
                0x0000000008008a3a       0x20 ./Drivers/STM32G4xx_HAL_Driver/Src/stm32g4xx_ll_tim.o
 *fill*         0x0000000008008a5a        0x2 
 .text.LL_TIM_Init
                0x0000000008008a5c      0x144 ./Drivers/STM32G4xx_HAL_Driver/Src/stm32g4xx_ll_tim.o
                0x0000000008008a5c                LL_TIM_Init
 .text.LL_TIM_OC_Init
                0x0000000008008ba0       0xbe ./Drivers/STM32G4xx_HAL_Driver/Src/stm32g4xx_ll_tim.o
                0x0000000008008ba0                LL_TIM_OC_Init
 *fill*         0x0000000008008c5e        0x2 
 .text.OC1Config
                0x0000000008008c60      0x10c ./Drivers/STM32G4xx_HAL_Driver/Src/stm32g4xx_ll_tim.o
 .text.OC2Config
                0x0000000008008d6c      0x114 ./Drivers/STM32G4xx_HAL_Driver/Src/stm32g4xx_ll_tim.o
 .text.OC3Config
                0x0000000008008e80      0x114 ./Drivers/STM32G4xx_HAL_Driver/Src/stm32g4xx_ll_tim.o
 .text.OC4Config
                0x0000000008008f94      0x114 ./Drivers/STM32G4xx_HAL_Driver/Src/stm32g4xx_ll_tim.o
 .text.OC5Config
                0x00000000080090a8       0xd4 ./Drivers/STM32G4xx_HAL_Driver/Src/stm32g4xx_ll_tim.o
 .text.OC6Config
                0x000000000800917c       0xd4 ./Drivers/STM32G4xx_HAL_Driver/Src/stm32g4xx_ll_tim.o
 .text.LL_USART_IsEnabled
                0x0000000008009250       0x26 ./Drivers/STM32G4xx_HAL_Driver/Src/stm32g4xx_ll_usart.o
 .text.LL_USART_SetPrescaler
                0x0000000008009276       0x28 ./Drivers/STM32G4xx_HAL_Driver/Src/stm32g4xx_ll_usart.o
 .text.LL_USART_SetStopBitsLength
                0x000000000800929e       0x26 ./Drivers/STM32G4xx_HAL_Driver/Src/stm32g4xx_ll_usart.o
 .text.LL_USART_SetHWFlowCtrl
                0x00000000080092c4       0x26 ./Drivers/STM32G4xx_HAL_Driver/Src/stm32g4xx_ll_usart.o
 *fill*         0x00000000080092ea        0x2 
 .text.LL_USART_SetBaudRate
                0x00000000080092ec       0x90 ./Drivers/STM32G4xx_HAL_Driver/Src/stm32g4xx_ll_usart.o
 .text.LL_USART_Init
                0x000000000800937c      0x10c ./Drivers/STM32G4xx_HAL_Driver/Src/stm32g4xx_ll_usart.o
                0x000000000800937c                LL_USART_Init
 .text.LL_SetSystemCoreClock
                0x0000000008009488       0x20 ./Drivers/STM32G4xx_HAL_Driver/Src/stm32g4xx_ll_utils.o
                0x0000000008009488                LL_SetSystemCoreClock
 .text.__errno  0x00000000080094a8        0xc c:/st/stm32cubeide_1.8.0/stm32cubeide/plugins/com.st.stm32cube.ide.mcu.externaltools.gnu-tools-for-stm32.9-2020-q2-update.win32_2.0.0.202105311346/tools/bin/../lib/gcc/arm-none-eabi/9.3.1/../../../../arm-none-eabi/lib/thumb/v7e-m+fp/hard\libc_nano.a(lib_a-errno.o)
                0x00000000080094a8                __errno
 .text.__libc_init_array
                0x00000000080094b4       0x48 c:/st/stm32cubeide_1.8.0/stm32cubeide/plugins/com.st.stm32cube.ide.mcu.externaltools.gnu-tools-for-stm32.9-2020-q2-update.win32_2.0.0.202105311346/tools/bin/../lib/gcc/arm-none-eabi/9.3.1/../../../../arm-none-eabi/lib/thumb/v7e-m+fp/hard\libc_nano.a(lib_a-init.o)
                0x00000000080094b4                __libc_init_array
 .text.memcmp   0x00000000080094fc       0x1c c:/st/stm32cubeide_1.8.0/stm32cubeide/plugins/com.st.stm32cube.ide.mcu.externaltools.gnu-tools-for-stm32.9-2020-q2-update.win32_2.0.0.202105311346/tools/bin/../lib/gcc/arm-none-eabi/9.3.1/../../../../arm-none-eabi/lib/thumb/v7e-m+fp/hard\libc_nano.a(lib_a-memcmp.o)
                0x00000000080094fc                memcmp
 .text.memset   0x0000000008009518       0x10 c:/st/stm32cubeide_1.8.0/stm32cubeide/plugins/com.st.stm32cube.ide.mcu.externaltools.gnu-tools-for-stm32.9-2020-q2-update.win32_2.0.0.202105311346/tools/bin/../lib/gcc/arm-none-eabi/9.3.1/../../../../arm-none-eabi/lib/thumb/v7e-m+fp/hard\libc_nano.a(lib_a-memset.o)
                0x0000000008009518                memset
 .text.__cvt    0x0000000008009528       0xc4 c:/st/stm32cubeide_1.8.0/stm32cubeide/plugins/com.st.stm32cube.ide.mcu.externaltools.gnu-tools-for-stm32.9-2020-q2-update.win32_2.0.0.202105311346/tools/bin/../lib/gcc/arm-none-eabi/9.3.1/../../../../arm-none-eabi/lib/thumb/v7e-m+fp/hard\libc_nano.a(lib_a-nano-vfprintf_float.o)
                0x0000000008009528                __cvt
 .text.__exponent
                0x00000000080095ec       0x7c c:/st/stm32cubeide_1.8.0/stm32cubeide/plugins/com.st.stm32cube.ide.mcu.externaltools.gnu-tools-for-stm32.9-2020-q2-update.win32_2.0.0.202105311346/tools/bin/../lib/gcc/arm-none-eabi/9.3.1/../../../../arm-none-eabi/lib/thumb/v7e-m+fp/hard\libc_nano.a(lib_a-nano-vfprintf_float.o)
                0x00000000080095ec                __exponent
 .text._printf_float
                0x0000000008009668      0x46c c:/st/stm32cubeide_1.8.0/stm32cubeide/plugins/com.st.stm32cube.ide.mcu.externaltools.gnu-tools-for-stm32.9-2020-q2-update.win32_2.0.0.202105311346/tools/bin/../lib/gcc/arm-none-eabi/9.3.1/../../../../arm-none-eabi/lib/thumb/v7e-m+fp/hard\libc_nano.a(lib_a-nano-vfprintf_float.o)
                0x0000000008009668                _printf_float
 .text._printf_common
                0x0000000008009ad4       0xda c:/st/stm32cubeide_1.8.0/stm32cubeide/plugins/com.st.stm32cube.ide.mcu.externaltools.gnu-tools-for-stm32.9-2020-q2-update.win32_2.0.0.202105311346/tools/bin/../lib/gcc/arm-none-eabi/9.3.1/../../../../arm-none-eabi/lib/thumb/v7e-m+fp/hard\libc_nano.a(lib_a-nano-vfprintf_i.o)
                0x0000000008009ad4                _printf_common
 *fill*         0x0000000008009bae        0x2 
 .text._printf_i
                0x0000000008009bb0      0x24c c:/st/stm32cubeide_1.8.0/stm32cubeide/plugins/com.st.stm32cube.ide.mcu.externaltools.gnu-tools-for-stm32.9-2020-q2-update.win32_2.0.0.202105311346/tools/bin/../lib/gcc/arm-none-eabi/9.3.1/../../../../arm-none-eabi/lib/thumb/v7e-m+fp/hard\libc_nano.a(lib_a-nano-vfprintf_i.o)
                0x0000000008009bb0                _printf_i
 .text._scanf_float
                0x0000000008009dfc      0x420 c:/st/stm32cubeide_1.8.0/stm32cubeide/plugins/com.st.stm32cube.ide.mcu.externaltools.gnu-tools-for-stm32.9-2020-q2-update.win32_2.0.0.202105311346/tools/bin/../lib/gcc/arm-none-eabi/9.3.1/../../../../arm-none-eabi/lib/thumb/v7e-m+fp/hard\libc_nano.a(lib_a-nano-vfscanf_float.o)
                0x0000000008009dfc                _scanf_float
 .text.nanf     0x000000000800a21c        0xc c:/st/stm32cubeide_1.8.0/stm32cubeide/plugins/com.st.stm32cube.ide.mcu.externaltools.gnu-tools-for-stm32.9-2020-q2-update.win32_2.0.0.202105311346/tools/bin/../lib/gcc/arm-none-eabi/9.3.1/../../../../arm-none-eabi/lib/thumb/v7e-m+fp/hard\libc_nano.a(lib_a-sf_nan.o)
                0x000000000800a21c                nanf
 .text.sprintf  0x000000000800a228       0x40 c:/st/stm32cubeide_1.8.0/stm32cubeide/plugins/com.st.stm32cube.ide.mcu.externaltools.gnu-tools-for-stm32.9-2020-q2-update.win32_2.0.0.202105311346/tools/bin/../lib/gcc/arm-none-eabi/9.3.1/../../../../arm-none-eabi/lib/thumb/v7e-m+fp/hard\libc_nano.a(lib_a-sprintf.o)
                0x000000000800a228                siprintf
                0x000000000800a228                sprintf
 .text.sscanf   0x000000000800a268       0x58 c:/st/stm32cubeide_1.8.0/stm32cubeide/plugins/com.st.stm32cube.ide.mcu.externaltools.gnu-tools-for-stm32.9-2020-q2-update.win32_2.0.0.202105311346/tools/bin/../lib/gcc/arm-none-eabi/9.3.1/../../../../arm-none-eabi/lib/thumb/v7e-m+fp/hard\libc_nano.a(lib_a-sscanf.o)
                0x000000000800a268                siscanf
                0x000000000800a268                sscanf
 .text.__sread  0x000000000800a2c0       0x22 c:/st/stm32cubeide_1.8.0/stm32cubeide/plugins/com.st.stm32cube.ide.mcu.externaltools.gnu-tools-for-stm32.9-2020-q2-update.win32_2.0.0.202105311346/tools/bin/../lib/gcc/arm-none-eabi/9.3.1/../../../../arm-none-eabi/lib/thumb/v7e-m+fp/hard\libc_nano.a(lib_a-stdio.o)
                0x000000000800a2c0                __sread
 .text.__seofread
                0x000000000800a2e2        0x4 c:/st/stm32cubeide_1.8.0/stm32cubeide/plugins/com.st.stm32cube.ide.mcu.externaltools.gnu-tools-for-stm32.9-2020-q2-update.win32_2.0.0.202105311346/tools/bin/../lib/gcc/arm-none-eabi/9.3.1/../../../../arm-none-eabi/lib/thumb/v7e-m+fp/hard\libc_nano.a(lib_a-stdio.o)
                0x000000000800a2e2                __seofread
 .text.__swrite
                0x000000000800a2e6       0x38 c:/st/stm32cubeide_1.8.0/stm32cubeide/plugins/com.st.stm32cube.ide.mcu.externaltools.gnu-tools-for-stm32.9-2020-q2-update.win32_2.0.0.202105311346/tools/bin/../lib/gcc/arm-none-eabi/9.3.1/../../../../arm-none-eabi/lib/thumb/v7e-m+fp/hard\libc_nano.a(lib_a-stdio.o)
                0x000000000800a2e6                __swrite
 .text.__sseek  0x000000000800a31e       0x24 c:/st/stm32cubeide_1.8.0/stm32cubeide/plugins/com.st.stm32cube.ide.mcu.externaltools.gnu-tools-for-stm32.9-2020-q2-update.win32_2.0.0.202105311346/tools/bin/../lib/gcc/arm-none-eabi/9.3.1/../../../../arm-none-eabi/lib/thumb/v7e-m+fp/hard\libc_nano.a(lib_a-stdio.o)
                0x000000000800a31e                __sseek
 .text.__sclose
                0x000000000800a342        0x8 c:/st/stm32cubeide_1.8.0/stm32cubeide/plugins/com.st.stm32cube.ide.mcu.externaltools.gnu-tools-for-stm32.9-2020-q2-update.win32_2.0.0.202105311346/tools/bin/../lib/gcc/arm-none-eabi/9.3.1/../../../../arm-none-eabi/lib/thumb/v7e-m+fp/hard\libc_nano.a(lib_a-stdio.o)
                0x000000000800a342                __sclose
 .text.strcat   0x000000000800a34a       0x1e c:/st/stm32cubeide_1.8.0/stm32cubeide/plugins/com.st.stm32cube.ide.mcu.externaltools.gnu-tools-for-stm32.9-2020-q2-update.win32_2.0.0.202105311346/tools/bin/../lib/gcc/arm-none-eabi/9.3.1/../../../../arm-none-eabi/lib/thumb/v7e-m+fp/hard\libc_nano.a(lib_a-strcat.o)
                0x000000000800a34a                strcat
 .text.strchr   0x000000000800a368       0x1a c:/st/stm32cubeide_1.8.0/stm32cubeide/plugins/com.st.stm32cube.ide.mcu.externaltools.gnu-tools-for-stm32.9-2020-q2-update.win32_2.0.0.202105311346/tools/bin/../lib/gcc/arm-none-eabi/9.3.1/../../../../arm-none-eabi/lib/thumb/v7e-m+fp/hard\libc_nano.a(lib_a-strchr.o)
                0x000000000800a368                strchr
 .text.sulp     0x000000000800a382       0x38 c:/st/stm32cubeide_1.8.0/stm32cubeide/plugins/com.st.stm32cube.ide.mcu.externaltools.gnu-tools-for-stm32.9-2020-q2-update.win32_2.0.0.202105311346/tools/bin/../lib/gcc/arm-none-eabi/9.3.1/../../../../arm-none-eabi/lib/thumb/v7e-m+fp/hard\libc_nano.a(lib_a-strtod.o)
 *fill*         0x000000000800a3ba        0x6 
 .text._strtod_l
                0x000000000800a3c0      0xc14 c:/st/stm32cubeide_1.8.0/stm32cubeide/plugins/com.st.stm32cube.ide.mcu.externaltools.gnu-tools-for-stm32.9-2020-q2-update.win32_2.0.0.202105311346/tools/bin/../lib/gcc/arm-none-eabi/9.3.1/../../../../arm-none-eabi/lib/thumb/v7e-m+fp/hard\libc_nano.a(lib_a-strtod.o)
                0x000000000800a3c0                _strtod_l
 .text._strtod_r
                0x000000000800afd4        0xc c:/st/stm32cubeide_1.8.0/stm32cubeide/plugins/com.st.stm32cube.ide.mcu.externaltools.gnu-tools-for-stm32.9-2020-q2-update.win32_2.0.0.202105311346/tools/bin/../lib/gcc/arm-none-eabi/9.3.1/../../../../arm-none-eabi/lib/thumb/v7e-m+fp/hard\libc_nano.a(lib_a-strtod.o)
                0x000000000800afd4                _strtod_r
 .text._strtol_l.isra.0
                0x000000000800afe0      0x108 c:/st/stm32cubeide_1.8.0/stm32cubeide/plugins/com.st.stm32cube.ide.mcu.externaltools.gnu-tools-for-stm32.9-2020-q2-update.win32_2.0.0.202105311346/tools/bin/../lib/gcc/arm-none-eabi/9.3.1/../../../../arm-none-eabi/lib/thumb/v7e-m+fp/hard\libc_nano.a(lib_a-strtol.o)
 .text._strtol_r
                0x000000000800b0e8        0x4 c:/st/stm32cubeide_1.8.0/stm32cubeide/plugins/com.st.stm32cube.ide.mcu.externaltools.gnu-tools-for-stm32.9-2020-q2-update.win32_2.0.0.202105311346/tools/bin/../lib/gcc/arm-none-eabi/9.3.1/../../../../arm-none-eabi/lib/thumb/v7e-m+fp/hard\libc_nano.a(lib_a-strtol.o)
                0x000000000800b0e8                _strtol_r
 .text._write_r
                0x000000000800b0ec       0x24 c:/st/stm32cubeide_1.8.0/stm32cubeide/plugins/com.st.stm32cube.ide.mcu.externaltools.gnu-tools-for-stm32.9-2020-q2-update.win32_2.0.0.202105311346/tools/bin/../lib/gcc/arm-none-eabi/9.3.1/../../../../arm-none-eabi/lib/thumb/v7e-m+fp/hard\libc_nano.a(lib_a-writer.o)
                0x000000000800b0ec                _write_r
 .text._close_r
                0x000000000800b110       0x20 c:/st/stm32cubeide_1.8.0/stm32cubeide/plugins/com.st.stm32cube.ide.mcu.externaltools.gnu-tools-for-stm32.9-2020-q2-update.win32_2.0.0.202105311346/tools/bin/../lib/gcc/arm-none-eabi/9.3.1/../../../../arm-none-eabi/lib/thumb/v7e-m+fp/hard\libc_nano.a(lib_a-closer.o)
                0x000000000800b110                _close_r
 .text.quorem   0x000000000800b130      0x116 c:/st/stm32cubeide_1.8.0/stm32cubeide/plugins/com.st.stm32cube.ide.mcu.externaltools.gnu-tools-for-stm32.9-2020-q2-update.win32_2.0.0.202105311346/tools/bin/../lib/gcc/arm-none-eabi/9.3.1/../../../../arm-none-eabi/lib/thumb/v7e-m+fp/hard\libc_nano.a(lib_a-dtoa.o)
 *fill*         0x000000000800b246        0x2 
 .text._dtoa_r  0x000000000800b248      0xbd8 c:/st/stm32cubeide_1.8.0/stm32cubeide/plugins/com.st.stm32cube.ide.mcu.externaltools.gnu-tools-for-stm32.9-2020-q2-update.win32_2.0.0.202105311346/tools/bin/../lib/gcc/arm-none-eabi/9.3.1/../../../../arm-none-eabi/lib/thumb/v7e-m+fp/hard\libc_nano.a(lib_a-dtoa.o)
                0x000000000800b248                _dtoa_r
 .text.rshift   0x000000000800be20       0xa4 c:/st/stm32cubeide_1.8.0/stm32cubeide/plugins/com.st.stm32cube.ide.mcu.externaltools.gnu-tools-for-stm32.9-2020-q2-update.win32_2.0.0.202105311346/tools/bin/../lib/gcc/arm-none-eabi/9.3.1/../../../../arm-none-eabi/lib/thumb/v7e-m+fp/hard\libc_nano.a(lib_a-gdtoa-gethex.o)
 .text.__hexdig_fun
                0x000000000800bec4       0x2a c:/st/stm32cubeide_1.8.0/stm32cubeide/plugins/com.st.stm32cube.ide.mcu.externaltools.gnu-tools-for-stm32.9-2020-q2-update.win32_2.0.0.202105311346/tools/bin/../lib/gcc/arm-none-eabi/9.3.1/../../../../arm-none-eabi/lib/thumb/v7e-m+fp/hard\libc_nano.a(lib_a-gdtoa-gethex.o)
                0x000000000800bec4                __hexdig_fun
 *fill*         0x000000000800beee        0x2 
 .text.__gethex
                0x000000000800bef0      0x48c c:/st/stm32cubeide_1.8.0/stm32cubeide/plugins/com.st.stm32cube.ide.mcu.externaltools.gnu-tools-for-stm32.9-2020-q2-update.win32_2.0.0.202105311346/tools/bin/../lib/gcc/arm-none-eabi/9.3.1/../../../../arm-none-eabi/lib/thumb/v7e-m+fp/hard\libc_nano.a(lib_a-gdtoa-gethex.o)
                0x000000000800bef0                __gethex
 .text.L_shift  0x000000000800c37c       0x24 c:/st/stm32cubeide_1.8.0/stm32cubeide/plugins/com.st.stm32cube.ide.mcu.externaltools.gnu-tools-for-stm32.9-2020-q2-update.win32_2.0.0.202105311346/tools/bin/../lib/gcc/arm-none-eabi/9.3.1/../../../../arm-none-eabi/lib/thumb/v7e-m+fp/hard\libc_nano.a(lib_a-gdtoa-hexnan.o)
 .text.__match  0x000000000800c3a0       0x28 c:/st/stm32cubeide_1.8.0/stm32cubeide/plugins/com.st.stm32cube.ide.mcu.externaltools.gnu-tools-for-stm32.9-2020-q2-update.win32_2.0.0.202105311346/tools/bin/../lib/gcc/arm-none-eabi/9.3.1/../../../../arm-none-eabi/lib/thumb/v7e-m+fp/hard\libc_nano.a(lib_a-gdtoa-hexnan.o)
                0x000000000800c3a0                __match
 .text.__hexnan
                0x000000000800c3c8      0x138 c:/st/stm32cubeide_1.8.0/stm32cubeide/plugins/com.st.stm32cube.ide.mcu.externaltools.gnu-tools-for-stm32.9-2020-q2-update.win32_2.0.0.202105311346/tools/bin/../lib/gcc/arm-none-eabi/9.3.1/../../../../arm-none-eabi/lib/thumb/v7e-m+fp/hard\libc_nano.a(lib_a-gdtoa-hexnan.o)
                0x000000000800c3c8                __hexnan
 .text._localeconv_r
                0x000000000800c500        0x8 c:/st/stm32cubeide_1.8.0/stm32cubeide/plugins/com.st.stm32cube.ide.mcu.externaltools.gnu-tools-for-stm32.9-2020-q2-update.win32_2.0.0.202105311346/tools/bin/../lib/gcc/arm-none-eabi/9.3.1/../../../../arm-none-eabi/lib/thumb/v7e-m+fp/hard\libc_nano.a(lib_a-localeconv.o)
                0x000000000800c500                _localeconv_r
 .text._lseek_r
                0x000000000800c508       0x24 c:/st/stm32cubeide_1.8.0/stm32cubeide/plugins/com.st.stm32cube.ide.mcu.externaltools.gnu-tools-for-stm32.9-2020-q2-update.win32_2.0.0.202105311346/tools/bin/../lib/gcc/arm-none-eabi/9.3.1/../../../../arm-none-eabi/lib/thumb/v7e-m+fp/hard\libc_nano.a(lib_a-lseekr.o)
                0x000000000800c508                _lseek_r
 .text.malloc   0x000000000800c52c       0x10 c:/st/stm32cubeide_1.8.0/stm32cubeide/plugins/com.st.stm32cube.ide.mcu.externaltools.gnu-tools-for-stm32.9-2020-q2-update.win32_2.0.0.202105311346/tools/bin/../lib/gcc/arm-none-eabi/9.3.1/../../../../arm-none-eabi/lib/thumb/v7e-m+fp/hard\libc_nano.a(lib_a-malloc.o)
                0x000000000800c52c                malloc
 .text.__ascii_mbtowc
                0x000000000800c53c       0x24 c:/st/stm32cubeide_1.8.0/stm32cubeide/plugins/com.st.stm32cube.ide.mcu.externaltools.gnu-tools-for-stm32.9-2020-q2-update.win32_2.0.0.202105311346/tools/bin/../lib/gcc/arm-none-eabi/9.3.1/../../../../arm-none-eabi/lib/thumb/v7e-m+fp/hard\libc_nano.a(lib_a-mbtowc_r.o)
                0x000000000800c53c                __ascii_mbtowc
 .text.memcpy   0x000000000800c560       0x1c c:/st/stm32cubeide_1.8.0/stm32cubeide/plugins/com.st.stm32cube.ide.mcu.externaltools.gnu-tools-for-stm32.9-2020-q2-update.win32_2.0.0.202105311346/tools/bin/../lib/gcc/arm-none-eabi/9.3.1/../../../../arm-none-eabi/lib/thumb/v7e-m+fp/hard\libc_nano.a(lib_a-memcpy-stub.o)
                0x000000000800c560                memcpy
 .text._Balloc  0x000000000800c57c       0x80 c:/st/stm32cubeide_1.8.0/stm32cubeide/plugins/com.st.stm32cube.ide.mcu.externaltools.gnu-tools-for-stm32.9-2020-q2-update.win32_2.0.0.202105311346/tools/bin/../lib/gcc/arm-none-eabi/9.3.1/../../../../arm-none-eabi/lib/thumb/v7e-m+fp/hard\libc_nano.a(lib_a-mprec.o)
                0x000000000800c57c                _Balloc
 .text._Bfree   0x000000000800c5fc       0x44 c:/st/stm32cubeide_1.8.0/stm32cubeide/plugins/com.st.stm32cube.ide.mcu.externaltools.gnu-tools-for-stm32.9-2020-q2-update.win32_2.0.0.202105311346/tools/bin/../lib/gcc/arm-none-eabi/9.3.1/../../../../arm-none-eabi/lib/thumb/v7e-m+fp/hard\libc_nano.a(lib_a-mprec.o)
                0x000000000800c5fc                _Bfree
 .text.__multadd
                0x000000000800c640       0x94 c:/st/stm32cubeide_1.8.0/stm32cubeide/plugins/com.st.stm32cube.ide.mcu.externaltools.gnu-tools-for-stm32.9-2020-q2-update.win32_2.0.0.202105311346/tools/bin/../lib/gcc/arm-none-eabi/9.3.1/../../../../arm-none-eabi/lib/thumb/v7e-m+fp/hard\libc_nano.a(lib_a-mprec.o)
                0x000000000800c640                __multadd
 .text.__s2b    0x000000000800c6d4       0x94 c:/st/stm32cubeide_1.8.0/stm32cubeide/plugins/com.st.stm32cube.ide.mcu.externaltools.gnu-tools-for-stm32.9-2020-q2-update.win32_2.0.0.202105311346/tools/bin/../lib/gcc/arm-none-eabi/9.3.1/../../../../arm-none-eabi/lib/thumb/v7e-m+fp/hard\libc_nano.a(lib_a-mprec.o)
                0x000000000800c6d4                __s2b
 .text.__hi0bits
                0x000000000800c768       0x40 c:/st/stm32cubeide_1.8.0/stm32cubeide/plugins/com.st.stm32cube.ide.mcu.externaltools.gnu-tools-for-stm32.9-2020-q2-update.win32_2.0.0.202105311346/tools/bin/../lib/gcc/arm-none-eabi/9.3.1/../../../../arm-none-eabi/lib/thumb/v7e-m+fp/hard\libc_nano.a(lib_a-mprec.o)
                0x000000000800c768                __hi0bits
 .text.__lo0bits
                0x000000000800c7a8       0x60 c:/st/stm32cubeide_1.8.0/stm32cubeide/plugins/com.st.stm32cube.ide.mcu.externaltools.gnu-tools-for-stm32.9-2020-q2-update.win32_2.0.0.202105311346/tools/bin/../lib/gcc/arm-none-eabi/9.3.1/../../../../arm-none-eabi/lib/thumb/v7e-m+fp/hard\libc_nano.a(lib_a-mprec.o)
                0x000000000800c7a8                __lo0bits
 .text.__i2b    0x000000000800c808       0x2c c:/st/stm32cubeide_1.8.0/stm32cubeide/plugins/com.st.stm32cube.ide.mcu.externaltools.gnu-tools-for-stm32.9-2020-q2-update.win32_2.0.0.202105311346/tools/bin/../lib/gcc/arm-none-eabi/9.3.1/../../../../arm-none-eabi/lib/thumb/v7e-m+fp/hard\libc_nano.a(lib_a-mprec.o)
                0x000000000800c808                __i2b
 .text.__multiply
                0x000000000800c834      0x14c c:/st/stm32cubeide_1.8.0/stm32cubeide/plugins/com.st.stm32cube.ide.mcu.externaltools.gnu-tools-for-stm32.9-2020-q2-update.win32_2.0.0.202105311346/tools/bin/../lib/gcc/arm-none-eabi/9.3.1/../../../../arm-none-eabi/lib/thumb/v7e-m+fp/hard\libc_nano.a(lib_a-mprec.o)
                0x000000000800c834                __multiply
 .text.__pow5mult
                0x000000000800c980       0xb4 c:/st/stm32cubeide_1.8.0/stm32cubeide/plugins/com.st.stm32cube.ide.mcu.externaltools.gnu-tools-for-stm32.9-2020-q2-update.win32_2.0.0.202105311346/tools/bin/../lib/gcc/arm-none-eabi/9.3.1/../../../../arm-none-eabi/lib/thumb/v7e-m+fp/hard\libc_nano.a(lib_a-mprec.o)
                0x000000000800c980                __pow5mult
 .text.__lshift
                0x000000000800ca34       0xd8 c:/st/stm32cubeide_1.8.0/stm32cubeide/plugins/com.st.stm32cube.ide.mcu.externaltools.gnu-tools-for-stm32.9-2020-q2-update.win32_2.0.0.202105311346/tools/bin/../lib/gcc/arm-none-eabi/9.3.1/../../../../arm-none-eabi/lib/thumb/v7e-m+fp/hard\libc_nano.a(lib_a-mprec.o)
                0x000000000800ca34                __lshift
 .text.__mcmp   0x000000000800cb0c       0x38 c:/st/stm32cubeide_1.8.0/stm32cubeide/plugins/com.st.stm32cube.ide.mcu.externaltools.gnu-tools-for-stm32.9-2020-q2-update.win32_2.0.0.202105311346/tools/bin/../lib/gcc/arm-none-eabi/9.3.1/../../../../arm-none-eabi/lib/thumb/v7e-m+fp/hard\libc_nano.a(lib_a-mprec.o)
                0x000000000800cb0c                __mcmp
 .text.__mdiff  0x000000000800cb44      0x110 c:/st/stm32cubeide_1.8.0/stm32cubeide/plugins/com.st.stm32cube.ide.mcu.externaltools.gnu-tools-for-stm32.9-2020-q2-update.win32_2.0.0.202105311346/tools/bin/../lib/gcc/arm-none-eabi/9.3.1/../../../../arm-none-eabi/lib/thumb/v7e-m+fp/hard\libc_nano.a(lib_a-mprec.o)
                0x000000000800cb44                __mdiff
 .text.__ulp    0x000000000800cc54       0x58 c:/st/stm32cubeide_1.8.0/stm32cubeide/plugins/com.st.stm32cube.ide.mcu.externaltools.gnu-tools-for-stm32.9-2020-q2-update.win32_2.0.0.202105311346/tools/bin/../lib/gcc/arm-none-eabi/9.3.1/../../../../arm-none-eabi/lib/thumb/v7e-m+fp/hard\libc_nano.a(lib_a-mprec.o)
                0x000000000800cc54                __ulp
 .text.__b2d    0x000000000800ccac       0xa0 c:/st/stm32cubeide_1.8.0/stm32cubeide/plugins/com.st.stm32cube.ide.mcu.externaltools.gnu-tools-for-stm32.9-2020-q2-update.win32_2.0.0.202105311346/tools/bin/../lib/gcc/arm-none-eabi/9.3.1/../../../../arm-none-eabi/lib/thumb/v7e-m+fp/hard\libc_nano.a(lib_a-mprec.o)
                0x000000000800ccac                __b2d
 .text.__d2b    0x000000000800cd4c       0xb8 c:/st/stm32cubeide_1.8.0/stm32cubeide/plugins/com.st.stm32cube.ide.mcu.externaltools.gnu-tools-for-stm32.9-2020-q2-update.win32_2.0.0.202105311346/tools/bin/../lib/gcc/arm-none-eabi/9.3.1/../../../../arm-none-eabi/lib/thumb/v7e-m+fp/hard\libc_nano.a(lib_a-mprec.o)
                0x000000000800cd4c                __d2b
 .text.__ratio  0x000000000800ce04       0x66 c:/st/stm32cubeide_1.8.0/stm32cubeide/plugins/com.st.stm32cube.ide.mcu.externaltools.gnu-tools-for-stm32.9-2020-q2-update.win32_2.0.0.202105311346/tools/bin/../lib/gcc/arm-none-eabi/9.3.1/../../../../arm-none-eabi/lib/thumb/v7e-m+fp/hard\libc_nano.a(lib_a-mprec.o)
                0x000000000800ce04                __ratio
 .text.__copybits
                0x000000000800ce6a       0x46 c:/st/stm32cubeide_1.8.0/stm32cubeide/plugins/com.st.stm32cube.ide.mcu.externaltools.gnu-tools-for-stm32.9-2020-q2-update.win32_2.0.0.202105311346/tools/bin/../lib/gcc/arm-none-eabi/9.3.1/../../../../arm-none-eabi/lib/thumb/v7e-m+fp/hard\libc_nano.a(lib_a-mprec.o)
                0x000000000800ce6a                __copybits
 .text.__any_on
                0x000000000800ceb0       0x42 c:/st/stm32cubeide_1.8.0/stm32cubeide/plugins/com.st.stm32cube.ide.mcu.externaltools.gnu-tools-for-stm32.9-2020-q2-update.win32_2.0.0.202105311346/tools/bin/../lib/gcc/arm-none-eabi/9.3.1/../../../../arm-none-eabi/lib/thumb/v7e-m+fp/hard\libc_nano.a(lib_a-mprec.o)
                0x000000000800ceb0                __any_on
 .text._calloc_r
                0x000000000800cef2       0x1e c:/st/stm32cubeide_1.8.0/stm32cubeide/plugins/com.st.stm32cube.ide.mcu.externaltools.gnu-tools-for-stm32.9-2020-q2-update.win32_2.0.0.202105311346/tools/bin/../lib/gcc/arm-none-eabi/9.3.1/../../../../arm-none-eabi/lib/thumb/v7e-m+fp/hard\libc_nano.a(lib_a-nano-callocr.o)
                0x000000000800cef2                _calloc_r
 .text._free_r  0x000000000800cf10       0xa0 c:/st/stm32cubeide_1.8.0/stm32cubeide/plugins/com.st.stm32cube.ide.mcu.externaltools.gnu-tools-for-stm32.9-2020-q2-update.win32_2.0.0.202105311346/tools/bin/../lib/gcc/arm-none-eabi/9.3.1/../../../../arm-none-eabi/lib/thumb/v7e-m+fp/hard\libc_nano.a(lib_a-nano-freer.o)
                0x000000000800cf10                _free_r
 .text._malloc_r
                0x000000000800cfb0       0xb4 c:/st/stm32cubeide_1.8.0/stm32cubeide/plugins/com.st.stm32cube.ide.mcu.externaltools.gnu-tools-for-stm32.9-2020-q2-update.win32_2.0.0.202105311346/tools/bin/../lib/gcc/arm-none-eabi/9.3.1/../../../../arm-none-eabi/lib/thumb/v7e-m+fp/hard\libc_nano.a(lib_a-nano-mallocr.o)
                0x000000000800cfb0                _malloc_r
 .text.__ssputs_r
                0x000000000800d064       0xb6 c:/st/stm32cubeide_1.8.0/stm32cubeide/plugins/com.st.stm32cube.ide.mcu.externaltools.gnu-tools-for-stm32.9-2020-q2-update.win32_2.0.0.202105311346/tools/bin/../lib/gcc/arm-none-eabi/9.3.1/../../../../arm-none-eabi/lib/thumb/v7e-m+fp/hard\libc_nano.a(lib_a-nano-svfprintf.o)
                0x000000000800d064                __ssputs_r
 *fill*         0x000000000800d11a        0x2 
 .text._svfprintf_r
                0x000000000800d11c      0x200 c:/st/stm32cubeide_1.8.0/stm32cubeide/plugins/com.st.stm32cube.ide.mcu.externaltools.gnu-tools-for-stm32.9-2020-q2-update.win32_2.0.0.202105311346/tools/bin/../lib/gcc/arm-none-eabi/9.3.1/../../../../arm-none-eabi/lib/thumb/v7e-m+fp/hard\libc_nano.a(lib_a-nano-svfprintf.o)
                0x000000000800d11c                _svfiprintf_r
                0x000000000800d11c                _svfprintf_r
 .text._sungetc_r
                0x000000000800d31c       0x7a c:/st/stm32cubeide_1.8.0/stm32cubeide/plugins/com.st.stm32cube.ide.mcu.externaltools.gnu-tools-for-stm32.9-2020-q2-update.win32_2.0.0.202105311346/tools/bin/../lib/gcc/arm-none-eabi/9.3.1/../../../../arm-none-eabi/lib/thumb/v7e-m+fp/hard\libc_nano.a(lib_a-nano-svfscanf.o)
                0x000000000800d31c                _sungetc_r
 .text.__ssrefill_r
                0x000000000800d396       0x3a c:/st/stm32cubeide_1.8.0/stm32cubeide/plugins/com.st.stm32cube.ide.mcu.externaltools.gnu-tools-for-stm32.9-2020-q2-update.win32_2.0.0.202105311346/tools/bin/../lib/gcc/arm-none-eabi/9.3.1/../../../../arm-none-eabi/lib/thumb/v7e-m+fp/hard\libc_nano.a(lib_a-nano-svfscanf.o)
                0x000000000800d396                __ssrefill_r
 .text.__ssvfscanf_r
                0x000000000800d3d0      0x2f0 c:/st/stm32cubeide_1.8.0/stm32cubeide/plugins/com.st.stm32cube.ide.mcu.externaltools.gnu-tools-for-stm32.9-2020-q2-update.win32_2.0.0.202105311346/tools/bin/../lib/gcc/arm-none-eabi/9.3.1/../../../../arm-none-eabi/lib/thumb/v7e-m+fp/hard\libc_nano.a(lib_a-nano-svfscanf.o)
                0x000000000800d3d0                __ssvfiscanf_r
                0x000000000800d3d0                __ssvfscanf_r
 .text._scanf_chars
                0x000000000800d6c0       0xb0 c:/st/stm32cubeide_1.8.0/stm32cubeide/plugins/com.st.stm32cube.ide.mcu.externaltools.gnu-tools-for-stm32.9-2020-q2-update.win32_2.0.0.202105311346/tools/bin/../lib/gcc/arm-none-eabi/9.3.1/../../../../arm-none-eabi/lib/thumb/v7e-m+fp/hard\libc_nano.a(lib_a-nano-vfscanf_i.o)
                0x000000000800d6c0                _scanf_chars
 .text._scanf_i
                0x000000000800d770      0x1e8 c:/st/stm32cubeide_1.8.0/stm32cubeide/plugins/com.st.stm32cube.ide.mcu.externaltools.gnu-tools-for-stm32.9-2020-q2-update.win32_2.0.0.202105311346/tools/bin/../lib/gcc/arm-none-eabi/9.3.1/../../../../arm-none-eabi/lib/thumb/v7e-m+fp/hard\libc_nano.a(lib_a-nano-vfscanf_i.o)
                0x000000000800d770                _scanf_i
 .text._read_r  0x000000000800d958       0x24 c:/st/stm32cubeide_1.8.0/stm32cubeide/plugins/com.st.stm32cube.ide.mcu.externaltools.gnu-tools-for-stm32.9-2020-q2-update.win32_2.0.0.202105311346/tools/bin/../lib/gcc/arm-none-eabi/9.3.1/../../../../arm-none-eabi/lib/thumb/v7e-m+fp/hard\libc_nano.a(lib_a-readr.o)
                0x000000000800d958                _read_r
 *fill*         0x000000000800d97c        0x4 
 .text.nan      0x000000000800d980       0x10 c:/st/stm32cubeide_1.8.0/stm32cubeide/plugins/com.st.stm32cube.ide.mcu.externaltools.gnu-tools-for-stm32.9-2020-q2-update.win32_2.0.0.202105311346/tools/bin/../lib/gcc/arm-none-eabi/9.3.1/../../../../arm-none-eabi/lib/thumb/v7e-m+fp/hard\libc_nano.a(lib_a-s_nan.o)
                0x000000000800d980                nan
 .text._sbrk_r  0x000000000800d990       0x20 c:/st/stm32cubeide_1.8.0/stm32cubeide/plugins/com.st.stm32cube.ide.mcu.externaltools.gnu-tools-for-stm32.9-2020-q2-update.win32_2.0.0.202105311346/tools/bin/../lib/gcc/arm-none-eabi/9.3.1/../../../../arm-none-eabi/lib/thumb/v7e-m+fp/hard\libc_nano.a(lib_a-sbrkr.o)
                0x000000000800d990                _sbrk_r