stm32g4xx_ll_gpio.h:895:22:LL_GPIO_SetOutputPin	16	static
stm32g4xx_ll_gpio.h:924:22:LL_GPIO_ResetOutputPin	16	static
gpio.h:113:29:homeXisOn	4	static
gpio.h:122:29:homeYisOn	4	static
gpio.h:131:29:homeZisOn	4	static
gpio.h:140:29:homeTisOn	4	static
hardControl.c:14:6:hcInit	16	static
hardControl.c:28:6:hcSetZHeadOffset	16	static
hardControl.c:32:7:hcGetZHeadOffset	16	static
hardControl.c:40:6:hcFlashSave	16	static
hardControl.c:46:6:setDigitalOutput	24	static
hardControl.c:67:6:resetDigitalOutput	24	static
hardControl.c:87:6:hcSetBoardPos	32	static
hardControl.c:92:6:hcGetBoardPos	16	static
hardControl.c:99:6:hcSetScanPos	32	static
hardControl.c:104:6:hcGetScanPos	16	static
hardControl.c:111:6:hcSetLinearSpeed	40	static
hardControl.c:118:6:hcSetRotationSpeed	24	static
hardControl.c:127:15:hcIsMoving	24	static
hardControl.c:142:6:hcGetPos	24	static
hardControl.c:154:6:hcSetAccel	32	static
hardControl.c:167:6:hcGetAccel	24	static
hardControl.c:178:6:hcSetSpeed	32	static
hardControl.c:187:6:hcGetSpeed	24	static
hardControl.c:199:6:hcSetStepmm	32	static
hardControl.c:208:6:hcGetStepmm	24	static
hardControl.c:286:6:hcMove	88	static
hardControl.c:376:6:hcStop	24	static
