stm32g4xx_ll_i2c.h:429:22:LL_I2C_Enable	16	static
stm32g4xx_ll_i2c.h:443:22:LL_I2C_Disable	16	static
stm32g4xx_ll_i2c.h:644:22:LL_I2C_EnableClockStretching	16	static
stm32g4xx_ll_i2c.h:764:22:LL_I2C_DisableGeneralCall	16	static
stm32g4xx_ll_i2c.h:875:22:LL_I2C_SetOwnAddress2	24	static
stm32g4xx_ll_i2c.h:897:22:LL_I2C_DisableOwnAddress2	16	static
stm32g4xx_ll_i2c.h:1552:26:LL_I2C_IsActiveFlag_TXE	16	static
stm32g4xx_ll_i2c.h:1565:26:LL_I2C_IsActiveFlag_TXIS	16	static
stm32g4xx_ll_i2c.h:1578:26:LL_I2C_IsActiveFlag_RXNE	16	static
stm32g4xx_ll_i2c.h:1630:26:LL_I2C_IsActiveFlag_TC	16	static
stm32g4xx_ll_i2c.h:1879:22:LL_I2C_EnableAutoEndMode	16	static
stm32g4xx_ll_i2c.h:1891:22:LL_I2C_DisableAutoEndMode	16	static
stm32g4xx_ll_i2c.h:1950:22:LL_I2C_SetTransferSize	16	static
stm32g4xx_ll_i2c.h:1990:22:LL_I2C_GenerateStartCondition	16	static
stm32g4xx_ll_i2c.h:2001:22:LL_I2C_GenerateStopCondition	16	static
stm32g4xx_ll_i2c.h:2053:22:LL_I2C_SetTransferRequest	16	static
stm32g4xx_ll_i2c.h:2079:22:LL_I2C_SetSlaveAddr	16	static
stm32g4xx_ll_i2c.h:2218:25:LL_I2C_ReceiveData8	16	static
stm32g4xx_ll_i2c.h:2230:22:LL_I2C_TransmitData8	16	static
stm32g4xx_ll_rcc.h:1584:22:LL_RCC_SetI2CClockSource	24	static
stm32g4xx_ll_bus.h:451:22:LL_AHB2_GRP1_EnableClock	24	static
stm32g4xx_ll_bus.h:913:22:LL_APB1_GRP1_EnableClock	24	static
i2c.c:28:15:I2CWriteWithoutStop	32	static
i2c.c:66:15:I2CWrite	40	static
i2c.c:82:15:I2CSimpleRead	40	static
i2c.c:118:15:I2CRead	40	static
i2c.c:170:15:I2CReadF	32	static
i2c.c:178:15:I2CWriteF	32	static
i2c.c:185:6:myI2Cinit	8	static
i2c.c:200:6:MX_I2C2_Init	64	static
i2c.c:262:6:MX_I2C3_Init	64	static
