stm32g4xx_ll_i2c.h:391:22:LL_I2C_Enable	16	static
stm32g4xx_ll_i2c.h:405:22:LL_I2C_Disable	16	static
stm32g4xx_ll_i2c.h:604:22:LL_I2C_EnableClockStretching	16	static
stm32g4xx_ll_i2c.h:724:22:LL_I2C_DisableGeneralCall	16	static
stm32g4xx_ll_i2c.h:835:22:LL_I2C_SetOwnAddress2	24	static
stm32g4xx_ll_i2c.h:857:22:LL_I2C_DisableOwnAddress2	16	static
stm32g4xx_ll_i2c.h:1511:26:LL_I2C_IsActiveFlag_TXE	16	static
stm32g4xx_ll_i2c.h:1524:26:LL_I2C_IsActiveFlag_TXIS	16	static
stm32g4xx_ll_i2c.h:1537:26:LL_I2C_IsActiveFlag_RXNE	16	static
stm32g4xx_ll_i2c.h:1700:26:LL_I2C_IsActiveFlag_BUSY	16	static
stm32g4xx_ll_i2c.h:1838:22:LL_I2C_EnableAutoEndMode	16	static
stm32g4xx_ll_i2c.h:1909:22:LL_I2C_SetTransferSize	16	static
stm32g4xx_ll_i2c.h:1948:22:LL_I2C_GenerateStartCondition	16	static
stm32g4xx_ll_i2c.h:2010:22:LL_I2C_SetTransferRequest	16	static
stm32g4xx_ll_i2c.h:2036:22:LL_I2C_SetSlaveAddr	16	static
stm32g4xx_ll_i2c.h:2172:25:LL_I2C_ReceiveData8	16	static
stm32g4xx_ll_i2c.h:2184:22:LL_I2C_TransmitData8	16	static
stm32g4xx_ll_bus.h:453:22:LL_AHB2_GRP1_EnableClock	24	static
stm32g4xx_ll_bus.h:915:22:LL_APB1_GRP1_EnableClock	24	static
i2c.c:28:15:I2CWrite	32	static
i2c.c:60:15:I2CRead	48	static
i2c.c:96:15:I2CReadF	32	static
i2c.c:104:15:I2CWriteF	32	static
i2c.c:111:6:myI2Cinit	8	static
i2c.c:122:6:MX_I2C2_Init	64	static
i2c.c:171:6:MX_I2C3_Init	64	static
