IHMctrl.c:43:14:axisIsEna	16	static
IHMctrl.c:48:6:IHMctrlInit	8	static
IHMctrl.c:82:14:getFloatAxisVal	24	static
IHMctrl.c:120:6:sendPos	176	static
IHMctrl.c:131:6:setZHeasRefCommad	32	static
IHMctrl.c:139:6:setScanRefCommad	32	static
IHMctrl.c:147:6:setBoardRefCommad	32	static
IHMctrl.c:155:6:setSpeedCommand	32	static
IHMctrl.c:163:6:setAccelCommand	32	static
IHMctrl.c:170:6:setStepConfCommand	32	static
IHMctrl.c:178:6:homeCommand	16	static
IHMctrl.c:214:6:moveCommand	24	static
IHMctrl.c:247:6:readAccel	176	static
IHMctrl.c:256:6:readStepConf	176	static
IHMctrl.c:265:6:readSpeed	176	static
IHMctrl.c:274:6:readScanRef	160	static
IHMctrl.c:283:6:readBoardRef	160	static
IHMctrl.c:292:6:readZHeadOff	112	static
IHMctrl.c:299:6:sendFeederList	288	static
IHMctrl.c:317:6:getFeederParam	392	static
IHMctrl.c:336:6:setFeederParam	120	static
IHMctrl.c:353:6:flashSaveFeeder	24	static
IHMctrl.c:361:6:feederMove	24	static
IHMctrl.c:369:6:readCommand	16	static
IHMctrl.c:414:6:confCommand	24	static
IHMctrl.c:466:6:Gcommand	32	static
IHMctrl.c:490:6:feederCommand	16	static
IHMctrl.c:514:6:specialCommandCommand	24	static
IHMctrl.c:575:6:externalCom	8	static
IHMctrl.c:594:6:homeFunction	56	static
IHMctrl.c:674:6:printStatus	176	static
IHMctrl.c:684:6:appLoop	8	static
