IHMctrl.c:51:14:axisIsEna	16	static
IHMctrl.c:73:6:IHMctrlInit	8	static
IHMctrl.c:110:14:getFloatAxisVal	24	static
IHMctrl.c:148:6:sendPos	176	static
IHMctrl.c:159:6:setZHeasRefCommad	32	static
IHMctrl.c:167:6:setScanRefCommad	32	static
IHMctrl.c:175:6:setBoardRefCommad	32	static
IHMctrl.c:183:6:setSpeedCommand	32	static
IHMctrl.c:191:6:setAccelCommand	32	static
IHMctrl.c:198:6:setStepConfCommand	32	static
IHMctrl.c:206:6:homeCommand	16	static
IHMctrl.c:242:6:moveCommand	24	static
IHMctrl.c:275:6:readAccel	176	static
IHMctrl.c:284:6:readStepConf	176	static
IHMctrl.c:293:6:readSpeed	176	static
IHMctrl.c:302:6:readScanRef	160	static
IHMctrl.c:311:6:readBoardRef	160	static
IHMctrl.c:320:6:readZHeadOff	112	static
IHMctrl.c:327:6:sendFeederList	288	static
IHMctrl.c:345:6:getFeederParam	392	static
IHMctrl.c:364:6:setFeederParam	120	static
IHMctrl.c:381:6:flashSaveFeeder	24	static
IHMctrl.c:389:6:feederMove	24	static
IHMctrl.c:397:6:readCommand	160	static
IHMctrl.c:477:6:confCommand	24	static
IHMctrl.c:529:6:Gcommand	32	static
IHMctrl.c:553:6:feederCommand	16	static
IHMctrl.c:577:6:specialCommandCommand	24	static
IHMctrl.c:638:6:externalCom	8	static
IHMctrl.c:657:6:scanLine	72	static
IHMctrl.c:685:6:homeFunction	56	static
IHMctrl.c:765:6:printStatus	192	static
IHMctrl.c:776:6:appLoop	8	static
