IHMctrl.c:46:14:axisIsEna	16	static
IHMctrl.c:68:6:IHMctrlInit	8	static
IHMctrl.c:104:14:getFloatAxisVal	24	static
IHMctrl.c:142:6:sendPos	176	static
IHMctrl.c:153:6:setZHeasRefCommad	32	static
IHMctrl.c:161:6:setScanRefCommad	32	static
IHMctrl.c:169:6:setBoardRefCommad	32	static
IHMctrl.c:177:6:setSpeedCommand	32	static
IHMctrl.c:185:6:setAccelCommand	32	static
IHMctrl.c:192:6:setStepConfCommand	32	static
IHMctrl.c:200:6:homeCommand	16	static
IHMctrl.c:236:6:moveCommand	24	static
IHMctrl.c:269:6:readAccel	176	static
IHMctrl.c:278:6:readStepConf	176	static
IHMctrl.c:287:6:readSpeed	176	static
IHMctrl.c:296:6:readScanRef	160	static
IHMctrl.c:305:6:readBoardRef	160	static
IHMctrl.c:314:6:readZHeadOff	112	static
IHMctrl.c:321:6:sendFeederList	288	static
IHMctrl.c:339:6:getFeederParam	392	static
IHMctrl.c:358:6:setFeederParam	120	static
IHMctrl.c:375:6:flashSaveFeeder	24	static
IHMctrl.c:383:6:feederMove	24	static
IHMctrl.c:391:6:readCommand	40	static
IHMctrl.c:444:6:confCommand	24	static
IHMctrl.c:496:6:Gcommand	32	static
IHMctrl.c:520:6:feederCommand	16	static
IHMctrl.c:544:6:specialCommandCommand	24	static
IHMctrl.c:605:6:externalCom	8	static
IHMctrl.c:624:6:homeFunction	56	static
IHMctrl.c:704:6:printStatus	176	static
IHMctrl.c:714:6:appLoop	8	static
