IHMctrl.c:48:14:axisIsEna	16	static
IHMctrl.c:70:6:IHMctrlInit	8	static
IHMctrl.c:107:14:getFloatAxisVal	24	static
IHMctrl.c:145:6:sendPos	176	static
IHMctrl.c:156:6:setZHeasRefCommad	32	static
IHMctrl.c:164:6:setScanRefCommad	32	static
IHMctrl.c:172:6:setBoardRefCommad	32	static
IHMctrl.c:180:6:setSpeedCommand	32	static
IHMctrl.c:188:6:setAccelCommand	32	static
IHMctrl.c:195:6:setStepConfCommand	32	static
IHMctrl.c:203:6:homeCommand	16	static
IHMctrl.c:239:6:moveCommand	24	static
IHMctrl.c:272:6:readAccel	176	static
IHMctrl.c:281:6:readStepConf	176	static
IHMctrl.c:290:6:readSpeed	176	static
IHMctrl.c:299:6:readScanRef	160	static
IHMctrl.c:308:6:readBoardRef	160	static
IHMctrl.c:317:6:readZHeadOff	112	static
IHMctrl.c:324:6:sendFeederList	288	static
IHMctrl.c:342:6:getFeederParam	392	static
IHMctrl.c:361:6:setFeederParam	120	static
IHMctrl.c:378:6:flashSaveFeeder	24	static
IHMctrl.c:386:6:feederMove	24	static
IHMctrl.c:394:6:readCommand	40	static
IHMctrl.c:447:6:confCommand	24	static
IHMctrl.c:499:6:Gcommand	32	static
IHMctrl.c:523:6:feederCommand	16	static
IHMctrl.c:547:6:specialCommandCommand	24	static
IHMctrl.c:608:6:externalCom	8	static
IHMctrl.c:627:6:homeFunction	56	static
IHMctrl.c:707:6:printStatus	192	static
IHMctrl.c:718:6:appLoop	8	static
