stm32g4xx_ll_rcc.h:1005:22:LL_RCC_HSI_Enable	4	static
stm32g4xx_ll_rcc.h:1025:26:LL_RCC_HSI_IsReady	4	static
stm32g4xx_ll_rcc.h:1051:22:LL_RCC_HSI_SetCalibTrimming	16	static
stm32g4xx_ll_rcc.h:1342:22:LL_RCC_SetSysClkSource	16	static
stm32g4xx_ll_rcc.h:1355:26:LL_RCC_GetSysClkSource	4	static
stm32g4xx_ll_rcc.h:1375:22:LL_RCC_SetAHBPrescaler	16	static
stm32g4xx_ll_rcc.h:1391:22:LL_RCC_SetAPB1Prescaler	16	static
stm32g4xx_ll_rcc.h:1407:22:LL_RCC_SetAPB2Prescaler	16	static
stm32g4xx_ll_rcc.h:1523:22:LL_RCC_SetUSARTClockSource	16	static
stm32g4xx_ll_rcc.h:1586:22:LL_RCC_SetI2CClockSource	24	static
stm32g4xx_ll_rcc.h:2055:22:LL_RCC_PLL_Enable	4	static
stm32g4xx_ll_rcc.h:2076:26:LL_RCC_PLL_IsReady	4	static
stm32g4xx_ll_rcc.h:2119:22:LL_RCC_PLL_ConfigDomain_SYS	24	static
stm32g4xx_ll_rcc.h:2428:22:LL_RCC_PLL_EnableDomain_SYS	4	static
stm32g4xx_ll_system.h:1289:22:LL_FLASH_SetLatency	16	static
stm32g4xx_ll_pwr.h:342:22:LL_PWR_EnableRange1BoostMode	4	static
stm32g4xx_ll_gpio.h:895:22:LL_GPIO_SetOutputPin	16	static
main.c:72:5:main	8	static
main.c:142:6:SystemClock_Config	8	static
main.c:200:6:Error_Handler	4	static
