stm32g4xx_ll_rcc.h:1003:22:LL_RCC_HSI_Enable	4	static
stm32g4xx_ll_rcc.h:1023:26:LL_RCC_HSI_IsReady	4	static
stm32g4xx_ll_rcc.h:1049:22:LL_RCC_HSI_SetCalibTrimming	16	static
stm32g4xx_ll_rcc.h:1340:22:LL_RCC_SetSysClkSource	16	static
stm32g4xx_ll_rcc.h:1353:26:LL_RCC_GetSysClkSource	4	static
stm32g4xx_ll_rcc.h:1373:22:LL_RCC_SetAHBPrescaler	16	static
stm32g4xx_ll_rcc.h:1389:22:LL_RCC_SetAPB1Prescaler	16	static
stm32g4xx_ll_rcc.h:1405:22:LL_RCC_SetAPB2Prescaler	16	static
stm32g4xx_ll_rcc.h:2053:22:LL_RCC_PLL_Enable	4	static
stm32g4xx_ll_rcc.h:2074:26:LL_RCC_PLL_IsReady	4	static
stm32g4xx_ll_rcc.h:2117:22:LL_RCC_PLL_ConfigDomain_SYS	24	static
stm32g4xx_ll_rcc.h:2446:22:LL_RCC_PLL_EnableDomain_SYS	4	static
stm32g4xx_ll_system.h:1289:22:LL_FLASH_SetLatency	16	static
stm32g4xx_ll_system.h:1317:26:LL_FLASH_GetLatency	4	static
stm32g4xx_ll_pwr.h:341:22:LL_PWR_EnableRange1BoostMode	4	static
stm32g4xx_ll_gpio.h:894:22:LL_GPIO_SetOutputPin	16	static
main.c:71:5:main	8	static
main.c:141:6:SystemClock_Config	8	static
main.c:196:6:Error_Handler	4	static
