stm32g4xx_ll_tim.h:5447:22:LL_TIM_ClearFlag_UPDATE	16	static
stm32g4xx_ll_gpio.h:894:22:LL_GPIO_SetOutputPin	16	static
stm32g4xx_ll_gpio.h:923:22:LL_GPIO_ResetOutputPin	16	static
stm32g4xx_it.c:77:6:NMI_Handler	4	static
stm32g4xx_it.c:90:6:HardFault_Handler	4	static
stm32g4xx_it.c:105:6:MemManage_Handler	4	static
stm32g4xx_it.c:120:6:BusFault_Handler	4	static
stm32g4xx_it.c:135:6:UsageFault_Handler	4	static
stm32g4xx_it.c:150:6:SVC_Handler	4	static
stm32g4xx_it.c:163:6:DebugMon_Handler	4	static
stm32g4xx_it.c:176:6:PendSV_Handler	4	static
stm32g4xx_it.c:189:6:SysTick_Handler	8	static
stm32g4xx_it.c:210:6:DMA1_Channel1_IRQHandler	4	static
stm32g4xx_it.c:224:6:TIM2_IRQHandler	16	static
stm32g4xx_it.c:241:6:TIM3_IRQHandler	16	static
stm32g4xx_it.c:256:6:TIM4_IRQHandler	16	static
stm32g4xx_it.c:271:6:USART1_IRQHandler	24	static
stm32g4xx_it.c:291:6:TIM5_IRQHandler	16	static
stm32g4xx_it.c:306:6:TIM6_DAC_IRQHandler	24	static
