core_cm4.h:1667:26:__NVIC_GetPriorityGrouping	4	static
core_cm4.h:1679:22:__NVIC_EnableIRQ	16	static,ignoring_inline_asm
core_cm4.h:1809:22:__NVIC_SetPriority	16	static
core_cm4.h:1856:26:NVIC_EncodePriority	40	static
stm32g4xx_ll_dma.h:628:22:LL_DMA_SetDataTransferDirection	32	static
stm32g4xx_ll_dma.h:683:22:LL_DMA_SetMode	32	static
stm32g4xx_ll_dma.h:734:22:LL_DMA_SetPeriphIncMode	32	static
stm32g4xx_ll_dma.h:785:22:LL_DMA_SetMemoryIncMode	32	static
stm32g4xx_ll_dma.h:837:22:LL_DMA_SetPeriphSize	32	static
stm32g4xx_ll_dma.h:890:22:LL_DMA_SetMemorySize	32	static
stm32g4xx_ll_dma.h:944:22:LL_DMA_SetChannelPriorityLevel	32	static
stm32g4xx_ll_dma.h:1406:22:LL_DMA_SetPeriphRequest	32	static
stm32g4xx_ll_rcc.h:1521:22:LL_RCC_SetUSARTClockSource	16	static
stm32g4xx_ll_bus.h:451:22:LL_AHB2_GRP1_EnableClock	24	static
stm32g4xx_ll_bus.h:1427:22:LL_APB2_GRP1_EnableClock	24	static
stm32g4xx_ll_usart.h:628:22:LL_USART_Enable	16	static
stm32g4xx_ll_usart.h:679:22:LL_USART_DisableFIFO	16	static
stm32g4xx_ll_usart.h:712:22:LL_USART_SetTXFIFOThreshold	40	static,ignoring_inline_asm
stm32g4xx_ll_usart.h:751:22:LL_USART_SetRXFIFOThreshold	40	static,ignoring_inline_asm
stm32g4xx_ll_usart.h:2667:22:LL_USART_ConfigAsyncMode	16	static
stm32g4xx_ll_usart.h:3189:26:LL_USART_IsActiveFlag_TEACK	16	static
stm32g4xx_ll_usart.h:3200:26:LL_USART_IsActiveFlag_REACK	16	static
usart.c:24:6:myUsartInit	8	static
usart.c:52:6:usartSendStr	24	static
usart.c:74:6:MX_USART1_UART_Init	64	static
