VCNL40x0.c:28:17:VCNL40x0_Init	16	static
VCNL40x0.c:35:17:VCNL40x0_SetCommandRegister	24	static
VCNL40x0.c:44:17:VCNL40x0_ReadCommandRegister	24	static
VCNL40x0.c:53:17:VCNL40x0_ReadID	24	static
VCNL40x0.c:62:17:VCNL40x0_SetCurrent	24	static
VCNL40x0.c:71:17:VCNL40x0_ReadCurrent	24	static
VCNL40x0.c:80:17:VCNL40x0_SetProximityRate	24	static
VCNL40x0.c:89:17:VCNL40x0_SetAmbiConfiguration	24	static
VCNL40x0.c:98:17:VCNL40x0_SetInterruptControl	24	static
VCNL40x0.c:107:17:VCNL40x0_ReadInterruptControl	24	static
VCNL40x0.c:116:17:VCNL40x0_SetInterruptStatus	24	static
VCNL40x0.c:125:17:VCNL40x0_SetModulatorTimingAdjustment	24	static
VCNL40x0.c:134:17:VCNL40x0_ReadInterruptStatus	24	static
VCNL40x0.c:143:17:VCNL40x0_ReadProxiValue	32	static
VCNL40x0.c:154:17:VCNL40x0_ReadAmbiValue	32	static
VCNL40x0.c:165:17:VCNL40x0_SetLowThreshold	32	static
VCNL40x0.c:181:17:VCNL40x0_SetHighThreshold	32	static
VCNL40x0.c:200:17:VCNL40x0_ReadProxiOnDemand	24	static
VCNL40x0.c:228:17:VCNL40x0_ReadAmbiOnDemand	24	static
